Archive member included because of file (symbol)

C:\Users\ADMIN\AppData\Local\Arduino15\packages\arduino\hardware\sam\1.6.12\variants\arduino_due_x/libsam_sam3x8e_gcc_rel.a(pio.o)
                              c:\Users\ADMIN\Documents\GitHub\linerescue\build\libraries\Wire\Wire.cpp.o (PIO_Configure)
C:\Users\ADMIN\AppData\Local\Arduino15\packages\arduino\hardware\sam\1.6.12\variants\arduino_due_x/libsam_sam3x8e_gcc_rel.a(pmc.o)
                              c:\Users\ADMIN\Documents\GitHub\linerescue\build\libraries\Wire\Wire.cpp.o (pmc_enable_periph_clk)
C:\Users\ADMIN\AppData\Local\Arduino15\packages\arduino\hardware\sam\1.6.12\variants\arduino_due_x/libsam_sam3x8e_gcc_rel.a(twi.o)
                              c:\Users\ADMIN\Documents\GitHub\linerescue\build\libraries\Wire\Wire.cpp.o (TWI_SetClock)
C:\Users\ADMIN\AppData\Local\Arduino15\packages\arduino\hardware\sam\1.6.12\variants\arduino_due_x/libsam_sam3x8e_gcc_rel.a(system_sam3xa.o)
                              c:\Users\ADMIN\Documents\GitHub\linerescue\build\core\variant.cpp.o (SystemInit)
C:\Users\ADMIN\AppData\Local\Arduino15\packages\arduino\hardware\sam\1.6.12\variants\arduino_due_x/libsam_sam3x8e_gcc_rel.a(startup_sam3xa.o)
                              (Reset_Handler)
C:\Users\ADMIN\AppData\Local\Arduino15\packages\arduino\hardware\sam\1.6.12\variants\arduino_due_x/libsam_sam3x8e_gcc_rel.a(adc.o)
                              c:\Users\ADMIN\Documents\GitHub\linerescue\build\core\variant.cpp.o (adc_init)
C:\Users\ADMIN\AppData\Local\Arduino15\packages\arduino\hardware\sam\1.6.12\variants\arduino_due_x/libsam_sam3x8e_gcc_rel.a(uotghs.o)
                              C:\Users\ADMIN\AppData\Local\Arduino15\packages\arduino\hardware\sam\1.6.12\variants\arduino_due_x/libsam_sam3x8e_gcc_rel.a(startup_sam3xa.o) (UOTGHS_Handler)
c:\Users\ADMIN\Documents\GitHub\linerescue\build/core\core.a(Print.cpp.o)
                              c:\Users\ADMIN\Documents\GitHub\linerescue\build\libraries\Wire\Wire.cpp.o (Print::write(unsigned char const*, unsigned int))
c:\Users\ADMIN\Documents\GitHub\linerescue\build/core\core.a(RingBuffer.cpp.o)
                              c:\Users\ADMIN\Documents\GitHub\linerescue\build\core\variant.cpp.o (RingBuffer::RingBuffer())
c:\Users\ADMIN\Documents\GitHub\linerescue\build/core\core.a(UARTClass.cpp.o)
                              c:\Users\ADMIN\Documents\GitHub\linerescue\build\core\variant.cpp.o (UARTClass::available())
c:\Users\ADMIN\Documents\GitHub\linerescue\build/core\core.a(USARTClass.cpp.o)
                              c:\Users\ADMIN\Documents\GitHub\linerescue\build\core\variant.cpp.o (USARTClass::USARTClass(Usart*, IRQn, unsigned long, RingBuffer*, RingBuffer*))
c:\Users\ADMIN\Documents\GitHub\linerescue\build/core\core.a(WInterrupts.c.o)
                              c:\Users\ADMIN\Documents\GitHub\linerescue\build\sketch\encoders.cpp.o (attachInterrupt)
c:\Users\ADMIN\Documents\GitHub\linerescue\build/core\core.a(abi.cpp.o)
                              c:\Users\ADMIN\Documents\GitHub\linerescue\build\libraries\Wire\Wire.cpp.o (__cxa_pure_virtual)
c:\Users\ADMIN\Documents\GitHub\linerescue\build/core\core.a(cortex_handlers.c.o)
                              C:\Users\ADMIN\AppData\Local\Arduino15\packages\arduino\hardware\sam\1.6.12\variants\arduino_due_x/libsam_sam3x8e_gcc_rel.a(startup_sam3xa.o) (NMI_Handler)
c:\Users\ADMIN\Documents\GitHub\linerescue\build/core\core.a(hooks.c.o)
                              c:\Users\ADMIN\Documents\GitHub\linerescue\build/core\core.a(cortex_handlers.c.o) (sysTickHook)
c:\Users\ADMIN\Documents\GitHub\linerescue\build/core\core.a(main.cpp.o)
                              c:/users/admin/appdata/local/arduino15/packages/arduino/tools/arm-none-eabi-gcc/4.8.3-2014q1/bin/../lib/gcc/arm-none-eabi/4.8.3/../../../../arm-none-eabi/lib/armv7-m/crt0.o (main)
c:\Users\ADMIN\Documents\GitHub\linerescue\build/core\core.a(syscalls_sam3.c.o)
                              (_sbrk)
c:\Users\ADMIN\Documents\GitHub\linerescue\build/core\core.a(watchdog.cpp.o)
                              c:\Users\ADMIN\Documents\GitHub\linerescue\build/core\core.a(main.cpp.o) (watchdogSetup())
c:\Users\ADMIN\Documents\GitHub\linerescue\build/core\core.a(wiring.c.o)
                              c:\Users\ADMIN\Documents\GitHub\linerescue\build\sketch\manobras.cpp.o (millis)
c:\Users\ADMIN\Documents\GitHub\linerescue\build/core\core.a(wiring_analog.c.o)
                              c:\Users\ADMIN\Documents\GitHub\linerescue\build\sketch\sensores.cpp.o (analogReadResolution)
c:\Users\ADMIN\Documents\GitHub\linerescue\build/core\core.a(wiring_digital.c.o)
                              c:\Users\ADMIN\Documents\GitHub\linerescue\build\sketch\encoders.cpp.o (pinMode)
c:\Users\ADMIN\Documents\GitHub\linerescue\build/core\core.a(Reset.cpp.o)
                              c:\Users\ADMIN\Documents\GitHub\linerescue\build/core\core.a(cortex_handlers.c.o) (tickReset)
[...]
Memory Configuration

Name             Origin             Length             Attributes
rom              0x00080000         0x00080000         xr
sram0            0x20000000         0x00010000         xrw
sram1            0x20080000         0x00008000         xrw
ram              0x20070000         0x00018000         xrw
*default*        0x00000000         0xffffffff

Linker script and memory map

LOAD c:/users/admin/appdata/local/arduino15/packages/arduino/tools/arm-none-eabi-gcc/4.8.3-2014q1/bin/../lib/gcc/arm-none-eabi/4.8.3/armv7-m/crti.o
LOAD c:/users/admin/appdata/local/arduino15/packages/arduino/tools/arm-none-eabi-gcc/4.8.3-2014q1/bin/../lib/gcc/arm-none-eabi/4.8.3/armv7-m/crtbegin.o
LOAD c:/users/admin/appdata/local/arduino15/packages/arduino/tools/arm-none-eabi-gcc/4.8.3-2014q1/bin/../lib/gcc/arm-none-eabi/4.8.3/../../../../arm-none-eabi/lib/armv7-m/crt0.o
START GROUP
LOAD c:\Users\ADMIN\Documents\GitHub\linerescue\build\sketch\encoders.cpp.o
LOAD c:\Users\ADMIN\Documents\GitHub\linerescue\build\sketch\linerescue.ino.cpp.o
LOAD c:\Users\ADMIN\Documents\GitHub\linerescue\build\sketch\manobras.cpp.o
LOAD c:\Users\ADMIN\Documents\GitHub\linerescue\build\sketch\motores.cpp.o
LOAD c:\Users\ADMIN\Documents\GitHub\linerescue\build\sketch\rgb.cpp.o
LOAD c:\Users\ADMIN\Documents\GitHub\linerescue\build\sketch\seguimento.cpp.o
LOAD c:\Users\ADMIN\Documents\GitHub\linerescue\build\sketch\sensores.cpp.o
LOAD c:\Users\ADMIN\Documents\GitHub\linerescue\build\libraries\QTRSensors\QTRSensors.cpp.o
LOAD c:\Users\ADMIN\Documents\GitHub\linerescue\build\libraries\Wire\Wire.cpp.o
LOAD c:\Users\ADMIN\Documents\GitHub\linerescue\build\core\variant.cpp.o
LOAD C:\Users\ADMIN\AppData\Local\Arduino15\packages\arduino\hardware\sam\1.6.12\variants\arduino_due_x/libsam_sam3x8e_gcc_rel.a
LOAD c:\Users\ADMIN\Documents\GitHub\linerescue\build/core\core.a
END GROUP
LOAD c:/users/admin/appdata/local/arduino15/packages/arduino/tools/arm-none-eabi-gcc/4.8.3-2014q1/bin/../lib/gcc/arm-none-eabi/4.8.3/../../../../arm-none-eabi/lib/armv7-m\libm.a
LOAD c:/users/admin/appdata/local/arduino15/packages/arduino/tools/arm-none-eabi-gcc/4.8.3-2014q1/bin/../lib/gcc/arm-none-eabi/4.8.3/armv7-m\libgcc.a
START GROUP
LOAD c:/users/admin/appdata/local/arduino15/packages/arduino/tools/arm-none-eabi-gcc/4.8.3-2014q1/bin/../lib/gcc/arm-none-eabi/4.8.3/armv7-m\libgcc.a
LOAD c:/users/admin/appdata/local/arduino15/packages/arduino/tools/arm-none-eabi-gcc/4.8.3-2014q1/bin/../lib/gcc/arm-none-eabi/4.8.3/../../../../arm-none-eabi/lib/armv7-m\libc.a
END GROUP
LOAD c:/users/admin/appdata/local/arduino15/packages/arduino/tools/arm-none-eabi-gcc/4.8.3-2014q1/bin/../lib/gcc/arm-none-eabi/4.8.3/armv7-m/crtend.o
LOAD c:/users/admin/appdata/local/arduino15/packages/arduino/tools/arm-none-eabi-gcc/4.8.3-2014q1/bin/../lib/gcc/arm-none-eabi/4.8.3/armv7-m/crtn.o

.text           0x00080000     0x865c
                0x00080000                . = ALIGN (0x4)
                0x00080000                _sfixed = .
 *(.vectors .vectors.*)
 .vectors       0x00080000       0xf4 C:\Users\ADMIN\AppData\Local\Arduino15\packages\arduino\hardware\sam\1.6.12\variants\arduino_due_x/libsam_sam3x8e_gcc_rel.a(startup_sam3xa.o)
                0x00080000                exception_table
 *(.text .text.* .gnu.linkonce.t.*)
 .text          0x000800f4       0x54 c:/users/admin/appdata/local/arduino15/packages/arduino/tools/arm-none-eabi-gcc/4.8.3-2014q1/bin/../lib/gcc/arm-none-eabi/4.8.3/armv7-m/crtbegin.o
 .text._ZL15processaEncoderhhh
                0x00080148       0x48 c:\Users\ADMIN\Documents\GitHub\linerescue\build\sketch\encoders.cpp.o
 .text._Z5isrFLv
                0x00080190        0xa c:\Users\ADMIN\Documents\GitHub\linerescue\build\sketch\encoders.cpp.o
                0x00080190                isrFL()
 .text._Z5isrFRv
                0x0008019a        0xa c:\Users\ADMIN\Documents\GitHub\linerescue\build\sketch\encoders.cpp.o
                0x0008019a                isrFR()
 .text._Z5isrTLv
                0x000801a4        0xa c:\Users\ADMIN\Documents\GitHub\linerescue\build\sketch\encoders.cpp.o
                0x000801a4                isrTL()
 .text._Z5isrTRv
                0x000801ae        0xa c:\Users\ADMIN\Documents\GitHub\linerescue\build\sketch\encoders.cpp.o
                0x000801ae                isrTR()
 .text._Z13encoders_initv
                0x000801b8      0x10c c:\Users\ADMIN\Documents\GitHub\linerescue\build\sketch\encoders.cpp.o
                0x000801b8                encoders_init()
 .text._Z13resetEncodersv
                0x000802c4       0x18 c:\Users\ADMIN\Documents\GitHub\linerescue\build\sketch\encoders.cpp.o
                0x000802c4                resetEncoders()
 .text._Z10ticksMediov
                0x000802dc       0x48 c:\Users\ADMIN\Documents\GitHub\linerescue\build\sketch\encoders.cpp.o
                0x000802dc                ticksMedio()
 .text.loop     0x00080324      0x130 c:\Users\ADMIN\Documents\GitHub\linerescue\build\sketch\linerescue.ino.cpp.o
                0x00080324                loop
 .text.setup    0x00080454       0x54 c:\Users\ADMIN\Documents\GitHub\linerescue\build\sketch\linerescue.ino.cpp.o
                0x00080454                setup
 .text._Z15virarEsquerda90v
                0x000804a8       0x40 c:\Users\ADMIN\Documents\GitHub\linerescue\build\sketch\manobras.cpp.o
                0x000804a8                virarEsquerda90()
 .text._Z14virarDireita90v
                0x000804e8       0x40 c:\Users\ADMIN\Documents\GitHub\linerescue\build\sketch\manobras.cpp.o
                0x000804e8                virarDireita90()
 .text._Z8fazer180v
                0x00080528       0x40 c:\Users\ADMIN\Documents\GitHub\linerescue\build\sketch\manobras.cpp.o
                0x00080528                fazer180()
 .text._Z10motorSetupv
                0x00080568       0x80 c:\Users\ADMIN\Documents\GitHub\linerescue\build\sketch\motores.cpp.o
                0x00080568                motorSetup()
 .text._Z8setMotoriiiii
                0x000805e8       0x36 c:\Users\ADMIN\Documents\GitHub\linerescue\build\sketch\motores.cpp.o
                0x000805e8                setMotor(int, int, int, int, int)
 .text._Z12setAllMotorsiiii
                0x0008061e       0x44 c:\Users\ADMIN\Documents\GitHub\linerescue\build\sketch\motores.cpp.o
                0x0008061e                setAllMotors(int, int, int, int)
 .text._Z12pararMotoresv
                0x00080662        0xc c:\Users\ADMIN\Documents\GitHub\linerescue\build\sketch\motores.cpp.o
                0x00080662                pararMotores()
 .text._Z15lateralEsquerdai
                0x0008066e        0xa c:\Users\ADMIN\Documents\GitHub\linerescue\build\sketch\motores.cpp.o
                0x0008066e                lateralEsquerda(int)
 .text._Z14lateraldireitai
                0x00080678        0xc c:\Users\ADMIN\Documents\GitHub\linerescue\build\sketch\motores.cpp.o
                0x00080678                lateraldireita(int)
 .text._ZN7TwoWire5writeEi
                0x00080684        0xc c:\Users\ADMIN\Documents\GitHub\linerescue\build\sketch\rgb.cpp.o
                0x00080684                TwoWire::write(int)
 .text._Z16configurarSensorR7TwoWire
                0x00080690       0x2e c:\Users\ADMIN\Documents\GitHub\linerescue\build\sketch\rgb.cpp.o
                0x00080690                configurarSensor(TwoWire&)
 *fill*         0x000806be        0x2 
 .text._Z8rgbSetupv
                0x000806c0       0x30 c:\Users\ADMIN\Documents\GitHub\linerescue\build\sketch\rgb.cpp.o
                0x000806c0                rgbSetup()
 .text._Z8readVEMLR7TwoWireh
                0x000806f0       0x42 c:\Users\ADMIN\Documents\GitHub\linerescue\build\sketch\rgb.cpp.o
                0x000806f0                readVEML(TwoWire&, unsigned char)
 .text._Z9lerSensorR7TwoWire
                0x00080732       0x32 c:\Users\ADMIN\Documents\GitHub\linerescue\build\sketch\rgb.cpp.o
                0x00080732                lerSensor(TwoWire&)
 .text._Z7isGreentttt
                0x00080764       0x4c c:\Users\ADMIN\Documents\GitHub\linerescue\build\sketch\rgb.cpp.o
                0x00080764                isGreen(unsigned short, unsigned short, unsigned short, unsigned short)
 .text._Z20verdeDecisaoCompletav
                0x000807b0       0x40 c:\Users\ADMIN\Documents\GitHub\linerescue\build\sketch\rgb.cpp.o
                0x000807b0                verdeDecisaoCompleta()
 .text._Z19verdeDuploDetectadov
                0x000807f0       0x14 c:\Users\ADMIN\Documents\GitHub\linerescue\build\sketch\rgb.cpp.o
                0x000807f0                verdeDuploDetectado()
 .text._Z17verdeESQDetectadov
                0x00080804       0x18 c:\Users\ADMIN\Documents\GitHub\linerescue\build\sketch\rgb.cpp.o
                0x00080804                verdeESQDetectado()
 .text._Z17verdeDTODetectadov
                0x0008081c       0x18 c:\Users\ADMIN\Documents\GitHub\linerescue\build\sketch\rgb.cpp.o
                0x0008081c                verdeDTODetectado()
 .text._Z12resetarVerdev
                0x00080834       0x24 c:\Users\ADMIN\Documents\GitHub\linerescue\build\sketch\rgb.cpp.o
                0x00080834                resetarVerde()
 .text._Z14atualizarVerdev
                0x00080858      0x114 c:\Users\ADMIN\Documents\GitHub\linerescue\build\sketch\rgb.cpp.o
                0x00080858                atualizarVerde()
 .text._Z15ignorarVerdePorm
                0x0008096c       0x18 c:\Users\ADMIN\Documents\GitHub\linerescue\build\sketch\rgb.cpp.o
                0x0008096c                ignorarVerdePor(unsigned long)
 .text._Z15seguimentoSetupv
                0x00080984        0xc c:\Users\ADMIN\Documents\GitHub\linerescue\build\sketch\seguimento.cpp.o
                0x00080984                seguimentoSetup()
 .text._Z11seguirLinhai
                0x00080990       0x78 c:\Users\ADMIN\Documents\GitHub\linerescue\build\sketch\seguimento.cpp.o
                0x00080990                seguirLinha(int)
 .text._Z13sensoresSetupv
                0x00080a08       0x28 c:\Users\ADMIN\Documents\GitHub\linerescue\build\sketch\sensores.cpp.o
                0x00080a08                sensoresSetup()
 .text._Z11calibrarQTRv
                0x00080a30       0xbc c:\Users\ADMIN\Documents\GitHub\linerescue\build\sketch\sensores.cpp.o
                0x00080a30                calibrarQTR()
 .text._Z14linhaDetectadav
                0x00080aec       0x20 c:\Users\ADMIN\Documents\GitHub\linerescue\build\sketch\sensores.cpp.o
                0x00080aec                linhaDetectada()
 .text.startup._GLOBAL__sub_I_qtr
                0x00080b0c       0x18 c:\Users\ADMIN\Documents\GitHub\linerescue\build\sketch\sensores.cpp.o
 .text._ZN10QTRSensors13setTypeAnalogEv
                0x00080b24        0xc c:\Users\ADMIN\Documents\GitHub\linerescue\build\libraries\QTRSensors\QTRSensors.cpp.o
                0x00080b24                QTRSensors::setTypeAnalog()
 .text._ZN10QTRSensors13setSensorPinsEPKhh
                0x00080b30       0x46 c:\Users\ADMIN\Documents\GitHub\linerescue\build\libraries\QTRSensors\QTRSensors.cpp.o
                0x00080b30                QTRSensors::setSensorPins(unsigned char const*, unsigned char)
 .text._ZN10QTRSensors18releaseEmitterPinsEv
                0x00080b76       0x34 c:\Users\ADMIN\Documents\GitHub\linerescue\build\libraries\QTRSensors\QTRSensors.cpp.o
                0x00080b76                QTRSensors::releaseEmitterPins()
 .text._ZN10QTRSensors11emittersOffE11QTREmittersb
                0x00080baa       0x80 c:\Users\ADMIN\Documents\GitHub\linerescue\build\libraries\QTRSensors\QTRSensors.cpp.o
                0x00080baa                QTRSensors::emittersOff(QTREmitters, bool)
 .text._ZN10QTRSensors17emittersOnWithPinEh
                0x00080c2a       0x80 c:\Users\ADMIN\Documents\GitHub\linerescue\build\libraries\QTRSensors\QTRSensors.cpp.o
                0x00080c2a                QTRSensors::emittersOnWithPin(unsigned char)
 .text._ZN10QTRSensors10emittersOnE11QTREmittersb
                0x00080caa       0xac c:\Users\ADMIN\Documents\GitHub\linerescue\build\libraries\QTRSensors\QTRSensors.cpp.o
                0x00080caa                QTRSensors::emittersOn(QTREmitters, bool)
 .text._ZN10QTRSensors14emittersSelectE11QTREmitters
                0x00080d56       0x6c c:\Users\ADMIN\Documents\GitHub\linerescue\build\libraries\QTRSensors\QTRSensors.cpp.o
                0x00080d56                QTRSensors::emittersSelect(QTREmitters)
 .text._ZN10QTRSensors11readPrivateEPthh
                0x00080dc2      0x148 c:\Users\ADMIN\Documents\GitHub\linerescue\build\libraries\QTRSensors\QTRSensors.cpp.o
                0x00080dc2                QTRSensors::readPrivate(unsigned short*, unsigned char, unsigned char)
 .text._ZN10QTRSensors4readEPt11QTRReadMode
                0x00080f0a       0xd6 c:\Users\ADMIN\Documents\GitHub\linerescue\build\libraries\QTRSensors\QTRSensors.cpp.o
                0x00080f0a                QTRSensors::read(unsigned short*, QTRReadMode)
 .text._ZN10QTRSensors16calibrateOnOrOffERNS_15CalibrationDataE11QTRReadMode
                0x00080fe0      0x100 c:\Users\ADMIN\Documents\GitHub\linerescue\build\libraries\QTRSensors\QTRSensors.cpp.o
                0x00080fe0                QTRSensors::calibrateOnOrOff(QTRSensors::CalibrationData&, QTRReadMode)
 .text._ZN10QTRSensors9calibrateE11QTRReadMode
                0x000810e0       0x42 c:\Users\ADMIN\Documents\GitHub\linerescue\build\libraries\QTRSensors\QTRSensors.cpp.o
                0x000810e0                QTRSensors::calibrate(QTRReadMode)
 .text._ZN10QTRSensors14readCalibratedEPt11QTRReadMode
                0x00081122       0xde c:\Users\ADMIN\Documents\GitHub\linerescue\build\libraries\QTRSensors\QTRSensors.cpp.o
                0x00081122                QTRSensors::readCalibrated(unsigned short*, QTRReadMode)
 .text._ZN10QTRSensors15readLinePrivateEPt11QTRReadModeb
                0x00081200       0x84 c:\Users\ADMIN\Documents\GitHub\linerescue\build\libraries\QTRSensors\QTRSensors.cpp.o
                0x00081200                QTRSensors::readLinePrivate(unsigned short*, QTRReadMode, bool)
 .text._ZN10QTRSensorsD2Ev
                0x00081284       0x34 c:\Users\ADMIN\Documents\GitHub\linerescue\build\libraries\QTRSensors\QTRSensors.cpp.o
                0x00081284                QTRSensors::~QTRSensors()
                0x00081284                QTRSensors::~QTRSensors()
 .text._ZN7TwoWire5writeEPKhj
                0x000812b8       0x50 c:\Users\ADMIN\Documents\GitHub\linerescue\build\libraries\Wire\Wire.cpp.o
                0x000812b8                TwoWire::write(unsigned char const*, unsigned int)
 .text._ZN7TwoWire9availableEv
                0x00081308        0xc c:\Users\ADMIN\Documents\GitHub\linerescue\build\libraries\Wire\Wire.cpp.o
                0x00081308                TwoWire::available()
 .text._ZN7TwoWire4readEv
                0x00081314       0x1e c:\Users\ADMIN\Documents\GitHub\linerescue\build\libraries\Wire\Wire.cpp.o
                0x00081314                TwoWire::read()
 .text._ZN7TwoWire4peekEv
                0x00081332       0x16 c:\Users\ADMIN\Documents\GitHub\linerescue\build\libraries\Wire\Wire.cpp.o
                0x00081332                TwoWire::peek()
 .text._ZN7TwoWire5flushEv
                0x00081348        0x2 c:\Users\ADMIN\Documents\GitHub\linerescue\build\libraries\Wire\Wire.cpp.o
                0x00081348                TwoWire::flush()
 .text._ZN7TwoWire5writeEh
                0x0008134a       0x3a c:\Users\ADMIN\Documents\GitHub\linerescue\build\libraries\Wire\Wire.cpp.o
                0x0008134a                TwoWire::write(unsigned char)
 .text._ZL16TWI_WaitByteSentP3Twim.constprop.3
                0x00081384       0x2c c:\Users\ADMIN\Documents\GitHub\linerescue\build\libraries\Wire\Wire.cpp.o
 .text._ZL24TWI_WaitTransferCompleteP3Twim.constprop.4
                0x000813b0       0x2c c:\Users\ADMIN\Documents\GitHub\linerescue\build\libraries\Wire\Wire.cpp.o
 .text._ZL9Wire_Initv
                0x000813dc       0x54 c:\Users\ADMIN\Documents\GitHub\linerescue\build\libraries\Wire\Wire.cpp.o
 .text._ZL12Wire1_Deinitv
                0x00081430       0x18 c:\Users\ADMIN\Documents\GitHub\linerescue\build\libraries\Wire\Wire.cpp.o
 .text._ZL11Wire_Deinitv
                0x00081448       0x18 c:\Users\ADMIN\Documents\GitHub\linerescue\build\libraries\Wire\Wire.cpp.o
 .text._ZL10Wire1_Initv
                0x00081460       0x54 c:\Users\ADMIN\Documents\GitHub\linerescue\build\libraries\Wire\Wire.cpp.o
 .text._ZN7TwoWireC2EP3TwiPFvvES3_
                0x000814b4       0x48 c:\Users\ADMIN\Documents\GitHub\linerescue\build\libraries\Wire\Wire.cpp.o
                0x000814b4                TwoWire::TwoWire(Twi*, void (*)(), void (*)())
                0x000814b4                TwoWire::TwoWire(Twi*, void (*)(), void (*)())
 .text._ZN7TwoWire5beginEv
                0x000814fc       0x30 c:\Users\ADMIN\Documents\GitHub\linerescue\build\libraries\Wire\Wire.cpp.o
                0x000814fc                TwoWire::begin()
 .text._ZN7TwoWire11requestFromEhhmhh
                0x0008152c       0x78 c:\Users\ADMIN\Documents\GitHub\linerescue\build\libraries\Wire\Wire.cpp.o
                0x0008152c                TwoWire::requestFrom(unsigned char, unsigned char, unsigned long, unsigned char, unsigned char)
 .text._ZN7TwoWire17beginTransmissionEi
                0x000815a4       0x12 c:\Users\ADMIN\Documents\GitHub\linerescue\build\libraries\Wire\Wire.cpp.o
                0x000815a4                TwoWire::beginTransmission(int)
 .text._ZN7TwoWire15endTransmissionEh
                0x000815b6       0x82 c:\Users\ADMIN\Documents\GitHub\linerescue\build\libraries\Wire\Wire.cpp.o
                0x000815b6                TwoWire::endTransmission(unsigned char)
 .text._ZN7TwoWire9onServiceEv
                0x00081638      0x118 c:\Users\ADMIN\Documents\GitHub\linerescue\build\libraries\Wire\Wire.cpp.o
                0x00081638                TwoWire::onService()
 .text.TWI1_Handler
                0x00081750        0xc c:\Users\ADMIN\Documents\GitHub\linerescue\build\libraries\Wire\Wire.cpp.o
                0x00081750                TWI1_Handler
 .text.TWI0_Handler
                0x0008175c        0xc c:\Users\ADMIN\Documents\GitHub\linerescue\build\libraries\Wire\Wire.cpp.o
                0x0008175c                TWI0_Handler
 .text.startup._GLOBAL__sub_I__ZN7TwoWireC2EP3TwiPFvvES3_
                0x00081768       0x40 c:\Users\ADMIN\Documents\GitHub\linerescue\build\libraries\Wire\Wire.cpp.o
 .text._Z11serialEventv
                0x000817a8        0x2 c:\Users\ADMIN\Documents\GitHub\linerescue\build\core\variant.cpp.o
                0x000817a8                serialEvent()
 *fill*         0x000817aa        0x2 
 .text.UART_Handler
                0x000817ac        0xc c:\Users\ADMIN\Documents\GitHub\linerescue\build\core\variant.cpp.o
                0x000817ac                UART_Handler
 .text._Z12serialEvent1v
                0x000817b8        0x2 c:\Users\ADMIN\Documents\GitHub\linerescue\build\core\variant.cpp.o
                0x000817b8                serialEvent1()
 .text._Z12serialEvent2v
                0x000817ba        0x2 c:\Users\ADMIN\Documents\GitHub\linerescue\build\core\variant.cpp.o
                0x000817ba                serialEvent2()
 .text._Z12serialEvent3v
                0x000817bc        0x2 c:\Users\ADMIN\Documents\GitHub\linerescue\build\core\variant.cpp.o
                0x000817bc                serialEvent3()
 *fill*         0x000817be        0x2 
 .text.USART0_Handler
                0x000817c0        0xc c:\Users\ADMIN\Documents\GitHub\linerescue\build\core\variant.cpp.o
                0x000817c0                USART0_Handler
 .text.USART1_Handler
                0x000817cc        0xc c:\Users\ADMIN\Documents\GitHub\linerescue\build\core\variant.cpp.o
                0x000817cc                USART1_Handler
 .text.USART3_Handler
                0x000817d8        0xc c:\Users\ADMIN\Documents\GitHub\linerescue\build\core\variant.cpp.o
                0x000817d8                USART3_Handler
 .text.init     0x000817e4      0x128 c:\Users\ADMIN\Documents\GitHub\linerescue\build\core\variant.cpp.o
                0x000817e4                init
 .text.startup._GLOBAL__sub_I_g_APinDescription
                0x0008190c       0xd4 c:\Users\ADMIN\Documents\GitHub\linerescue\build\core\variant.cpp.o
 .text._Z14serialEventRunv
                0x000819e0       0x44 c:\Users\ADMIN\Documents\GitHub\linerescue\build\core\variant.cpp.o
                0x000819e0                serialEventRun()
 .text.PIO_PullUp
                0x00081a24        0xa C:\Users\ADMIN\AppData\Local\Arduino15\packages\arduino\hardware\sam\1.6.12\variants\arduino_due_x/libsam_sam3x8e_gcc_rel.a(pio.o)
                0x00081a24                PIO_PullUp
 .text.PIO_Get  0x00081a2e       0x14 C:\Users\ADMIN\AppData\Local\Arduino15\packages\arduino\hardware\sam\1.6.12\variants\arduino_due_x/libsam_sam3x8e_gcc_rel.a(pio.o)
                0x00081a2e                PIO_Get
 .text.PIO_SetPeripheral
                0x00081a42       0x26 C:\Users\ADMIN\AppData\Local\Arduino15\packages\arduino\hardware\sam\1.6.12\variants\arduino_due_x/libsam_sam3x8e_gcc_rel.a(pio.o)
                0x00081a42                PIO_SetPeripheral
 .text.PIO_SetInput
                0x00081a68       0x26 C:\Users\ADMIN\AppData\Local\Arduino15\packages\arduino\hardware\sam\1.6.12\variants\arduino_due_x/libsam_sam3x8e_gcc_rel.a(pio.o)
                0x00081a68                PIO_SetInput
 .text.PIO_SetOutput
                0x00081a8e       0x24 C:\Users\ADMIN\AppData\Local\Arduino15\packages\arduino\hardware\sam\1.6.12\variants\arduino_due_x/libsam_sam3x8e_gcc_rel.a(pio.o)
                0x00081a8e                PIO_SetOutput
 *fill*         0x00081ab2        0x2 
 .text.PIO_Configure
                0x00081ab4       0x64 C:\Users\ADMIN\AppData\Local\Arduino15\packages\arduino\hardware\sam\1.6.12\variants\arduino_due_x/libsam_sam3x8e_gcc_rel.a(pio.o)
                0x00081ab4                PIO_Configure
 .text.PIO_GetOutputDataStatus
                0x00081b18       0x14 C:\Users\ADMIN\AppData\Local\Arduino15\packages\arduino\hardware\sam\1.6.12\variants\arduino_due_x/libsam_sam3x8e_gcc_rel.a(pio.o)
                0x00081b18                PIO_GetOutputDataStatus
 .text.pmc_enable_upll_clock
                0x00081b2c       0x14 C:\Users\ADMIN\AppData\Local\Arduino15\packages\arduino\hardware\sam\1.6.12\variants\arduino_due_x/libsam_sam3x8e_gcc_rel.a(pmc.o)
                0x00081b2c                pmc_enable_upll_clock
 .text.pmc_enable_periph_clk
                0x00081b40       0x44 C:\Users\ADMIN\AppData\Local\Arduino15\packages\arduino\hardware\sam\1.6.12\variants\arduino_due_x/libsam_sam3x8e_gcc_rel.a(pmc.o)
                0x00081b40                pmc_enable_periph_clk
 .text.pmc_disable_periph_clk
                0x00081b84       0x40 C:\Users\ADMIN\AppData\Local\Arduino15\packages\arduino\hardware\sam\1.6.12\variants\arduino_due_x/libsam_sam3x8e_gcc_rel.a(pmc.o)
                0x00081b84                pmc_disable_periph_clk
 .text.pmc_switch_udpck_to_upllck
                0x00081bc4       0x14 C:\Users\ADMIN\AppData\Local\Arduino15\packages\arduino\hardware\sam\1.6.12\variants\arduino_due_x/libsam_sam3x8e_gcc_rel.a(pmc.o)
                0x00081bc4                pmc_switch_udpck_to_upllck
 .text.pmc_enable_udpck
                0x00081bd8        0xc C:\Users\ADMIN\AppData\Local\Arduino15\packages\arduino\hardware\sam\1.6.12\variants\arduino_due_x/libsam_sam3x8e_gcc_rel.a(pmc.o)
                0x00081bd8                pmc_enable_udpck
 .text.TWI_SetClock
                0x00081be4       0x58 C:\Users\ADMIN\AppData\Local\Arduino15\packages\arduino\hardware\sam\1.6.12\variants\arduino_due_x/libsam_sam3x8e_gcc_rel.a(twi.o)
                0x00081be4                TWI_SetClock
 .text.TWI_Disable
                0x00081c3c       0x2c C:\Users\ADMIN\AppData\Local\Arduino15\packages\arduino\hardware\sam\1.6.12\variants\arduino_due_x/libsam_sam3x8e_gcc_rel.a(twi.o)
                0x00081c3c                TWI_Disable
 .text.TWI_ConfigureMaster
                0x00081c68       0x48 C:\Users\ADMIN\AppData\Local\Arduino15\packages\arduino\hardware\sam\1.6.12\variants\arduino_due_x/libsam_sam3x8e_gcc_rel.a(twi.o)
                0x00081c68                TWI_ConfigureMaster
 .text.TWI_Stop
                0x00081cb0       0x28 C:\Users\ADMIN\AppData\Local\Arduino15\packages\arduino\hardware\sam\1.6.12\variants\arduino_due_x/libsam_sam3x8e_gcc_rel.a(twi.o)
                0x00081cb0                TWI_Stop
 .text.TWI_StartRead
                0x00081cd8       0x70 C:\Users\ADMIN\AppData\Local\Arduino15\packages\arduino\hardware\sam\1.6.12\variants\arduino_due_x/libsam_sam3x8e_gcc_rel.a(twi.o)
                0x00081cd8                TWI_StartRead
 .text.TWI_ReadByte
                0x00081d48       0x28 C:\Users\ADMIN\AppData\Local\Arduino15\packages\arduino\hardware\sam\1.6.12\variants\arduino_due_x/libsam_sam3x8e_gcc_rel.a(twi.o)
                0x00081d48                TWI_ReadByte
 .text.TWI_WriteByte
                0x00081d70       0x24 C:\Users\ADMIN\AppData\Local\Arduino15\packages\arduino\hardware\sam\1.6.12\variants\arduino_due_x/libsam_sam3x8e_gcc_rel.a(twi.o)
                0x00081d70                TWI_WriteByte
 .text.TWI_StartWrite
                0x00081d94       0x7c C:\Users\ADMIN\AppData\Local\Arduino15\packages\arduino\hardware\sam\1.6.12\variants\arduino_due_x/libsam_sam3x8e_gcc_rel.a(twi.o)
                0x00081d94                TWI_StartWrite
 .text.TWI_EnableIt
                0x00081e10       0x40 C:\Users\ADMIN\AppData\Local\Arduino15\packages\arduino\hardware\sam\1.6.12\variants\arduino_due_x/libsam_sam3x8e_gcc_rel.a(twi.o)
                0x00081e10                TWI_EnableIt
 .text.TWI_DisableIt
                0x00081e50       0x40 C:\Users\ADMIN\AppData\Local\Arduino15\packages\arduino\hardware\sam\1.6.12\variants\arduino_due_x/libsam_sam3x8e_gcc_rel.a(twi.o)
                0x00081e50                TWI_DisableIt
 .text.TWI_GetStatus
                0x00081e90       0x28 C:\Users\ADMIN\AppData\Local\Arduino15\packages\arduino\hardware\sam\1.6.12\variants\arduino_due_x/libsam_sam3x8e_gcc_rel.a(twi.o)
                0x00081e90                TWI_GetStatus
 .text.TWI_SendSTOPCondition
                0x00081eb8       0x2c C:\Users\ADMIN\AppData\Local\Arduino15\packages\arduino\hardware\sam\1.6.12\variants\arduino_due_x/libsam_sam3x8e_gcc_rel.a(twi.o)
                0x00081eb8                TWI_SendSTOPCondition
 .text.SystemInit
                0x00081ee4       0x88 C:\Users\ADMIN\AppData\Local\Arduino15\packages\arduino\hardware\sam\1.6.12\variants\arduino_due_x/libsam_sam3x8e_gcc_rel.a(system_sam3xa.o)
                0x00081ee4                SystemInit
 .text.Reset_Handler
                0x00081f6c       0x78 C:\Users\ADMIN\AppData\Local\Arduino15\packages\arduino\hardware\sam\1.6.12\variants\arduino_due_x/libsam_sam3x8e_gcc_rel.a(startup_sam3xa.o)
                0x00081f6c                Reset_Handler
 .text.adc_init
                0x00081fe4       0x98 C:\Users\ADMIN\AppData\Local\Arduino15\packages\arduino\hardware\sam\1.6.12\variants\arduino_due_x/libsam_sam3x8e_gcc_rel.a(adc.o)
                0x00081fe4                adc_init
 .text.adc_configure_trigger
                0x0008207c        0xe C:\Users\ADMIN\AppData\Local\Arduino15\packages\arduino\hardware\sam\1.6.12\variants\arduino_due_x/libsam_sam3x8e_gcc_rel.a(adc.o)
                0x0008207c                adc_configure_trigger
 .text.adc_configure_timing
                0x0008208a       0x1a C:\Users\ADMIN\AppData\Local\Arduino15\packages\arduino\hardware\sam\1.6.12\variants\arduino_due_x/libsam_sam3x8e_gcc_rel.a(adc.o)
                0x0008208a                adc_configure_timing
 .text.adc_start
                0x000820a4        0x6 C:\Users\ADMIN\AppData\Local\Arduino15\packages\arduino\hardware\sam\1.6.12\variants\arduino_due_x/libsam_sam3x8e_gcc_rel.a(adc.o)
                0x000820a4                adc_start
 .text.adc_enable_channel
                0x000820aa        0xa C:\Users\ADMIN\AppData\Local\Arduino15\packages\arduino\hardware\sam\1.6.12\variants\arduino_due_x/libsam_sam3x8e_gcc_rel.a(adc.o)
                0x000820aa                adc_enable_channel
 .text.adc_disable_channel
                0x000820b4        0xa C:\Users\ADMIN\AppData\Local\Arduino15\packages\arduino\hardware\sam\1.6.12\variants\arduino_due_x/libsam_sam3x8e_gcc_rel.a(adc.o)
                0x000820b4                adc_disable_channel
 .text.adc_disable_all_channel
                0x000820be        0x8 C:\Users\ADMIN\AppData\Local\Arduino15\packages\arduino\hardware\sam\1.6.12\variants\arduino_due_x/libsam_sam3x8e_gcc_rel.a(adc.o)
                0x000820be                adc_disable_all_channel
 .text.adc_get_channel_status
                0x000820c6        0xa C:\Users\ADMIN\AppData\Local\Arduino15\packages\arduino\hardware\sam\1.6.12\variants\arduino_due_x/libsam_sam3x8e_gcc_rel.a(adc.o)
                0x000820c6                adc_get_channel_status
 .text.adc_get_latest_value
                0x000820d0        0x4 C:\Users\ADMIN\AppData\Local\Arduino15\packages\arduino\hardware\sam\1.6.12\variants\arduino_due_x/libsam_sam3x8e_gcc_rel.a(adc.o)
                0x000820d0                adc_get_latest_value
 .text.adc_disable_interrupt
                0x000820d4        0x4 C:\Users\ADMIN\AppData\Local\Arduino15\packages\arduino\hardware\sam\1.6.12\variants\arduino_due_x/libsam_sam3x8e_gcc_rel.a(adc.o)
                0x000820d4                adc_disable_interrupt
 .text.adc_get_status
                0x000820d8        0x4 C:\Users\ADMIN\AppData\Local\Arduino15\packages\arduino\hardware\sam\1.6.12\variants\arduino_due_x/libsam_sam3x8e_gcc_rel.a(adc.o)
                0x000820d8                adc_get_status
 .text.UOTGHS_Handler
                0x000820dc       0x10 C:\Users\ADMIN\AppData\Local\Arduino15\packages\arduino\hardware\sam\1.6.12\variants\arduino_due_x/libsam_sam3x8e_gcc_rel.a(uotghs.o)
                0x000820dc                UOTGHS_Handler
 .text._ZN5Print5writeEPKhj
                0x000820ec       0x22 c:\Users\ADMIN\Documents\GitHub\linerescue\build/core\core.a(Print.cpp.o)
                0x000820ec                Print::write(unsigned char const*, unsigned int)
 .text._ZN5Print5writeEPKc
                0x0008210e       0x1e c:\Users\ADMIN\Documents\GitHub\linerescue\build/core\core.a(Print.cpp.o)
                0x0008210e                Print::write(char const*)
 .text._ZN5Print5printEPKc
                0x0008212c        0x8 c:\Users\ADMIN\Documents\GitHub\linerescue\build/core\core.a(Print.cpp.o)
                0x0008212c                Print::print(char const*)
 .text._ZN5Print5printEc
                0x00082134        0xa c:\Users\ADMIN\Documents\GitHub\linerescue\build/core\core.a(Print.cpp.o)
                0x00082134                Print::print(char)
 *fill*         0x0008213e        0x2 
 .text._ZN5Print7printlnEv
                0x00082140       0x10 c:\Users\ADMIN\Documents\GitHub\linerescue\build/core\core.a(Print.cpp.o)
                0x00082140                Print::println()
 .text._ZN5Print7printlnEPKc
                0x00082150       0x14 c:\Users\ADMIN\Documents\GitHub\linerescue\build/core\core.a(Print.cpp.o)
                0x00082150                Print::println(char const*)
 .text._ZN5Print11printNumberEmh
                0x00082164       0x3e c:\Users\ADMIN\Documents\GitHub\linerescue\build/core\core.a(Print.cpp.o)
                0x00082164                Print::printNumber(unsigned long, unsigned char)
 .text._ZN5Print5printEli
                0x000821a2       0x3c c:\Users\ADMIN\Documents\GitHub\linerescue\build/core\core.a(Print.cpp.o)
                0x000821a2                Print::print(long, int)
 .text._ZN5Print5printEii
                0x000821de        0x4 c:\Users\ADMIN\Documents\GitHub\linerescue\build/core\core.a(Print.cpp.o)
                0x000821de                Print::print(int, int)
 .text._ZN5Print7printlnEii
                0x000821e2       0x14 c:\Users\ADMIN\Documents\GitHub\linerescue\build/core\core.a(Print.cpp.o)
                0x000821e2                Print::println(int, int)
 .text._ZN10RingBufferC2Ev
                0x000821f6       0x1a c:\Users\ADMIN\Documents\GitHub\linerescue\build/core\core.a(RingBuffer.cpp.o)
                0x000821f6                RingBuffer::RingBuffer()
                0x000821f6                RingBuffer::RingBuffer()
 .text._ZN10RingBuffer10store_charEh
                0x00082210       0x1e c:\Users\ADMIN\Documents\GitHub\linerescue\build/core\core.a(RingBuffer.cpp.o)
                0x00082210                RingBuffer::store_char(unsigned char)
 .text._ZN9UARTClasscvbEv
                0x0008222e        0x4 c:\Users\ADMIN\Documents\GitHub\linerescue\build/core\core.a(UARTClass.cpp.o)
                0x0008222e                UARTClass::operator bool()
 .text._ZN9UARTClass9availableEv
                0x00082232       0x12 c:\Users\ADMIN\Documents\GitHub\linerescue\build/core\core.a(UARTClass.cpp.o)
                0x00082232                UARTClass::available()
 .text._ZN9UARTClass4peekEv
                0x00082244       0x1c c:\Users\ADMIN\Documents\GitHub\linerescue\build/core\core.a(UARTClass.cpp.o)
                0x00082244                UARTClass::peek()
 .text._ZN9UARTClass4readEv
                0x00082260       0x2a c:\Users\ADMIN\Documents\GitHub\linerescue\build/core\core.a(UARTClass.cpp.o)
                0x00082260                UARTClass::read()
 .text._ZN9UARTClass5flushEv
                0x0008228a       0x18 c:\Users\ADMIN\Documents\GitHub\linerescue\build/core\core.a(UARTClass.cpp.o)
                0x0008228a                UARTClass::flush()
 *fill*         0x000822a2        0x2 
 .text._ZN9UARTClass5writeEh
                0x000822a4       0x54 c:\Users\ADMIN\Documents\GitHub\linerescue\build/core\core.a(UARTClass.cpp.o)
                0x000822a4                UARTClass::write(unsigned char)
 .text._ZN9UARTClass3endEv
                0x000822f8       0x3c c:\Users\ADMIN\Documents\GitHub\linerescue\build/core\core.a(UARTClass.cpp.o)
                0x000822f8                UARTClass::end()
 .text._ZN9UARTClassC2EP4Uart4IRQnmP10RingBufferS4_
                0x00082334       0x24 c:\Users\ADMIN\Documents\GitHub\linerescue\build/core\core.a(UARTClass.cpp.o)
                0x00082334                UARTClass::UARTClass(Uart*, IRQn, unsigned long, RingBuffer*, RingBuffer*)
                0x00082334                UARTClass::UARTClass(Uart*, IRQn, unsigned long, RingBuffer*, RingBuffer*)
 .text._ZN9UARTClass4initEmm
                0x00082358       0x70 c:\Users\ADMIN\Documents\GitHub\linerescue\build/core\core.a(UARTClass.cpp.o)
                0x00082358                UARTClass::init(unsigned long, unsigned long)
 .text._ZN9UARTClass5beginEm
                0x000823c8        0x8 c:\Users\ADMIN\Documents\GitHub\linerescue\build/core\core.a(UARTClass.cpp.o)
                0x000823c8                UARTClass::begin(unsigned long)
 .text._ZN9UARTClass10IrqHandlerEv
                0x000823d0       0x5a c:\Users\ADMIN\Documents\GitHub\linerescue\build/core\core.a(UARTClass.cpp.o)
                0x000823d0                UARTClass::IrqHandler()
 .text._ZN10USARTClass5beginEm
                0x0008242a        0x8 c:\Users\ADMIN\Documents\GitHub\linerescue\build/core\core.a(USARTClass.cpp.o)
                0x0008242a                USARTClass::begin(unsigned long)
 *fill*         0x00082432        0x2 
 .text._ZN10USARTClassC2EP5Usart4IRQnmP10RingBufferS4_
                0x00082434       0x24 c:\Users\ADMIN\Documents\GitHub\linerescue\build/core\core.a(USARTClass.cpp.o)
                0x00082434                USARTClass::USARTClass(Usart*, IRQn, unsigned long, RingBuffer*, RingBuffer*)
                0x00082434                USARTClass::USARTClass(Usart*, IRQn, unsigned long, RingBuffer*, RingBuffer*)
 .text.attachInterrupt
                0x00082458      0x148 c:\Users\ADMIN\Documents\GitHub\linerescue\build/core\core.a(WInterrupts.c.o)
                0x00082458                attachInterrupt
 .text.PIOA_Handler
                0x000825a0       0x38 c:\Users\ADMIN\Documents\GitHub\linerescue\build/core\core.a(WInterrupts.c.o)
                0x000825a0                PIOA_Handler
 .text.PIOB_Handler
                0x000825d8       0x38 c:\Users\ADMIN\Documents\GitHub\linerescue\build/core\core.a(WInterrupts.c.o)
                0x000825d8                PIOB_Handler
 .text.PIOC_Handler
                0x00082610       0x38 c:\Users\ADMIN\Documents\GitHub\linerescue\build/core\core.a(WInterrupts.c.o)
                0x00082610                PIOC_Handler
 .text.PIOD_Handler
                0x00082648       0x38 c:\Users\ADMIN\Documents\GitHub\linerescue\build/core\core.a(WInterrupts.c.o)
                0x00082648                PIOD_Handler
 .text.__halt   0x00082680        0x2 c:\Users\ADMIN\Documents\GitHub\linerescue\build/core\core.a(cortex_handlers.c.o)
                0x00082680                DACC_Handler
                0x00082680                DebugMon_Handler
                0x00082680                DMAC_Handler
                0x00082680                TRNG_Handler
                0x00082680                HardFault_Handler
                0x00082680                TC2_Handler
                0x00082680                NMI_Handler
                0x00082680                TC7_Handler
                0x00082680                ADC_Handler
                0x00082680                SMC_Handler
                0x00082680                RTT_Handler
                0x00082680                EFC1_Handler
                0x00082680                RTC_Handler
                0x00082680                UsageFault_Handler
                0x00082680                TC6_Handler
                0x00082680                WDT_Handler
                0x00082680                CAN0_Handler
                0x00082680                TC4_Handler
                0x00082680                TC1_Handler
                0x00082680                HSMCI_Handler
                0x00082680                TC3_Handler
                0x00082680                SSC_Handler
                0x00082680                EFC0_Handler
                0x00082680                PMC_Handler
                0x00082680                PWM_Handler
                0x00082680                CAN1_Handler
                0x00082680                MemManage_Handler
                0x00082680                SUPC_Handler
                0x00082680                TC8_Handler
                0x00082680                USART2_Handler
                0x00082680                EMAC_Handler
                0x00082680                BusFault_Handler
                0x00082680                RSTC_Handler
                0x00082680                TC0_Handler
                0x00082680                TC5_Handler
                0x00082680                SPI0_Handler
 .text.SVC_Handler
                0x00082682        0x4 c:\Users\ADMIN\Documents\GitHub\linerescue\build/core\core.a(cortex_handlers.c.o)
                0x00082682                SVC_Handler
 .text.PendSV_Handler
                0x00082686        0x4 c:\Users\ADMIN\Documents\GitHub\linerescue\build/core\core.a(cortex_handlers.c.o)
                0x00082686                PendSV_Handler
 .text.SysTick_Handler
                0x0008268a       0x16 c:\Users\ADMIN\Documents\GitHub\linerescue\build/core\core.a(cortex_handlers.c.o)
                0x0008268a                SysTick_Handler
 .text.__empty  0x000826a0        0x2 c:\Users\ADMIN\Documents\GitHub\linerescue\build/core\core.a(hooks.c.o)
                0x000826a0                yield
 .text.__false  0x000826a2        0x4 c:\Users\ADMIN\Documents\GitHub\linerescue\build/core\core.a(hooks.c.o)
                0x000826a2                sysTickHook
 .text.__halt   0x000826a6        0x2 c:\Users\ADMIN\Documents\GitHub\linerescue\build/core\core.a(hooks.c.o)
                0x000826a6                svcHook
                0x000826a6                pendSVHook
 .text.initVariant
                0x000826a8        0x2 c:\Users\ADMIN\Documents\GitHub\linerescue\build/core\core.a(main.cpp.o)
                0x000826a8                initVariant
 *fill*         0x000826aa        0x2 
 .text.startup.main
                0x000826ac       0x38 c:\Users\ADMIN\Documents\GitHub\linerescue\build/core\core.a(main.cpp.o)
                0x000826ac                main
 .text._sbrk    0x000826e4       0x1c c:\Users\ADMIN\Documents\GitHub\linerescue\build/core\core.a(syscalls_sam3.c.o)
                0x000826e4                _sbrk
 .text.link     0x00082700        0x6 c:\Users\ADMIN\Documents\GitHub\linerescue\build/core\core.a(syscalls_sam3.c.o)
                0x00082700                link
 .text._close   0x00082706        0x6 c:\Users\ADMIN\Documents\GitHub\linerescue\build/core\core.a(syscalls_sam3.c.o)
                0x00082706                _close
 .text._fstat   0x0008270c        0xa c:\Users\ADMIN\Documents\GitHub\linerescue\build/core\core.a(syscalls_sam3.c.o)
                0x0008270c                _fstat
 .text._isatty  0x00082716        0x4 c:\Users\ADMIN\Documents\GitHub\linerescue\build/core\core.a(syscalls_sam3.c.o)
                0x00082716                _isatty
 .text._lseek   0x0008271a        0x4 c:\Users\ADMIN\Documents\GitHub\linerescue\build/core\core.a(syscalls_sam3.c.o)
                0x0008271a                _lseek
 .text._read    0x0008271e        0x4 c:\Users\ADMIN\Documents\GitHub\linerescue\build/core\core.a(syscalls_sam3.c.o)
                0x0008271e                _read
 *fill*         0x00082722        0x2 
 .text._write   0x00082724       0x24 c:\Users\ADMIN\Documents\GitHub\linerescue\build/core\core.a(syscalls_sam3.c.o)
                0x00082724                _write
 .text._exit    0x00082748        0x2 c:\Users\ADMIN\Documents\GitHub\linerescue\build/core\core.a(syscalls_sam3.c.o)
                0x00082748                _exit
 .text._kill    0x0008274a        0x2 c:\Users\ADMIN\Documents\GitHub\linerescue\build/core\core.a(syscalls_sam3.c.o)
                0x0008274a                _kill
 .text._getpid  0x0008274c        0x6 c:\Users\ADMIN\Documents\GitHub\linerescue\build/core\core.a(syscalls_sam3.c.o)
                0x0008274c                _getpid
 *fill*         0x00082752        0x2 
 .text._watchdogDefaultSetup
                0x00082754        0xc c:\Users\ADMIN\Documents\GitHub\linerescue\build/core\core.a(watchdog.cpp.o)
                0x00082754                _watchdogDefaultSetup
                0x00082754                watchdogSetup()
 .text.millis   0x00082760        0x4 c:\Users\ADMIN\Documents\GitHub\linerescue\build/core\core.a(wiring.c.o)
                0x00082760                millis
 .text.micros   0x00082764       0x74 c:\Users\ADMIN\Documents\GitHub\linerescue\build/core\core.a(wiring.c.o)
                0x00082764                micros
 .text.delay    0x000827d8       0x1c c:\Users\ADMIN\Documents\GitHub\linerescue\build/core\core.a(wiring.c.o)
                0x000827d8                delay
 .text.mapResolution
                0x000827f4       0x12 c:\Users\ADMIN\Documents\GitHub\linerescue\build/core\core.a(wiring_analog.c.o)
 *fill*         0x00082806        0x2 
 .text.analogReadResolution
                0x00082808        0xc c:\Users\ADMIN\Documents\GitHub\linerescue\build/core\core.a(wiring_analog.c.o)
                0x00082808                analogReadResolution
 .text.analogRead
                0x00082814       0x9c c:\Users\ADMIN\Documents\GitHub\linerescue\build/core\core.a(wiring_analog.c.o)
                0x00082814                analogRead
 .text.analogOutputInit
                0x000828b0        0x2 c:\Users\ADMIN\Documents\GitHub\linerescue\build/core\core.a(wiring_analog.c.o)
                0x000828b0                analogOutputInit
 *fill*         0x000828b2        0x2 
 .text.analogWrite
                0x000828b4      0x2c0 c:\Users\ADMIN\Documents\GitHub\linerescue\build/core\core.a(wiring_analog.c.o)
                0x000828b4                analogWrite
 .text.pinMode  0x00082b74      0x108 c:\Users\ADMIN\Documents\GitHub\linerescue\build/core\core.a(wiring_digital.c.o)
                0x00082b74                pinMode
 .text.digitalWrite
                0x00082c7c       0x70 c:\Users\ADMIN\Documents\GitHub\linerescue\build/core\core.a(wiring_digital.c.o)
                0x00082c7c                digitalWrite
 .text.digitalRead
                0x00082cec       0x44 c:\Users\ADMIN\Documents\GitHub\linerescue\build/core\core.a(wiring_digital.c.o)
                0x00082cec                digitalRead
 .text.initiateReset
                0x00082d30        0xc c:\Users\ADMIN\Documents\GitHub\linerescue\build/core\core.a(Reset.cpp.o)
                0x00082d30                initiateReset
 .text.cancelReset
                0x00082d3c       0x10 c:\Users\ADMIN\Documents\GitHub\linerescue\build/core\core.a(Reset.cpp.o)
                0x00082d3c                cancelReset
 .text.tickReset
                0x00082d4c       0x20 c:\Users\ADMIN\Documents\GitHub\linerescue\build/core\core.a(Reset.cpp.o)
                0x00082d4c                tickReset
 .text.unlikely._ZL11USB_SendZlpv
                0x00082d6c       0x20 c:\Users\ADMIN\Documents\GitHub\linerescue\build/core\core.a(USBCore.cpp.o)
 .text._Z14USBD_Availablem
                0x00082d8c       0x2c c:\Users\ADMIN\Documents\GitHub\linerescue\build/core\core.a(USBCore.cpp.o)
                0x00082d8c                USBD_Available(unsigned long)
 .text._Z9USBD_RecvmPvm
                0x00082db8       0x7c c:\Users\ADMIN\Documents\GitHub\linerescue\build/core\core.a(USBCore.cpp.o)
                0x00082db8                USBD_Recv(unsigned long, void*, unsigned long)
 .text._Z9USBD_Recvm
                0x00082e34       0x22 c:\Users\ADMIN\Documents\GitHub\linerescue\build/core\core.a(USBCore.cpp.o)
                0x00082e34                USBD_Recv(unsigned long)
 *fill*         0x00082e56        0x2 
 .text._Z9USBD_SendmPKvm
                0x00082e58       0x4c c:\Users\ADMIN\Documents\GitHub\linerescue\build/core\core.a(USBCore.cpp.o)
                0x00082e58                USBD_Send(unsigned long, void const*, unsigned long)
 .text._Z16USBD_SendControlhPKvm
                0x00082ea4       0x40 c:\Users\ADMIN\Documents\GitHub\linerescue\build/core\core.a(USBCore.cpp.o)
                0x00082ea4                USBD_SendControl(unsigned char, void const*, unsigned long)
 .text.unlikely._ZL24USB_SendStringDescriptorPKhi
                0x00082ee4       0x64 c:\Users\ADMIN\Documents\GitHub\linerescue\build/core\core.a(USBCore.cpp.o)
 .text._Z16USBD_RecvControlPvm
                0x00082f48       0x1c c:\Users\ADMIN\Documents\GitHub\linerescue\build/core\core.a(USBCore.cpp.o)
                0x00082f48                USBD_RecvControl(void*, unsigned long)
 .text._Z26USBD_ClassInterfaceRequestR8USBSetup
                0x00082f64       0x1e c:\Users\ADMIN\Documents\GitHub\linerescue\build/core\core.a(USBCore.cpp.o)
                0x00082f64                USBD_ClassInterfaceRequest(USBSetup&)
 .text._Z19USBD_SendInterfacesv
                0x00082f82       0x22 c:\Users\ADMIN\Documents\GitHub\linerescue\build/core\core.a(USBCore.cpp.o)
                0x00082f82                USBD_SendInterfaces()
 .text._Z24USBD_SendOtherInterfacesv
                0x00082fa4       0x22 c:\Users\ADMIN\Documents\GitHub\linerescue\build/core\core.a(USBCore.cpp.o)
                0x00082fa4                USBD_SendOtherInterfaces()
 .text._Z10USBD_Flushm
                0x00082fc6       0x16 c:\Users\ADMIN\Documents\GitHub\linerescue\build/core\core.a(USBCore.cpp.o)
                0x00082fc6                USBD_Flush(unsigned long)
 .text._ZN10USBDevice_C2Ev
                0x00082fdc       0x24 c:\Users\ADMIN\Documents\GitHub\linerescue\build/core\core.a(USBCore.cpp.o)
                0x00082fdc                USBDevice_::USBDevice_()
                0x00082fdc                USBDevice_::USBDevice_()
 .text._ZN10USBDevice_6attachEv
                0x00083000       0x20 c:\Users\ADMIN\Documents\GitHub\linerescue\build/core\core.a(USBCore.cpp.o)
                0x00083000                USBDevice_::attach()
 .text.startup._GLOBAL__sub_I_EndPoints
                0x00083020        0xc c:\Users\ADMIN\Documents\GitHub\linerescue\build/core\core.a(USBCore.cpp.o)
 .text._ZL7USB_ISRv
                0x0008302c      0x454 c:\Users\ADMIN\Documents\GitHub\linerescue\build/core\core.a(USBCore.cpp.o)
 .text._ZN7Serial_9availableEv
                0x00083480       0x18 c:\Users\ADMIN\Documents\GitHub\linerescue\build/core\core.a(CDC.cpp.o)
                0x00083480                Serial_::available()
 .text._ZN7Serial_17availableForWriteEv
                0x00083498        0x6 c:\Users\ADMIN\Documents\GitHub\linerescue\build/core\core.a(CDC.cpp.o)
                0x00083498                Serial_::availableForWrite()
 *fill*         0x0008349e        0x2 
 .text._ZN7Serial_4peekEv
                0x000834a0       0x20 c:\Users\ADMIN\Documents\GitHub\linerescue\build/core\core.a(CDC.cpp.o)
                0x000834a0                Serial_::peek()
 .text._ZN7Serial_5writeEh
                0x000834c0       0x16 c:\Users\ADMIN\Documents\GitHub\linerescue\build/core\core.a(CDC.cpp.o)
                0x000834c0                Serial_::write(unsigned char)
 *fill*         0x000834d6        0x2 
 .text._ZN7Serial_4readEv
                0x000834d8       0x44 c:\Users\ADMIN\Documents\GitHub\linerescue\build/core\core.a(CDC.cpp.o)
                0x000834d8                Serial_::read()
 .text._ZN7Serial_5flushEv
                0x0008351c        0x6 c:\Users\ADMIN\Documents\GitHub\linerescue\build/core\core.a(CDC.cpp.o)
                0x0008351c                Serial_::flush()
 *fill*         0x00083522        0x2 
 .text._ZN7Serial_6acceptEv
                0x00083524       0x70 c:\Users\ADMIN\Documents\GitHub\linerescue\build/core\core.a(CDC.cpp.o)
                0x00083524                Serial_::accept()
 .text._ZN7Serial_5writeEPKhj
                0x00083594       0x2c c:\Users\ADMIN\Documents\GitHub\linerescue\build/core\core.a(CDC.cpp.o)
                0x00083594                Serial_::write(unsigned char const*, unsigned int)
 .text._Z16CDC_GetInterfacePh
                0x000835c0       0x14 c:\Users\ADMIN\Documents\GitHub\linerescue\build/core\core.a(CDC.cpp.o)
                0x000835c0                CDC_GetInterface(unsigned char*)
 .text._Z21CDC_GetOtherInterfacePh
                0x000835d4       0x14 c:\Users\ADMIN\Documents\GitHub\linerescue\build/core\core.a(CDC.cpp.o)
                0x000835d4                CDC_GetOtherInterface(unsigned char*)
 .text._Z9CDC_SetupR8USBSetup
                0x000835e8       0x78 c:\Users\ADMIN\Documents\GitHub\linerescue\build/core\core.a(CDC.cpp.o)
                0x000835e8                CDC_Setup(USBSetup&)
 .text.startup._GLOBAL__sub_I_cdc_rx_buffer
                0x00083660       0x1c c:\Users\ADMIN\Documents\GitHub\linerescue\build/core\core.a(CDC.cpp.o)
 .text._ZN13PluggableUSB_12getInterfaceEPh
                0x0008367c       0x28 c:\Users\ADMIN\Documents\GitHub\linerescue\build/core\core.a(PluggableUSB.cpp.o)
                0x0008367c                PluggableUSB_::getInterface(unsigned char*)
 .text._ZN13PluggableUSB_13getDescriptorER8USBSetup
                0x000836a4       0x1c c:\Users\ADMIN\Documents\GitHub\linerescue\build/core\core.a(PluggableUSB.cpp.o)
                0x000836a4                PluggableUSB_::getDescriptor(USBSetup&)
 .text._ZN13PluggableUSB_12getShortNameEPc
                0x000836c0       0x1c c:\Users\ADMIN\Documents\GitHub\linerescue\build/core\core.a(PluggableUSB.cpp.o)
                0x000836c0                PluggableUSB_::getShortName(char*)
 .text._ZN13PluggableUSB_5setupER8USBSetup
                0x000836dc       0x20 c:\Users\ADMIN\Documents\GitHub\linerescue\build/core\core.a(PluggableUSB.cpp.o)
                0x000836dc                PluggableUSB_::setup(USBSetup&)
 .text._Z12PluggableUSBv
                0x000836fc       0x28 c:\Users\ADMIN\Documents\GitHub\linerescue\build/core\core.a(PluggableUSB.cpp.o)
                0x000836fc                PluggableUSB()
 .text.FindClockConfiguration
                0x00083724       0x7c C:\Users\ADMIN\AppData\Local\Arduino15\packages\arduino\hardware\sam\1.6.12\variants\arduino_due_x/libsam_sam3x8e_gcc_rel.a(pwmc.o)
 .text.PWMC_ConfigureChannel
                0x000837a0       0x60 C:\Users\ADMIN\AppData\Local\Arduino15\packages\arduino\hardware\sam\1.6.12\variants\arduino_due_x/libsam_sam3x8e_gcc_rel.a(pwmc.o)
                0x000837a0                PWMC_ConfigureChannel
 .text.PWMC_ConfigureClocks
                0x00083800       0x54 C:\Users\ADMIN\AppData\Local\Arduino15\packages\arduino\hardware\sam\1.6.12\variants\arduino_due_x/libsam_sam3x8e_gcc_rel.a(pwmc.o)
                0x00083800                PWMC_ConfigureClocks
 .text.PWMC_SetPeriod
                0x00083854       0x1a C:\Users\ADMIN\AppData\Local\Arduino15\packages\arduino\hardware\sam\1.6.12\variants\arduino_due_x/libsam_sam3x8e_gcc_rel.a(pwmc.o)
                0x00083854                PWMC_SetPeriod
 *fill*         0x0008386e        0x2 
 .text.PWMC_SetDutyCycle
                0x00083870       0x44 C:\Users\ADMIN\AppData\Local\Arduino15\packages\arduino\hardware\sam\1.6.12\variants\arduino_due_x/libsam_sam3x8e_gcc_rel.a(pwmc.o)
                0x00083870                PWMC_SetDutyCycle
 .text.PWMC_EnableChannel
                0x000838b4        0xa C:\Users\ADMIN\AppData\Local\Arduino15\packages\arduino\hardware\sam\1.6.12\variants\arduino_due_x/libsam_sam3x8e_gcc_rel.a(pwmc.o)
                0x000838b4                PWMC_EnableChannel
 *fill*         0x000838be        0x2 
 .text.TC_Configure
                0x000838c0       0x38 C:\Users\ADMIN\AppData\Local\Arduino15\packages\arduino\hardware\sam\1.6.12\variants\arduino_due_x/libsam_sam3x8e_gcc_rel.a(tc.o)
                0x000838c0                TC_Configure
 .text.TC_Start
                0x000838f8       0x2c C:\Users\ADMIN\AppData\Local\Arduino15\packages\arduino\hardware\sam\1.6.12\variants\arduino_due_x/libsam_sam3x8e_gcc_rel.a(tc.o)
                0x000838f8                TC_Start
 .text.TC_SetRA
                0x00083924        0x8 C:\Users\ADMIN\AppData\Local\Arduino15\packages\arduino\hardware\sam\1.6.12\variants\arduino_due_x/libsam_sam3x8e_gcc_rel.a(tc.o)
                0x00083924                TC_SetRA
 .text.TC_SetRB
                0x0008392c        0x8 C:\Users\ADMIN\AppData\Local\Arduino15\packages\arduino\hardware\sam\1.6.12\variants\arduino_due_x/libsam_sam3x8e_gcc_rel.a(tc.o)
                0x0008392c                TC_SetRB
 .text.TC_SetRC
                0x00083934        0x8 C:\Users\ADMIN\AppData\Local\Arduino15\packages\arduino\hardware\sam\1.6.12\variants\arduino_due_x/libsam_sam3x8e_gcc_rel.a(tc.o)
                0x00083934                TC_SetRC
 .text.TimeTick_Increment
                0x0008393c       0x10 C:\Users\ADMIN\AppData\Local\Arduino15\packages\arduino\hardware\sam\1.6.12\variants\arduino_due_x/libsam_sam3x8e_gcc_rel.a(timetick.o)
                0x0008393c                TimeTick_Increment
 .text.GetTickCount
                0x0008394c        0xc C:\Users\ADMIN\AppData\Local\Arduino15\packages\arduino\hardware\sam\1.6.12\variants\arduino_due_x/libsam_sam3x8e_gcc_rel.a(timetick.o)
                0x0008394c                GetTickCount
 .text.WDT_Disable
                0x00083958        0x8 C:\Users\ADMIN\AppData\Local\Arduino15\packages\arduino\hardware\sam\1.6.12\variants\arduino_due_x/libsam_sam3x8e_gcc_rel.a(wdt.o)
                0x00083958                WDT_Disable
 .text.UDD_SetStack
                0x00083960        0xc C:\Users\ADMIN\AppData\Local\Arduino15\packages\arduino\hardware\sam\1.6.12\variants\arduino_due_x/libsam_sam3x8e_gcc_rel.a(uotghs_device.o)
                0x00083960                UDD_SetStack
 .text.UDD_Init
                0x0008396c       0xd0 C:\Users\ADMIN\AppData\Local\Arduino15\packages\arduino\hardware\sam\1.6.12\variants\arduino_due_x/libsam_sam3x8e_gcc_rel.a(uotghs_device.o)
                0x0008396c                UDD_Init
 .text.UDD_Attach
                0x00083a3c       0x50 C:\Users\ADMIN\AppData\Local\Arduino15\packages\arduino\hardware\sam\1.6.12\variants\arduino_due_x/libsam_sam3x8e_gcc_rel.a(uotghs_device.o)
                0x00083a3c                UDD_Attach
 .text.UDD_InitEP
                0x00083a8c       0x2c C:\Users\ADMIN\AppData\Local\Arduino15\packages\arduino\hardware\sam\1.6.12\variants\arduino_due_x/libsam_sam3x8e_gcc_rel.a(uotghs_device.o)
                0x00083a8c                UDD_InitEP
 .text.UDD_InitEndpoints
                0x00083ab8       0x3c C:\Users\ADMIN\AppData\Local\Arduino15\packages\arduino\hardware\sam\1.6.12\variants\arduino_due_x/libsam_sam3x8e_gcc_rel.a(uotghs_device.o)
                0x00083ab8                UDD_InitEndpoints
 .text.UDD_WaitIN
                0x00083af4       0x10 C:\Users\ADMIN\AppData\Local\Arduino15\packages\arduino\hardware\sam\1.6.12\variants\arduino_due_x/libsam_sam3x8e_gcc_rel.a(uotghs_device.o)
                0x00083af4                UDD_WaitIN
 .text.UDD_WaitOUT
                0x00083b04       0x10 C:\Users\ADMIN\AppData\Local\Arduino15\packages\arduino\hardware\sam\1.6.12\variants\arduino_due_x/libsam_sam3x8e_gcc_rel.a(uotghs_device.o)
                0x00083b04                UDD_WaitOUT
 .text.UDD_ClearIN
                0x00083b14       0x18 C:\Users\ADMIN\AppData\Local\Arduino15\packages\arduino\hardware\sam\1.6.12\variants\arduino_due_x/libsam_sam3x8e_gcc_rel.a(uotghs_device.o)
                0x00083b14                UDD_ClearIN
 .text.UDD_ClearOUT
                0x00083b2c       0x18 C:\Users\ADMIN\AppData\Local\Arduino15\packages\arduino\hardware\sam\1.6.12\variants\arduino_due_x/libsam_sam3x8e_gcc_rel.a(uotghs_device.o)
                0x00083b2c                UDD_ClearOUT
 .text.UDD_ReceivedSetupInt
                0x00083b44       0x10 C:\Users\ADMIN\AppData\Local\Arduino15\packages\arduino\hardware\sam\1.6.12\variants\arduino_due_x/libsam_sam3x8e_gcc_rel.a(uotghs_device.o)
                0x00083b44                UDD_ReceivedSetupInt
 .text.UDD_ClearSetupInt
                0x00083b54       0x10 C:\Users\ADMIN\AppData\Local\Arduino15\packages\arduino\hardware\sam\1.6.12\variants\arduino_due_x/libsam_sam3x8e_gcc_rel.a(uotghs_device.o)
                0x00083b54                UDD_ClearSetupInt
 .text.UDD_Send
                0x00083b64       0x88 C:\Users\ADMIN\AppData\Local\Arduino15\packages\arduino\hardware\sam\1.6.12\variants\arduino_due_x/libsam_sam3x8e_gcc_rel.a(uotghs_device.o)
                0x00083b64                UDD_Send
 .text.UDD_Send8
                0x00083bec       0x24 C:\Users\ADMIN\AppData\Local\Arduino15\packages\arduino\hardware\sam\1.6.12\variants\arduino_due_x/libsam_sam3x8e_gcc_rel.a(uotghs_device.o)
                0x00083bec                UDD_Send8
 .text.UDD_Recv8
                0x00083c10       0x28 C:\Users\ADMIN\AppData\Local\Arduino15\packages\arduino\hardware\sam\1.6.12\variants\arduino_due_x/libsam_sam3x8e_gcc_rel.a(uotghs_device.o)
                0x00083c10                UDD_Recv8
 .text.UDD_Recv
                0x00083c38       0x34 C:\Users\ADMIN\AppData\Local\Arduino15\packages\arduino\hardware\sam\1.6.12\variants\arduino_due_x/libsam_sam3x8e_gcc_rel.a(uotghs_device.o)
                0x00083c38                UDD_Recv
 .text.UDD_Stall
                0x00083c6c       0x14 C:\Users\ADMIN\AppData\Local\Arduino15\packages\arduino\hardware\sam\1.6.12\variants\arduino_due_x/libsam_sam3x8e_gcc_rel.a(uotghs_device.o)
                0x00083c6c                UDD_Stall
 .text.UDD_FifoByteCount
                0x00083c80       0x14 C:\Users\ADMIN\AppData\Local\Arduino15\packages\arduino\hardware\sam\1.6.12\variants\arduino_due_x/libsam_sam3x8e_gcc_rel.a(uotghs_device.o)
                0x00083c80                UDD_FifoByteCount
 .text.UDD_ReleaseRX
                0x00083c94       0x28 C:\Users\ADMIN\AppData\Local\Arduino15\packages\arduino\hardware\sam\1.6.12\variants\arduino_due_x/libsam_sam3x8e_gcc_rel.a(uotghs_device.o)
                0x00083c94                UDD_ReleaseRX
 .text.UDD_ReleaseTX
                0x00083cbc       0x28 C:\Users\ADMIN\AppData\Local\Arduino15\packages\arduino\hardware\sam\1.6.12\variants\arduino_due_x/libsam_sam3x8e_gcc_rel.a(uotghs_device.o)
                0x00083cbc                UDD_ReleaseTX
 .text.UDD_SetAddress
                0x00083ce4       0x20 C:\Users\ADMIN\AppData\Local\Arduino15\packages\arduino\hardware\sam\1.6.12\variants\arduino_due_x/libsam_sam3x8e_gcc_rel.a(uotghs_device.o)
                0x00083ce4                UDD_SetAddress
 .text.dacc_reset
                0x00083d04        0x6 C:\Users\ADMIN\AppData\Local\Arduino15\packages\arduino\hardware\sam\1.6.12\variants\arduino_due_x/libsam_sam3x8e_gcc_rel.a(dacc.o)
                0x00083d04                dacc_reset
 .text.dacc_set_transfer_mode
                0x00083d0a       0x14 C:\Users\ADMIN\AppData\Local\Arduino15\packages\arduino\hardware\sam\1.6.12\variants\arduino_due_x/libsam_sam3x8e_gcc_rel.a(dacc.o)
                0x00083d0a                dacc_set_transfer_mode
 .text.dacc_get_interrupt_status
                0x00083d1e        0x4 C:\Users\ADMIN\AppData\Local\Arduino15\packages\arduino\hardware\sam\1.6.12\variants\arduino_due_x/libsam_sam3x8e_gcc_rel.a(dacc.o)
                0x00083d1e                dacc_get_interrupt_status
 .text.dacc_write_conversion_data
                0x00083d22        0x4 C:\Users\ADMIN\AppData\Local\Arduino15\packages\arduino\hardware\sam\1.6.12\variants\arduino_due_x/libsam_sam3x8e_gcc_rel.a(dacc.o)
                0x00083d22                dacc_write_conversion_data
 .text.dacc_set_channel_selection
                0x00083d26       0x18 C:\Users\ADMIN\AppData\Local\Arduino15\packages\arduino\hardware\sam\1.6.12\variants\arduino_due_x/libsam_sam3x8e_gcc_rel.a(dacc.o)
                0x00083d26                dacc_set_channel_selection
 .text.dacc_set_power_save
                0x00083d3e       0x24 C:\Users\ADMIN\AppData\Local\Arduino15\packages\arduino\hardware\sam\1.6.12\variants\arduino_due_x/libsam_sam3x8e_gcc_rel.a(dacc.o)
                0x00083d3e                dacc_set_power_save
 .text.dacc_set_timing
                0x00083d62       0x2c C:\Users\ADMIN\AppData\Local\Arduino15\packages\arduino\hardware\sam\1.6.12\variants\arduino_due_x/libsam_sam3x8e_gcc_rel.a(dacc.o)
                0x00083d62                dacc_set_timing
 .text.dacc_enable_channel
                0x00083d8e       0x12 C:\Users\ADMIN\AppData\Local\Arduino15\packages\arduino\hardware\sam\1.6.12\variants\arduino_due_x/libsam_sam3x8e_gcc_rel.a(dacc.o)
                0x00083d8e                dacc_enable_channel
 .text.dacc_get_channel_status
                0x00083da0        0x4 C:\Users\ADMIN\AppData\Local\Arduino15\packages\arduino\hardware\sam\1.6.12\variants\arduino_due_x/libsam_sam3x8e_gcc_rel.a(dacc.o)
                0x00083da0                dacc_get_channel_status
 .text.dacc_set_analog_control
                0x00083da4        0x8 C:\Users\ADMIN\AppData\Local\Arduino15\packages\arduino\hardware\sam\1.6.12\variants\arduino_due_x/libsam_sam3x8e_gcc_rel.a(dacc.o)
                0x00083da4                dacc_set_analog_control
 .text          0x00083dac      0x21c c:/users/admin/appdata/local/arduino15/packages/arduino/tools/arm-none-eabi-gcc/4.8.3-2014q1/bin/../lib/gcc/arm-none-eabi/4.8.3/armv7-m\libgcc.a(_arm_addsubsf3.o)
                0x00083dac                __aeabi_frsub
                0x00083db4                __subsf3
                0x00083db4                __aeabi_fsub
                0x00083db8                __aeabi_fadd
                0x00083db8                __addsf3
                0x00083f18                __aeabi_ui2f
                0x00083f18                __floatunsisf
                0x00083f20                __aeabi_i2f
                0x00083f20                __floatsisf
                0x00083f3c                __aeabi_ul2f
                0x00083f3c                __floatundisf
                0x00083f4c                __aeabi_l2f
                0x00083f4c                __floatdisf
 .text          0x00083fc8      0x2a0 c:/users/admin/appdata/local/arduino15/packages/arduino/tools/arm-none-eabi-gcc/4.8.3-2014q1/bin/../lib/gcc/arm-none-eabi/4.8.3/armv7-m\libgcc.a(_arm_muldivsf3.o)
                0x00083fc8                __mulsf3
                0x00083fc8                __aeabi_fmul
                0x00084130                __aeabi_fdiv
                0x00084130                __divsf3
 .text          0x00084268       0xec c:/users/admin/appdata/local/arduino15/packages/arduino/tools/arm-none-eabi-gcc/4.8.3-2014q1/bin/../lib/gcc/arm-none-eabi/4.8.3/armv7-m\libgcc.a(_arm_cmpsf2.o)
                0x00084268                __gesf2
                0x00084268                __gtsf2
                0x00084270                __lesf2
                0x00084270                __ltsf2
                0x00084278                __nesf2
                0x00084278                __eqsf2
                0x00084278                __cmpsf2
                0x000842d8                __aeabi_cfrcmple
                0x000842e0                __aeabi_cfcmpeq
                0x000842e0                __aeabi_cfcmple
                0x000842f0                __aeabi_fcmpeq
                0x00084304                __aeabi_fcmplt
                0x00084318                __aeabi_fcmple
                0x0008432c                __aeabi_fcmpge
                0x00084340                __aeabi_fcmpgt
 .text          0x00084354       0x4c c:/users/admin/appdata/local/arduino15/packages/arduino/tools/arm-none-eabi-gcc/4.8.3-2014q1/bin/../lib/gcc/arm-none-eabi/4.8.3/armv7-m\libgcc.a(_arm_fixsfsi.o)
                0x00084354                __aeabi_f2iz
                0x00084354                __fixsfsi
 .text.__aeabi_atexit
                0x000843a0        0xc c:/users/admin/appdata/local/arduino15/packages/arduino/tools/arm-none-eabi-gcc/4.8.3-2014q1/bin/../lib/gcc/arm-none-eabi/4.8.3/../../../../arm-none-eabi/lib/armv7-m\libc.a(lib_a-aeabi_atexit.o)
                0x000843a0                __aeabi_atexit
 .text.__assert_func
                0x000843ac       0x3c c:/users/admin/appdata/local/arduino15/packages/arduino/tools/arm-none-eabi-gcc/4.8.3-2014q1/bin/../lib/gcc/arm-none-eabi/4.8.3/../../../../arm-none-eabi/lib/armv7-m\libc.a(lib_a-assert.o)
                0x000843ac                __assert_func
 .text.__cxa_atexit
                0x000843e8       0x14 c:/users/admin/appdata/local/arduino15/packages/arduino/tools/arm-none-eabi-gcc/4.8.3-2014q1/bin/../lib/gcc/arm-none-eabi/4.8.3/../../../../arm-none-eabi/lib/armv7-m\libc.a(lib_a-cxa_atexit.o)
                0x000843e8                __cxa_atexit
 .text.fiprintf
                0x000843fc       0x28 c:/users/admin/appdata/local/arduino15/packages/arduino/tools/arm-none-eabi-gcc/4.8.3-2014q1/bin/../lib/gcc/arm-none-eabi/4.8.3/../../../../arm-none-eabi/lib/armv7-m\libc.a(lib_a-fiprintf.o)
                0x000843fc                fiprintf
 .text.__libc_init_array
                0x00084424       0x50 c:/users/admin/appdata/local/arduino15/packages/arduino/tools/arm-none-eabi-gcc/4.8.3-2014q1/bin/../lib/gcc/arm-none-eabi/4.8.3/../../../../arm-none-eabi/lib/armv7-m\libc.a(lib_a-init.o)
                0x00084424                __libc_init_array
 .text.malloc   0x00084474       0x10 c:/users/admin/appdata/local/arduino15/packages/arduino/tools/arm-none-eabi-gcc/4.8.3-2014q1/bin/../lib/gcc/arm-none-eabi/4.8.3/../../../../arm-none-eabi/lib/armv7-m\libc.a(lib_a-malloc.o)
                0x00084474                malloc
 .text.free     0x00084484       0x10 c:/users/admin/appdata/local/arduino15/packages/arduino/tools/arm-none-eabi-gcc/4.8.3-2014q1/bin/../lib/gcc/arm-none-eabi/4.8.3/../../../../arm-none-eabi/lib/armv7-m\libc.a(lib_a-malloc.o)
                0x00084484                free
 .text._malloc_r
                0x00084494      0x538 c:/users/admin/appdata/local/arduino15/packages/arduino/tools/arm-none-eabi-gcc/4.8.3-2014q1/bin/../lib/gcc/arm-none-eabi/4.8.3/../../../../arm-none-eabi/lib/armv7-m\libc.a(lib_a-mallocr.o)
                0x00084494                _malloc_r
 .text.memset   0x000849cc       0x94 c:/users/admin/appdata/local/arduino15/packages/arduino/tools/arm-none-eabi-gcc/4.8.3-2014q1/bin/../lib/gcc/arm-none-eabi/4.8.3/../../../../arm-none-eabi/lib/armv7-m\libc.a(lib_a-memset.o)
                0x000849cc                memset
 .text.__malloc_lock
                0x00084a60        0x4 c:/users/admin/appdata/local/arduino15/packages/arduino/tools/arm-none-eabi-gcc/4.8.3-2014q1/bin/../lib/gcc/arm-none-eabi/4.8.3/../../../../arm-none-eabi/lib/armv7-m\libc.a(lib_a-mlock.o)
                0x00084a60                __malloc_lock
 .text.__malloc_unlock
                0x00084a64        0x4 c:/users/admin/appdata/local/arduino15/packages/arduino/tools/arm-none-eabi-gcc/4.8.3-2014q1/bin/../lib/gcc/arm-none-eabi/4.8.3/../../../../arm-none-eabi/lib/armv7-m\libc.a(lib_a-mlock.o)
                0x00084a64                __malloc_unlock
 .text.realloc  0x00084a68       0x10 c:/users/admin/appdata/local/arduino15/packages/arduino/tools/arm-none-eabi-gcc/4.8.3-2014q1/bin/../lib/gcc/arm-none-eabi/4.8.3/../../../../arm-none-eabi/lib/armv7-m\libc.a(lib_a-realloc.o)
                0x00084a68                realloc
 .text._realloc_r
                0x00084a78      0x3c0 c:/users/admin/appdata/local/arduino15/packages/arduino/tools/arm-none-eabi-gcc/4.8.3-2014q1/bin/../lib/gcc/arm-none-eabi/4.8.3/../../../../arm-none-eabi/lib/armv7-m\libc.a(lib_a-reallocr.o)
                0x00084a78                _realloc_r
 .text._sbrk_r  0x00084e38       0x24 c:/users/admin/appdata/local/arduino15/packages/arduino/tools/arm-none-eabi-gcc/4.8.3-2014q1/bin/../lib/gcc/arm-none-eabi/4.8.3/../../../../arm-none-eabi/lib/armv7-m\libc.a(lib_a-sbrkr.o)
                0x00084e38                _sbrk_r
 .text.strlen   0x00084e5c       0x60 c:/users/admin/appdata/local/arduino15/packages/arduino/tools/arm-none-eabi-gcc/4.8.3-2014q1/bin/../lib/gcc/arm-none-eabi/4.8.3/../../../../arm-none-eabi/lib/armv7-m\libc.a(lib_a-strlen.o)
                0x00084e5c                strlen
 .text.kill     0x00084ebc       0x10 c:/users/admin/appdata/local/arduino15/packages/arduino/tools/arm-none-eabi-gcc/4.8.3-2014q1/bin/../lib/gcc/arm-none-eabi/4.8.3/../../../../arm-none-eabi/lib/armv7-m\libc.a(lib_a-syskill.o)
                0x00084ebc                kill
 .text.__sprint_r.part.0
                0x00084ecc       0x78 c:/users/admin/appdata/local/arduino15/packages/arduino/tools/arm-none-eabi-gcc/4.8.3-2014q1/bin/../lib/gcc/arm-none-eabi/4.8.3/../../../../arm-none-eabi/lib/armv7-m\libc.a(lib_a-vfiprintf.o)
 .text._vfiprintf_r
                0x00084f44      0xc54 c:/users/admin/appdata/local/arduino15/packages/arduino/tools/arm-none-eabi-gcc/4.8.3-2014q1/bin/../lib/gcc/arm-none-eabi/4.8.3/../../../../arm-none-eabi/lib/armv7-m\libc.a(lib_a-vfiprintf.o)
                0x00084f44                _vfiprintf_r
 .text.__sbprintf
                0x00085b98       0x7c c:/users/admin/appdata/local/arduino15/packages/arduino/tools/arm-none-eabi-gcc/4.8.3-2014q1/bin/../lib/gcc/arm-none-eabi/4.8.3/../../../../arm-none-eabi/lib/armv7-m\libc.a(lib_a-vfiprintf.o)
 .text.__swsetup_r
                0x00085c14       0xc4 c:/users/admin/appdata/local/arduino15/packages/arduino/tools/arm-none-eabi-gcc/4.8.3-2014q1/bin/../lib/gcc/arm-none-eabi/4.8.3/../../../../arm-none-eabi/lib/armv7-m\libc.a(lib_a-wsetup.o)
                0x00085c14                __swsetup_r
 .text.__register_exitproc
                0x00085cd8       0xa8 c:/users/admin/appdata/local/arduino15/packages/arduino/tools/arm-none-eabi-gcc/4.8.3-2014q1/bin/../lib/gcc/arm-none-eabi/4.8.3/../../../../arm-none-eabi/lib/armv7-m\libc.a(lib_a-__atexit.o)
                0x00085cd8                __register_exitproc
 .text.startup.register_fini
                0x00085d80       0x14 c:/users/admin/appdata/local/arduino15/packages/arduino/tools/arm-none-eabi-gcc/4.8.3-2014q1/bin/../lib/gcc/arm-none-eabi/4.8.3/../../../../arm-none-eabi/lib/armv7-m\libc.a(lib_a-__call_atexit.o)
 .text.abort    0x00085d94       0x10 c:/users/admin/appdata/local/arduino15/packages/arduino/tools/arm-none-eabi-gcc/4.8.3-2014q1/bin/../lib/gcc/arm-none-eabi/4.8.3/../../../../arm-none-eabi/lib/armv7-m\libc.a(lib_a-abort.o)
                0x00085d94                abort
 .text.atexit   0x00085da4        0xc c:/users/admin/appdata/local/arduino15/packages/arduino/tools/arm-none-eabi-gcc/4.8.3-2014q1/bin/../lib/gcc/arm-none-eabi/4.8.3/../../../../arm-none-eabi/lib/armv7-m\libc.a(lib_a-atexit.o)
                0x00085da4                atexit
 .text.__sflush_r
                0x00085db0      0x148 c:/users/admin/appdata/local/arduino15/packages/arduino/tools/arm-none-eabi-gcc/4.8.3-2014q1/bin/../lib/gcc/arm-none-eabi/4.8.3/../../../../arm-none-eabi/lib/armv7-m\libc.a(lib_a-fflush.o)
                0x00085db0                __sflush_r
 .text._fflush_r
                0x00085ef8       0x2c c:/users/admin/appdata/local/arduino15/packages/arduino/tools/arm-none-eabi-gcc/4.8.3-2014q1/bin/../lib/gcc/arm-none-eabi/4.8.3/../../../../arm-none-eabi/lib/armv7-m\libc.a(lib_a-fflush.o)
                0x00085ef8                _fflush_r
 .text._cleanup_r
                0x00085f24        0xc c:/users/admin/appdata/local/arduino15/packages/arduino/tools/arm-none-eabi-gcc/4.8.3-2014q1/bin/../lib/gcc/arm-none-eabi/4.8.3/../../../../arm-none-eabi/lib/armv7-m\libc.a(lib_a-findfp.o)
                0x00085f24                _cleanup_r
 .text.__sinit  0x00085f30       0xf4 c:/users/admin/appdata/local/arduino15/packages/arduino/tools/arm-none-eabi-gcc/4.8.3-2014q1/bin/../lib/gcc/arm-none-eabi/4.8.3/../../../../arm-none-eabi/lib/armv7-m\libc.a(lib_a-findfp.o)
                0x00085f30                __sinit
 .text.__sfp_lock_acquire
                0x00086024        0x4 c:/users/admin/appdata/local/arduino15/packages/arduino/tools/arm-none-eabi-gcc/4.8.3-2014q1/bin/../lib/gcc/arm-none-eabi/4.8.3/../../../../arm-none-eabi/lib/armv7-m\libc.a(lib_a-findfp.o)
                0x00086024                __sfp_lock_acquire
 .text.__sfp_lock_release
                0x00086028        0x4 c:/users/admin/appdata/local/arduino15/packages/arduino/tools/arm-none-eabi-gcc/4.8.3-2014q1/bin/../lib/gcc/arm-none-eabi/4.8.3/../../../../arm-none-eabi/lib/armv7-m\libc.a(lib_a-findfp.o)
                0x00086028                __sfp_lock_release
 .text.__libc_fini_array
                0x0008602c       0x30 c:/users/admin/appdata/local/arduino15/packages/arduino/tools/arm-none-eabi-gcc/4.8.3-2014q1/bin/../lib/gcc/arm-none-eabi/4.8.3/../../../../arm-none-eabi/lib/armv7-m\libc.a(lib_a-fini.o)
                0x0008602c                __libc_fini_array
 .text._fputwc_r
                0x0008605c       0xc0 c:/users/admin/appdata/local/arduino15/packages/arduino/tools/arm-none-eabi-gcc/4.8.3-2014q1/bin/../lib/gcc/arm-none-eabi/4.8.3/../../../../arm-none-eabi/lib/armv7-m\libc.a(lib_a-fputwc.o)
                0x0008605c                _fputwc_r
 .text._malloc_trim_r
                0x0008611c       0x9c c:/users/admin/appdata/local/arduino15/packages/arduino/tools/arm-none-eabi-gcc/4.8.3-2014q1/bin/../lib/gcc/arm-none-eabi/4.8.3/../../../../arm-none-eabi/lib/armv7-m\libc.a(lib_a-freer.o)
                0x0008611c                _malloc_trim_r
 .text._free_r  0x000861b8      0x198 c:/users/admin/appdata/local/arduino15/packages/arduino/tools/arm-none-eabi-gcc/4.8.3-2014q1/bin/../lib/gcc/arm-none-eabi/4.8.3/../../../../arm-none-eabi/lib/armv7-m\libc.a(lib_a-freer.o)
                0x000861b8                _free_r
 .text.__sfvwrite_r
                0x00086350      0x314 c:/users/admin/appdata/local/arduino15/packages/arduino/tools/arm-none-eabi-gcc/4.8.3-2014q1/bin/../lib/gcc/arm-none-eabi/4.8.3/../../../../arm-none-eabi/lib/armv7-m\libc.a(lib_a-fvwrite.o)
                0x00086350                __sfvwrite_r
 .text._fwalk   0x00086664       0x48 c:/users/admin/appdata/local/arduino15/packages/arduino/tools/arm-none-eabi-gcc/4.8.3-2014q1/bin/../lib/gcc/arm-none-eabi/4.8.3/../../../../arm-none-eabi/lib/armv7-m\libc.a(lib_a-fwalk.o)
                0x00086664                _fwalk
 .text.__locale_charset
                0x000866ac        0x8 c:/users/admin/appdata/local/arduino15/packages/arduino/tools/arm-none-eabi-gcc/4.8.3-2014q1/bin/../lib/gcc/arm-none-eabi/4.8.3/../../../../arm-none-eabi/lib/armv7-m\libc.a(lib_a-locale.o)
                0x000866ac                __locale_charset
 .text.__locale_mb_cur_max
                0x000866b4        0xc c:/users/admin/appdata/local/arduino15/packages/arduino/tools/arm-none-eabi-gcc/4.8.3-2014q1/bin/../lib/gcc/arm-none-eabi/4.8.3/../../../../arm-none-eabi/lib/armv7-m\libc.a(lib_a-locale.o)
                0x000866b4                __locale_mb_cur_max
 .text.__smakebuf_r
                0x000866c0       0xe0 c:/users/admin/appdata/local/arduino15/packages/arduino/tools/arm-none-eabi-gcc/4.8.3-2014q1/bin/../lib/gcc/arm-none-eabi/4.8.3/../../../../arm-none-eabi/lib/armv7-m\libc.a(lib_a-makebuf.o)
                0x000866c0                __smakebuf_r
 .text.memchr   0x000867a0       0x94 c:/users/admin/appdata/local/arduino15/packages/arduino/tools/arm-none-eabi-gcc/4.8.3-2014q1/bin/../lib/gcc/arm-none-eabi/4.8.3/../../../../arm-none-eabi/lib/armv7-m\libc.a(lib_a-memchr-stub.o)
                0x000867a0                memchr
 .text          0x00086834       0xec c:/users/admin/appdata/local/arduino15/packages/arduino/tools/arm-none-eabi-gcc/4.8.3-2014q1/bin/../lib/gcc/arm-none-eabi/4.8.3/../../../../arm-none-eabi/lib/armv7-m\libc.a(lib_a-memcpy.o)
                0x00086834                memcpy
 .text.memmove  0x00086920       0xcc c:/users/admin/appdata/local/arduino15/packages/arduino/tools/arm-none-eabi-gcc/4.8.3-2014q1/bin/../lib/gcc/arm-none-eabi/4.8.3/../../../../arm-none-eabi/lib/armv7-m\libc.a(lib_a-memmove.o)
                0x00086920                memmove
 .text._raise_r
                0x000869ec       0x58 c:/users/admin/appdata/local/arduino15/packages/arduino/tools/arm-none-eabi-gcc/4.8.3-2014q1/bin/../lib/gcc/arm-none-eabi/4.8.3/../../../../arm-none-eabi/lib/armv7-m\libc.a(lib_a-signal.o)
                0x000869ec                _raise_r
 .text.raise    0x00086a44       0x10 c:/users/admin/appdata/local/arduino15/packages/arduino/tools/arm-none-eabi-gcc/4.8.3-2014q1/bin/../lib/gcc/arm-none-eabi/4.8.3/../../../../arm-none-eabi/lib/armv7-m\libc.a(lib_a-signal.o)
                0x00086a44                raise
 .text._kill_r  0x00086a54       0x28 c:/users/admin/appdata/local/arduino15/packages/arduino/tools/arm-none-eabi-gcc/4.8.3-2014q1/bin/../lib/gcc/arm-none-eabi/4.8.3/../../../../arm-none-eabi/lib/armv7-m\libc.a(lib_a-signalr.o)
                0x00086a54                _kill_r
 .text._getpid_r
                0x00086a7c        0x4 c:/users/admin/appdata/local/arduino15/packages/arduino/tools/arm-none-eabi-gcc/4.8.3-2014q1/bin/../lib/gcc/arm-none-eabi/4.8.3/../../../../arm-none-eabi/lib/armv7-m\libc.a(lib_a-signalr.o)
                0x00086a7c                _getpid_r
 .text.__sread  0x00086a80       0x24 c:/users/admin/appdata/local/arduino15/packages/arduino/tools/arm-none-eabi-gcc/4.8.3-2014q1/bin/../lib/gcc/arm-none-eabi/4.8.3/../../../../arm-none-eabi/lib/armv7-m\libc.a(lib_a-stdio.o)
                0x00086a80                __sread
 .text.__swrite
                0x00086aa4       0x38 c:/users/admin/appdata/local/arduino15/packages/arduino/tools/arm-none-eabi-gcc/4.8.3-2014q1/bin/../lib/gcc/arm-none-eabi/4.8.3/../../../../arm-none-eabi/lib/armv7-m\libc.a(lib_a-stdio.o)
                0x00086aa4                __swrite
 .text.__sseek  0x00086adc       0x20 c:/users/admin/appdata/local/arduino15/packages/arduino/tools/arm-none-eabi-gcc/4.8.3-2014q1/bin/../lib/gcc/arm-none-eabi/4.8.3/../../../../arm-none-eabi/lib/armv7-m\libc.a(lib_a-stdio.o)
                0x00086adc                __sseek
 .text.__sclose
                0x00086afc        0x8 c:/users/admin/appdata/local/arduino15/packages/arduino/tools/arm-none-eabi-gcc/4.8.3-2014q1/bin/../lib/gcc/arm-none-eabi/4.8.3/../../../../arm-none-eabi/lib/armv7-m\libc.a(lib_a-stdio.o)
                0x00086afc                __sclose
 .text.__swbuf_r
                0x00086b04       0xa8 c:/users/admin/appdata/local/arduino15/packages/arduino/tools/arm-none-eabi-gcc/4.8.3-2014q1/bin/../lib/gcc/arm-none-eabi/4.8.3/../../../../arm-none-eabi/lib/armv7-m\libc.a(lib_a-wbuf.o)
                0x00086b04                __swbuf_r
 .text._wcrtomb_r
                0x00086bac       0x50 c:/users/admin/appdata/local/arduino15/packages/arduino/tools/arm-none-eabi-gcc/4.8.3-2014q1/bin/../lib/gcc/arm-none-eabi/4.8.3/../../../../arm-none-eabi/lib/armv7-m\libc.a(lib_a-wcrtomb.o)
                0x00086bac                _wcrtomb_r
 .text.__ascii_wctomb
                0x00086bfc       0x1c c:/users/admin/appdata/local/arduino15/packages/arduino/tools/arm-none-eabi-gcc/4.8.3-2014q1/bin/../lib/gcc/arm-none-eabi/4.8.3/../../../../arm-none-eabi/lib/armv7-m\libc.a(lib_a-wctomb_r.o)
                0x00086bfc                __ascii_wctomb
 .text._write_r
                0x00086c18       0x28 c:/users/admin/appdata/local/arduino15/packages/arduino/tools/arm-none-eabi-gcc/4.8.3-2014q1/bin/../lib/gcc/arm-none-eabi/4.8.3/../../../../arm-none-eabi/lib/armv7-m\libc.a(lib_a-writer.o)
                0x00086c18                _write_r
 .text._close_r
                0x00086c40       0x24 c:/users/admin/appdata/local/arduino15/packages/arduino/tools/arm-none-eabi-gcc/4.8.3-2014q1/bin/../lib/gcc/arm-none-eabi/4.8.3/../../../../arm-none-eabi/lib/armv7-m\libc.a(lib_a-closer.o)
                0x00086c40                _close_r
 .text._fclose_r
                0x00086c64       0x80 c:/users/admin/appdata/local/arduino15/packages/arduino/tools/arm-none-eabi-gcc/4.8.3-2014q1/bin/../lib/gcc/arm-none-eabi/4.8.3/../../../../arm-none-eabi/lib/armv7-m\libc.a(lib_a-fclose.o)
                0x00086c64                _fclose_r
 .text.fclose   0x00086ce4       0x10 c:/users/admin/appdata/local/arduino15/packages/arduino/tools/arm-none-eabi-gcc/4.8.3-2014q1/bin/../lib/gcc/arm-none-eabi/4.8.3/../../../../arm-none-eabi/lib/armv7-m\libc.a(lib_a-fclose.o)
                0x00086ce4                fclose
 .text._fstat_r
                0x00086cf4       0x28 c:/users/admin/appdata/local/arduino15/packages/arduino/tools/arm-none-eabi-gcc/4.8.3-2014q1/bin/../lib/gcc/arm-none-eabi/4.8.3/../../../../arm-none-eabi/lib/armv7-m\libc.a(lib_a-fstatr.o)
                0x00086cf4                _fstat_r
 .text._isatty_r
                0x00086d1c       0x24 c:/users/admin/appdata/local/arduino15/packages/arduino/tools/arm-none-eabi-gcc/4.8.3-2014q1/bin/../lib/gcc/arm-none-eabi/4.8.3/../../../../arm-none-eabi/lib/armv7-m\libc.a(lib_a-isattyr.o)
                0x00086d1c                _isatty_r
 .text._lseek_r
                0x00086d40       0x28 c:/users/admin/appdata/local/arduino15/packages/arduino/tools/arm-none-eabi-gcc/4.8.3-2014q1/bin/../lib/gcc/arm-none-eabi/4.8.3/../../../../arm-none-eabi/lib/armv7-m\libc.a(lib_a-lseekr.o)
                0x00086d40                _lseek_r
 .text._read_r  0x00086d68       0x28 c:/users/admin/appdata/local/arduino15/packages/arduino/tools/arm-none-eabi-gcc/4.8.3-2014q1/bin/../lib/gcc/arm-none-eabi/4.8.3/../../../../arm-none-eabi/lib/armv7-m\libc.a(lib_a-readr.o)
                0x00086d68                _read_r
 .text          0x00086d90       0x2c c:/users/admin/appdata/local/arduino15/packages/arduino/tools/arm-none-eabi-gcc/4.8.3-2014q1/bin/../lib/gcc/arm-none-eabi/4.8.3/armv7-m\libgcc.a(_aeabi_uldivmod.o)
                0x00086d90                __aeabi_uldivmod
 .text          0x00086dbc       0x60 c:/users/admin/appdata/local/arduino15/packages/arduino/tools/arm-none-eabi-gcc/4.8.3-2014q1/bin/../lib/gcc/arm-none-eabi/4.8.3/armv7-m\libgcc.a(bpabi.o)
                0x00086dbc                __gnu_ldivmod_helper
                0x00086dec                __gnu_uldivmod_helper
 .text          0x00086e1c        0x4 c:/users/admin/appdata/local/arduino15/packages/arduino/tools/arm-none-eabi-gcc/4.8.3-2014q1/bin/../lib/gcc/arm-none-eabi/4.8.3/armv7-m\libgcc.a(_dvmd_tls.o)
                0x00086e1c                __aeabi_idiv0
                0x00086e1c                __aeabi_ldiv0
 .text          0x00086e20      0x2a0 c:/users/admin/appdata/local/arduino15/packages/arduino/tools/arm-none-eabi-gcc/4.8.3-2014q1/bin/../lib/gcc/arm-none-eabi/4.8.3/armv7-m\libgcc.a(_divdi3.o)
                0x00086e20                __divdi3
 .text          0x000870c0      0x290 c:/users/admin/appdata/local/arduino15/packages/arduino/tools/arm-none-eabi-gcc/4.8.3-2014q1/bin/../lib/gcc/arm-none-eabi/4.8.3/armv7-m\libgcc.a(_udivdi3.o)
                0x000870c0                __udivdi3
 *(.glue_7t)
 .glue_7t       0x00000000        0x0 linker stubs
 *(.glue_7)
 .glue_7        0x00000000        0x0 linker stubs
 *(.rodata .rodata* .gnu.linkonce.r.*)
 .rodata._ZL10QUAD_TABLE
                0x00087350       0x10 c:\Users\ADMIN\Documents\GitHub\linerescue\build\sketch\encoders.cpp.o
 .rodata.str1.1
                0x00087360       0x12 c:\Users\ADMIN\Documents\GitHub\linerescue\build\sketch\linerescue.ino.cpp.o
 *fill*         0x00087372        0x2 
 .rodata        0x00087374       0x40 c:\Users\ADMIN\Documents\GitHub\linerescue\build\sketch\motores.cpp.o
 .rodata.str1.1
                0x000873b4       0x23 c:\Users\ADMIN\Documents\GitHub\linerescue\build\sketch\rgb.cpp.o
 .rodata._ZL11SENSOR_PINS
                0x000873d7        0x8 c:\Users\ADMIN\Documents\GitHub\linerescue\build\sketch\sensores.cpp.o
 .rodata.str1.1
                0x000873df       0x43 c:\Users\ADMIN\Documents\GitHub\linerescue\build\sketch\sensores.cpp.o
                                 0x45 (size before relaxing)
 *fill*         0x00087422        0x6 
 .rodata._ZTV7TwoWire
                0x00087428       0x20 c:\Users\ADMIN\Documents\GitHub\linerescue\build\libraries\Wire\Wire.cpp.o
                0x00087428                vtable for TwoWire
 .rodata.g_APinDescription
                0x00087448      0xa2c c:\Users\ADMIN\Documents\GitHub\linerescue\build\core\variant.cpp.o
                0x00087448                g_APinDescription
 .rodata.__func__.7227
                0x00087e74        0xe C:\Users\ADMIN\AppData\Local\Arduino15\packages\arduino\hardware\sam\1.6.12\variants\arduino_due_x/libsam_sam3x8e_gcc_rel.a(twi.o)
 .rodata.__func__.7157
                0x00087e82        0xd C:\Users\ADMIN\AppData\Local\Arduino15\packages\arduino\hardware\sam\1.6.12\variants\arduino_due_x/libsam_sam3x8e_gcc_rel.a(twi.o)
 .rodata.__func__.7208
                0x00087e8f        0xf C:\Users\ADMIN\AppData\Local\Arduino15\packages\arduino\hardware\sam\1.6.12\variants\arduino_due_x/libsam_sam3x8e_gcc_rel.a(twi.o)
 .rodata.__func__.7176
                0x00087e9e        0xc C:\Users\ADMIN\AppData\Local\Arduino15\packages\arduino\hardware\sam\1.6.12\variants\arduino_due_x/libsam_sam3x8e_gcc_rel.a(twi.o)
 .rodata.str1.1
                0x00087eaa       0xb4 C:\Users\ADMIN\AppData\Local\Arduino15\packages\arduino\hardware\sam\1.6.12\variants\arduino_due_x/libsam_sam3x8e_gcc_rel.a(twi.o)
 .rodata.__func__.7184
                0x00087f5e        0x9 C:\Users\ADMIN\AppData\Local\Arduino15\packages\arduino\hardware\sam\1.6.12\variants\arduino_due_x/libsam_sam3x8e_gcc_rel.a(twi.o)
 .rodata.__func__.7240
                0x00087f67       0x16 C:\Users\ADMIN\AppData\Local\Arduino15\packages\arduino\hardware\sam\1.6.12\variants\arduino_due_x/libsam_sam3x8e_gcc_rel.a(twi.o)
 .rodata.__func__.7191
                0x00087f7d        0xe C:\Users\ADMIN\AppData\Local\Arduino15\packages\arduino\hardware\sam\1.6.12\variants\arduino_due_x/libsam_sam3x8e_gcc_rel.a(twi.o)
 .rodata.__func__.7231
                0x00087f8b        0xe C:\Users\ADMIN\AppData\Local\Arduino15\packages\arduino\hardware\sam\1.6.12\variants\arduino_due_x/libsam_sam3x8e_gcc_rel.a(twi.o)
 .rodata.__func__.7195
                0x00087f99        0xd C:\Users\ADMIN\AppData\Local\Arduino15\packages\arduino\hardware\sam\1.6.12\variants\arduino_due_x/libsam_sam3x8e_gcc_rel.a(twi.o)
 .rodata.__func__.7222
                0x00087fa6        0xd C:\Users\ADMIN\AppData\Local\Arduino15\packages\arduino\hardware\sam\1.6.12\variants\arduino_due_x/libsam_sam3x8e_gcc_rel.a(twi.o)
 .rodata.__func__.7200
                0x00087fb3        0xe C:\Users\ADMIN\AppData\Local\Arduino15\packages\arduino\hardware\sam\1.6.12\variants\arduino_due_x/libsam_sam3x8e_gcc_rel.a(twi.o)
 .rodata.__func__.7151
                0x00087fc1       0x14 C:\Users\ADMIN\AppData\Local\Arduino15\packages\arduino\hardware\sam\1.6.12\variants\arduino_due_x/libsam_sam3x8e_gcc_rel.a(twi.o)
 *fill*         0x00087fd5        0x3 
 .rodata        0x00087fd8       0x40 C:\Users\ADMIN\AppData\Local\Arduino15\packages\arduino\hardware\sam\1.6.12\variants\arduino_due_x/libsam_sam3x8e_gcc_rel.a(adc.o)
 .rodata.str1.1
                0x00088018        0xf c:\Users\ADMIN\Documents\GitHub\linerescue\build/core\core.a(Print.cpp.o)
 *fill*         0x00088027        0x1 
 .rodata._ZTV9UARTClass
                0x00088028       0x30 c:\Users\ADMIN\Documents\GitHub\linerescue\build/core\core.a(UARTClass.cpp.o)
                0x00088028                vtable for UARTClass
 .rodata._ZTV10USARTClass
                0x00088058       0x30 c:\Users\ADMIN\Documents\GitHub\linerescue\build/core\core.a(USARTClass.cpp.o)
                0x00088058                vtable for USARTClass
 .rodata.channelToId.9433
                0x00088088       0x48 c:\Users\ADMIN\Documents\GitHub\linerescue\build/core\core.a(wiring_analog.c.o)
 .rodata.channelToTC.9432
                0x000880d0       0x48 c:\Users\ADMIN\Documents\GitHub\linerescue\build/core\core.a(wiring_analog.c.o)
 .rodata.channelToChNo.9430
                0x00088118       0x48 c:\Users\ADMIN\Documents\GitHub\linerescue\build/core\core.a(wiring_analog.c.o)
 .rodata.channelToAB.9431
                0x00088160       0x48 c:\Users\ADMIN\Documents\GitHub\linerescue\build/core\core.a(wiring_analog.c.o)
 .rodata.STRING_PRODUCT
                0x000881a8        0xc c:\Users\ADMIN\Documents\GitHub\linerescue\build/core\core.a(USBCore.cpp.o)
                0x000881a8                STRING_PRODUCT
 .rodata.USB_DeviceDescriptor
                0x000881b4       0x12 c:\Users\ADMIN\Documents\GitHub\linerescue\build/core\core.a(USBCore.cpp.o)
                0x000881b4                USB_DeviceDescriptor
 .rodata.STRING_LANGUAGE
                0x000881c6        0x4 c:\Users\ADMIN\Documents\GitHub\linerescue\build/core\core.a(USBCore.cpp.o)
                0x000881c6                STRING_LANGUAGE
 .rodata._ZL18test_packet_buffer
                0x000881ca       0x35 c:\Users\ADMIN\Documents\GitHub\linerescue\build/core\core.a(USBCore.cpp.o)
 .rodata.STRING_MANUFACTURER
                0x000881ff        0xc c:\Users\ADMIN\Documents\GitHub\linerescue\build/core\core.a(USBCore.cpp.o)
                0x000881ff                STRING_MANUFACTURER
 .rodata.USB_DeviceDescriptorA
                0x0008820b       0x12 c:\Users\ADMIN\Documents\GitHub\linerescue\build/core\core.a(USBCore.cpp.o)
                0x0008820b                USB_DeviceDescriptorA
 .rodata._ZL19USB_DeviceQualifier
                0x0008821d        0x9 c:\Users\ADMIN\Documents\GitHub\linerescue\build/core\core.a(USBCore.cpp.o)
 *fill*         0x00088226        0x2 
 .rodata._ZTV7Serial_
                0x00088228       0x28 c:\Users\ADMIN\Documents\GitHub\linerescue\build/core\core.a(CDC.cpp.o)
                0x00088228                vtable for Serial_
 .rodata._ZL18_cdcOtherInterface
                0x00088250       0x42 c:\Users\ADMIN\Documents\GitHub\linerescue\build/core\core.a(CDC.cpp.o)
 .rodata._ZL13_cdcInterface
                0x00088292       0x42 c:\Users\ADMIN\Documents\GitHub\linerescue\build/core\core.a(CDC.cpp.o)
 .rodata        0x000882d4       0x2c C:\Users\ADMIN\AppData\Local\Arduino15\packages\arduino\hardware\sam\1.6.12\variants\arduino_due_x/libsam_sam3x8e_gcc_rel.a(pwmc.o)
 .rodata.__func__.6830
                0x00088300       0x15 C:\Users\ADMIN\AppData\Local\Arduino15\packages\arduino\hardware\sam\1.6.12\variants\arduino_due_x/libsam_sam3x8e_gcc_rel.a(pwmc.o)
 .rodata.__func__.6841
                0x00088315       0x12 C:\Users\ADMIN\AppData\Local\Arduino15\packages\arduino\hardware\sam\1.6.12\variants\arduino_due_x/libsam_sam3x8e_gcc_rel.a(pwmc.o)
 .rodata.str1.1
                0x00088327      0x1cc C:\Users\ADMIN\AppData\Local\Arduino15\packages\arduino\hardware\sam\1.6.12\variants\arduino_due_x/libsam_sam3x8e_gcc_rel.a(pwmc.o)
 .rodata.__func__.6804
                0x000884f3       0x16 C:\Users\ADMIN\AppData\Local\Arduino15\packages\arduino\hardware\sam\1.6.12\variants\arduino_due_x/libsam_sam3x8e_gcc_rel.a(pwmc.o)
 .rodata.__func__.6793
                0x00088509       0x17 C:\Users\ADMIN\AppData\Local\Arduino15\packages\arduino\hardware\sam\1.6.12\variants\arduino_due_x/libsam_sam3x8e_gcc_rel.a(pwmc.o)
 .rodata.__func__.6792
                0x00088520        0xd C:\Users\ADMIN\AppData\Local\Arduino15\packages\arduino\hardware\sam\1.6.12\variants\arduino_due_x/libsam_sam3x8e_gcc_rel.a(tc.o)
 .rodata.str1.1
                0x0008852d       0x54 C:\Users\ADMIN\AppData\Local\Arduino15\packages\arduino\hardware\sam\1.6.12\variants\arduino_due_x/libsam_sam3x8e_gcc_rel.a(tc.o)
 .rodata.__func__.6798
                0x00088581        0x9 C:\Users\ADMIN\AppData\Local\Arduino15\packages\arduino\hardware\sam\1.6.12\variants\arduino_due_x/libsam_sam3x8e_gcc_rel.a(tc.o)
 *fill*         0x0008858a        0x2 
 .rodata.str1.4
                0x0008858c       0x3f c:/users/admin/appdata/local/arduino15/packages/arduino/tools/arm-none-eabi-gcc/4.8.3-2014q1/bin/../lib/gcc/arm-none-eabi/4.8.3/../../../../arm-none-eabi/lib/armv7-m\libc.a(lib_a-assert.o)
                                 0x44 (size before relaxing)
 *fill*         0x000885cb        0x1 
 .rodata.str1.4