Archive member included because of file (symbol)

C:\Users\ADMIN\AppData\Local\Arduino15\packages\arduino\hardware\sam\1.6.12\variants\arduino_due_x/libsam_sam3x8e_gcc_rel.a(pio.o)
                              C:\Users\ADMIN\Documents\GitHub\linerescue\build\libraries\Wire\Wire.cpp.o (PIO_Configure)
C:\Users\ADMIN\AppData\Local\Arduino15\packages\arduino\hardware\sam\1.6.12\variants\arduino_due_x/libsam_sam3x8e_gcc_rel.a(pmc.o)
                              C:\Users\ADMIN\Documents\GitHub\linerescue\build\libraries\Wire\Wire.cpp.o (pmc_enable_periph_clk)
C:\Users\ADMIN\AppData\Local\Arduino15\packages\arduino\hardware\sam\1.6.12\variants\arduino_due_x/libsam_sam3x8e_gcc_rel.a(twi.o)
                              C:\Users\ADMIN\Documents\GitHub\linerescue\build\libraries\Wire\Wire.cpp.o (TWI_SetClock)
C:\Users\ADMIN\AppData\Local\Arduino15\packages\arduino\hardware\sam\1.6.12\variants\arduino_due_x/libsam_sam3x8e_gcc_rel.a(system_sam3xa.o)
                              C:\Users\ADMIN\Documents\GitHub\linerescue\build\core\variant.cpp.o (SystemInit)
C:\Users\ADMIN\AppData\Local\Arduino15\packages\arduino\hardware\sam\1.6.12\variants\arduino_due_x/libsam_sam3x8e_gcc_rel.a(startup_sam3xa.o)
                              (Reset_Handler)
C:\Users\ADMIN\AppData\Local\Arduino15\packages\arduino\hardware\sam\1.6.12\variants\arduino_due_x/libsam_sam3x8e_gcc_rel.a(adc.o)
                              C:\Users\ADMIN\Documents\GitHub\linerescue\build\core\variant.cpp.o (adc_init)
C:\Users\ADMIN\AppData\Local\Arduino15\packages\arduino\hardware\sam\1.6.12\variants\arduino_due_x/libsam_sam3x8e_gcc_rel.a(uotghs.o)
                              C:\Users\ADMIN\AppData\Local\Arduino15\packages\arduino\hardware\sam\1.6.12\variants\arduino_due_x/libsam_sam3x8e_gcc_rel.a(startup_sam3xa.o) (UOTGHS_Handler)
C:\Users\ADMIN\Documents\GitHub\linerescue\build/core\core.a(Print.cpp.o)
                              C:\Users\ADMIN\Documents\GitHub\linerescue\build\libraries\Wire\Wire.cpp.o (Print::write(unsigned char const*, unsigned int))
C:\Users\ADMIN\Documents\GitHub\linerescue\build/core\core.a(RingBuffer.cpp.o)
                              C:\Users\ADMIN\Documents\GitHub\linerescue\build\core\variant.cpp.o (RingBuffer::RingBuffer())
C:\Users\ADMIN\Documents\GitHub\linerescue\build/core\core.a(UARTClass.cpp.o)
                              C:\Users\ADMIN\Documents\GitHub\linerescue\build\core\variant.cpp.o (UARTClass::available())
C:\Users\ADMIN\Documents\GitHub\linerescue\build/core\core.a(USARTClass.cpp.o)
                              C:\Users\ADMIN\Documents\GitHub\linerescue\build\core\variant.cpp.o (USARTClass::USARTClass(Usart*, IRQn, unsigned long, RingBuffer*, RingBuffer*))
C:\Users\ADMIN\Documents\GitHub\linerescue\build/core\core.a(WInterrupts.c.o)
                              C:\Users\ADMIN\Documents\GitHub\linerescue\build\sketch\encoders.cpp.o (attachInterrupt)
C:\Users\ADMIN\Documents\GitHub\linerescue\build/core\core.a(abi.cpp.o)
                              C:\Users\ADMIN\Documents\GitHub\linerescue\build\libraries\Wire\Wire.cpp.o (__cxa_pure_virtual)
C:\Users\ADMIN\Documents\GitHub\linerescue\build/core\core.a(cortex_handlers.c.o)
                              C:\Users\ADMIN\AppData\Local\Arduino15\packages\arduino\hardware\sam\1.6.12\variants\arduino_due_x/libsam_sam3x8e_gcc_rel.a(startup_sam3xa.o) (NMI_Handler)
C:\Users\ADMIN\Documents\GitHub\linerescue\build/core\core.a(hooks.c.o)
                              C:\Users\ADMIN\Documents\GitHub\linerescue\build/core\core.a(cortex_handlers.c.o) (sysTickHook)
C:\Users\ADMIN\Documents\GitHub\linerescue\build/core\core.a(main.cpp.o)
                              c:/users/admin/appdata/local/arduino15/packages/arduino/tools/arm-none-eabi-gcc/4.8.3-2014q1/bin/../lib/gcc/arm-none-eabi/4.8.3/../../../../arm-none-eabi/lib/armv7-m/crt0.o (main)
C:\Users\ADMIN\Documents\GitHub\linerescue\build/core\core.a(syscalls_sam3.c.o)
                              (_sbrk)
C:\Users\ADMIN\Documents\GitHub\linerescue\build/core\core.a(watchdog.cpp.o)
                              C:\Users\ADMIN\Documents\GitHub\linerescue\build/core\core.a(main.cpp.o) (watchdogSetup())
C:\Users\ADMIN\Documents\GitHub\linerescue\build/core\core.a(wiring.c.o)
                              C:\Users\ADMIN\Documents\GitHub\linerescue\build\sketch\manobras.cpp.o (millis)
C:\Users\ADMIN\Documents\GitHub\linerescue\build/core\core.a(wiring_analog.c.o)
                              C:\Users\ADMIN\Documents\GitHub\linerescue\build\sketch\sensores.cpp.o (analogReadResolution)
C:\Users\ADMIN\Documents\GitHub\linerescue\build/core\core.a(wiring_digital.c.o)
                              C:\Users\ADMIN\Documents\GitHub\linerescue\build\sketch\encoders.cpp.o (pinMode)
C:\Users\ADMIN\Documents\GitHub\linerescue\build/core\core.a(Reset.cpp.o)
                              C:\Users\ADMIN\Documents\GitHub\linerescue\build/core\core.a(cortex_handlers.c.o) (tickReset)
[...]
Memory Configuration

Name             Origin             Length             Attributes
rom              0x00080000         0x00080000         xr
sram0            0x20000000         0x00010000         xrw
sram1            0x20080000         0x00008000         xrw
ram              0x20070000         0x00018000         xrw
*default*        0x00000000         0xffffffff

Linker script and memory map

LOAD c:/users/admin/appdata/local/arduino15/packages/arduino/tools/arm-none-eabi-gcc/4.8.3-2014q1/bin/../lib/gcc/arm-none-eabi/4.8.3/armv7-m/crti.o
LOAD c:/users/admin/appdata/local/arduino15/packages/arduino/tools/arm-none-eabi-gcc/4.8.3-2014q1/bin/../lib/gcc/arm-none-eabi/4.8.3/armv7-m/crtbegin.o
LOAD c:/users/admin/appdata/local/arduino15/packages/arduino/tools/arm-none-eabi-gcc/4.8.3-2014q1/bin/../lib/gcc/arm-none-eabi/4.8.3/../../../../arm-none-eabi/lib/armv7-m/crt0.o
START GROUP
LOAD C:\Users\ADMIN\Documents\GitHub\linerescue\build\sketch\encoders.cpp.o
LOAD C:\Users\ADMIN\Documents\GitHub\linerescue\build\sketch\linerescue.ino.cpp.o
LOAD C:\Users\ADMIN\Documents\GitHub\linerescue\build\sketch\manobras.cpp.o
LOAD C:\Users\ADMIN\Documents\GitHub\linerescue\build\sketch\motores.cpp.o
LOAD C:\Users\ADMIN\Documents\GitHub\linerescue\build\sketch\rgb.cpp.o
LOAD C:\Users\ADMIN\Documents\GitHub\linerescue\build\sketch\seguimento.cpp.o
LOAD C:\Users\ADMIN\Documents\GitHub\linerescue\build\sketch\sensores.cpp.o
LOAD C:\Users\ADMIN\Documents\GitHub\linerescue\build\libraries\QTRSensors\QTRSensors.cpp.o
LOAD C:\Users\ADMIN\Documents\GitHub\linerescue\build\libraries\Wire\Wire.cpp.o
LOAD C:\Users\ADMIN\Documents\GitHub\linerescue\build\core\variant.cpp.o
LOAD C:\Users\ADMIN\AppData\Local\Arduino15\packages\arduino\hardware\sam\1.6.12\variants\arduino_due_x/libsam_sam3x8e_gcc_rel.a
LOAD C:\Users\ADMIN\Documents\GitHub\linerescue\build/core\core.a
END GROUP
LOAD c:/users/admin/appdata/local/arduino15/packages/arduino/tools/arm-none-eabi-gcc/4.8.3-2014q1/bin/../lib/gcc/arm-none-eabi/4.8.3/../../../../arm-none-eabi/lib/armv7-m\libm.a
LOAD c:/users/admin/appdata/local/arduino15/packages/arduino/tools/arm-none-eabi-gcc/4.8.3-2014q1/bin/../lib/gcc/arm-none-eabi/4.8.3/armv7-m\libgcc.a
START GROUP
LOAD c:/users/admin/appdata/local/arduino15/packages/arduino/tools/arm-none-eabi-gcc/4.8.3-2014q1/bin/../lib/gcc/arm-none-eabi/4.8.3/armv7-m\libgcc.a
LOAD c:/users/admin/appdata/local/arduino15/packages/arduino/tools/arm-none-eabi-gcc/4.8.3-2014q1/bin/../lib/gcc/arm-none-eabi/4.8.3/../../../../arm-none-eabi/lib/armv7-m\libc.a
END GROUP
LOAD c:/users/admin/appdata/local/arduino15/packages/arduino/tools/arm-none-eabi-gcc/4.8.3-2014q1/bin/../lib/gcc/arm-none-eabi/4.8.3/armv7-m/crtend.o
LOAD c:/users/admin/appdata/local/arduino15/packages/arduino/tools/arm-none-eabi-gcc/4.8.3-2014q1/bin/../lib/gcc/arm-none-eabi/4.8.3/armv7-m/crtn.o

.text           0x00080000     0x85b4
                0x00080000                . = ALIGN (0x4)
                0x00080000                _sfixed = .
 *(.vectors .vectors.*)
 .vectors       0x00080000       0xf4 C:\Users\ADMIN\AppData\Local\Arduino15\packages\arduino\hardware\sam\1.6.12\variants\arduino_due_x/libsam_sam3x8e_gcc_rel.a(startup_sam3xa.o)
                0x00080000                exception_table
 *(.text .text.* .gnu.linkonce.t.*)
 .text          0x000800f4       0x54 c:/users/admin/appdata/local/arduino15/packages/arduino/tools/arm-none-eabi-gcc/4.8.3-2014q1/bin/../lib/gcc/arm-none-eabi/4.8.3/armv7-m/crtbegin.o
 .text._ZL15processaEncoderhhh
                0x00080148       0x48 C:\Users\ADMIN\Documents\GitHub\linerescue\build\sketch\encoders.cpp.o
 .text._Z5isrFLv
                0x00080190        0xa C:\Users\ADMIN\Documents\GitHub\linerescue\build\sketch\encoders.cpp.o
                0x00080190                isrFL()
 .text._Z5isrFRv
                0x0008019a        0xa C:\Users\ADMIN\Documents\GitHub\linerescue\build\sketch\encoders.cpp.o
                0x0008019a                isrFR()
 .text._Z5isrTLv
                0x000801a4        0xa C:\Users\ADMIN\Documents\GitHub\linerescue\build\sketch\encoders.cpp.o
                0x000801a4                isrTL()
 .text._Z5isrTRv
                0x000801ae        0xa C:\Users\ADMIN\Documents\GitHub\linerescue\build\sketch\encoders.cpp.o
                0x000801ae                isrTR()
 .text._Z13encoders_initv
                0x000801b8      0x10c C:\Users\ADMIN\Documents\GitHub\linerescue\build\sketch\encoders.cpp.o
                0x000801b8                encoders_init()
 .text._Z13resetEncodersv
                0x000802c4       0x18 C:\Users\ADMIN\Documents\GitHub\linerescue\build\sketch\encoders.cpp.o
                0x000802c4                resetEncoders()
 .text._Z10ticksMediov
                0x000802dc       0x48 C:\Users\ADMIN\Documents\GitHub\linerescue\build\sketch\encoders.cpp.o
                0x000802dc                ticksMedio()
 .text.loop     0x00080324      0x10c C:\Users\ADMIN\Documents\GitHub\linerescue\build\sketch\linerescue.ino.cpp.o
                0x00080324                loop
 .text.setup    0x00080430       0x54 C:\Users\ADMIN\Documents\GitHub\linerescue\build\sketch\linerescue.ino.cpp.o
                0x00080430                setup
 .text._Z15virarEsquerda90v
                0x00080484       0x40 C:\Users\ADMIN\Documents\GitHub\linerescue\build\sketch\manobras.cpp.o
                0x00080484                virarEsquerda90()
 .text._Z14virarDireita90v
                0x000804c4       0x40 C:\Users\ADMIN\Documents\GitHub\linerescue\build\sketch\manobras.cpp.o
                0x000804c4                virarDireita90()
 .text._Z8fazer180v
                0x00080504       0x40 C:\Users\ADMIN\Documents\GitHub\linerescue\build\sketch\manobras.cpp.o
                0x00080504                fazer180()
 .text._Z10motorSetupv
                0x00080544       0x80 C:\Users\ADMIN\Documents\GitHub\linerescue\build\sketch\motores.cpp.o
                0x00080544                motorSetup()
 .text._Z8setMotoriiiii
                0x000805c4       0x36 C:\Users\ADMIN\Documents\GitHub\linerescue\build\sketch\motores.cpp.o
                0x000805c4                setMotor(int, int, int, int, int)
 .text._Z12setAllMotorsiiii
                0x000805fa       0x44 C:\Users\ADMIN\Documents\GitHub\linerescue\build\sketch\motores.cpp.o
                0x000805fa                setAllMotors(int, int, int, int)
 .text._Z12pararMotoresv
                0x0008063e        0xc C:\Users\ADMIN\Documents\GitHub\linerescue\build\sketch\motores.cpp.o
                0x0008063e                pararMotores()
 .text._Z15lateralEsquerdai
                0x0008064a        0xa C:\Users\ADMIN\Documents\GitHub\linerescue\build\sketch\motores.cpp.o
                0x0008064a                lateralEsquerda(int)
 .text._Z14lateraldireitai
                0x00080654        0xc C:\Users\ADMIN\Documents\GitHub\linerescue\build\sketch\motores.cpp.o
                0x00080654                lateraldireita(int)
 .text._ZL8readVEMLR7TwoWireh
                0x00080660       0x42 C:\Users\ADMIN\Documents\GitHub\linerescue\build\sketch\rgb.cpp.o
 .text._ZL9lerSensorR7TwoWire
                0x000806a2       0x32 C:\Users\ADMIN\Documents\GitHub\linerescue\build\sketch\rgb.cpp.o
 .text._ZN7TwoWire5writeEi
                0x000806d4        0xc C:\Users\ADMIN\Documents\GitHub\linerescue\build\sketch\rgb.cpp.o
                0x000806d4                TwoWire::write(int)
 .text._ZL16configurarSensorR7TwoWire
                0x000806e0       0x2e C:\Users\ADMIN\Documents\GitHub\linerescue\build\sketch\rgb.cpp.o
 *fill*         0x0008070e        0x2 
 .text._Z8rgbSetupv
                0x00080710       0x30 C:\Users\ADMIN\Documents\GitHub\linerescue\build\sketch\rgb.cpp.o
                0x00080710                rgbSetup()
 .text._Z9esqBrancov
                0x00080740       0x14 C:\Users\ADMIN\Documents\GitHub\linerescue\build\sketch\rgb.cpp.o
                0x00080740                esqBranco()
 .text._Z9dtoBrancov
                0x00080754       0x14 C:\Users\ADMIN\Documents\GitHub\linerescue\build\sketch\rgb.cpp.o
                0x00080754                dtoBranco()
 .text._Z12resetarVerdev
                0x00080768       0x34 C:\Users\ADMIN\Documents\GitHub\linerescue\build\sketch\rgb.cpp.o
                0x00080768                resetarVerde()
 .text._Z9rgbUpdatev
                0x0008079c      0x140 C:\Users\ADMIN\Documents\GitHub\linerescue\build\sketch\rgb.cpp.o
                0x0008079c                rgbUpdate()
 .text._Z15ignorarVerdePorm
                0x000808dc       0x18 C:\Users\ADMIN\Documents\GitHub\linerescue\build\sketch\rgb.cpp.o
                0x000808dc                ignorarVerdePor(unsigned long)
 .text._Z15seguimentoSetupv
                0x000808f4        0xc C:\Users\ADMIN\Documents\GitHub\linerescue\build\sketch\seguimento.cpp.o
                0x000808f4                seguimentoSetup()
 .text._Z11seguirLinhai
                0x00080900       0x78 C:\Users\ADMIN\Documents\GitHub\linerescue\build\sketch\seguimento.cpp.o
                0x00080900                seguirLinha(int)
 .text._Z13sensoresSetupv
                0x00080978       0x28 C:\Users\ADMIN\Documents\GitHub\linerescue\build\sketch\sensores.cpp.o
                0x00080978                sensoresSetup()
 .text._Z11calibrarQTRv
                0x000809a0       0xbc C:\Users\ADMIN\Documents\GitHub\linerescue\build\sketch\sensores.cpp.o
                0x000809a0                calibrarQTR()
 .text._Z14linhaDetectadav
                0x00080a5c       0x20 C:\Users\ADMIN\Documents\GitHub\linerescue\build\sketch\sensores.cpp.o
                0x00080a5c                linhaDetectada()
 .text._Z16entroncamentoEsqv
                0x00080a7c       0x20 C:\Users\ADMIN\Documents\GitHub\linerescue\build\sketch\sensores.cpp.o
                0x00080a7c                entroncamentoEsq()
 .text.startup._GLOBAL__sub_I_qtr
                0x00080a9c       0x18 C:\Users\ADMIN\Documents\GitHub\linerescue\build\sketch\sensores.cpp.o
 .text._ZN10QTRSensors13setTypeAnalogEv
                0x00080ab4        0xc C:\Users\ADMIN\Documents\GitHub\linerescue\build\libraries\QTRSensors\QTRSensors.cpp.o
                0x00080ab4                QTRSensors::setTypeAnalog()
 .text._ZN10QTRSensors13setSensorPinsEPKhh
                0x00080ac0       0x46 C:\Users\ADMIN\Documents\GitHub\linerescue\build\libraries\QTRSensors\QTRSensors.cpp.o
                0x00080ac0                QTRSensors::setSensorPins(unsigned char const*, unsigned char)
 .text._ZN10QTRSensors18releaseEmitterPinsEv
                0x00080b06       0x34 C:\Users\ADMIN\Documents\GitHub\linerescue\build\libraries\QTRSensors\QTRSensors.cpp.o
                0x00080b06                QTRSensors::releaseEmitterPins()
 .text._ZN10QTRSensors11emittersOffE11QTREmittersb
                0x00080b3a       0x80 C:\Users\ADMIN\Documents\GitHub\linerescue\build\libraries\QTRSensors\QTRSensors.cpp.o
                0x00080b3a                QTRSensors::emittersOff(QTREmitters, bool)
 .text._ZN10QTRSensors17emittersOnWithPinEh
                0x00080bba       0x80 C:\Users\ADMIN\Documents\GitHub\linerescue\build\libraries\QTRSensors\QTRSensors.cpp.o
                0x00080bba                QTRSensors::emittersOnWithPin(unsigned char)
 .text._ZN10QTRSensors10emittersOnE11QTREmittersb
                0x00080c3a       0xac C:\Users\ADMIN\Documents\GitHub\linerescue\build\libraries\QTRSensors\QTRSensors.cpp.o
                0x00080c3a                QTRSensors::emittersOn(QTREmitters, bool)
 .text._ZN10QTRSensors14emittersSelectE11QTREmitters
                0x00080ce6       0x6c C:\Users\ADMIN\Documents\GitHub\linerescue\build\libraries\QTRSensors\QTRSensors.cpp.o
                0x00080ce6                QTRSensors::emittersSelect(QTREmitters)
 .text._ZN10QTRSensors11readPrivateEPthh
                0x00080d52      0x148 C:\Users\ADMIN\Documents\GitHub\linerescue\build\libraries\QTRSensors\QTRSensors.cpp.o
                0x00080d52                QTRSensors::readPrivate(unsigned short*, unsigned char, unsigned char)
 .text._ZN10QTRSensors4readEPt11QTRReadMode
                0x00080e9a       0xd6 C:\Users\ADMIN\Documents\GitHub\linerescue\build\libraries\QTRSensors\QTRSensors.cpp.o
                0x00080e9a                QTRSensors::read(unsigned short*, QTRReadMode)
 .text._ZN10QTRSensors16calibrateOnOrOffERNS_15CalibrationDataE11QTRReadMode
                0x00080f70      0x100 C:\Users\ADMIN\Documents\GitHub\linerescue\build\libraries\QTRSensors\QTRSensors.cpp.o
                0x00080f70                QTRSensors::calibrateOnOrOff(QTRSensors::CalibrationData&, QTRReadMode)
 .text._ZN10QTRSensors9calibrateE11QTRReadMode
                0x00081070       0x42 C:\Users\ADMIN\Documents\GitHub\linerescue\build\libraries\QTRSensors\QTRSensors.cpp.o
                0x00081070                QTRSensors::calibrate(QTRReadMode)
 .text._ZN10QTRSensors14readCalibratedEPt11QTRReadMode
                0x000810b2       0xde C:\Users\ADMIN\Documents\GitHub\linerescue\build\libraries\QTRSensors\QTRSensors.cpp.o
                0x000810b2                QTRSensors::readCalibrated(unsigned short*, QTRReadMode)
 .text._ZN10QTRSensors15readLinePrivateEPt11QTRReadModeb
                0x00081190       0x84 C:\Users\ADMIN\Documents\GitHub\linerescue\build\libraries\QTRSensors\QTRSensors.cpp.o
                0x00081190                QTRSensors::readLinePrivate(unsigned short*, QTRReadMode, bool)
 .text._ZN10QTRSensorsD2Ev
                0x00081214       0x34 C:\Users\ADMIN\Documents\GitHub\linerescue\build\libraries\QTRSensors\QTRSensors.cpp.o
                0x00081214                QTRSensors::~QTRSensors()
                0x00081214                QTRSensors::~QTRSensors()
 .text._ZN7TwoWire5writeEPKhj
                0x00081248       0x50 C:\Users\ADMIN\Documents\GitHub\linerescue\build\libraries\Wire\Wire.cpp.o
                0x00081248                TwoWire::write(unsigned char const*, unsigned int)
 .text._ZN7TwoWire9availableEv
                0x00081298        0xc C:\Users\ADMIN\Documents\GitHub\linerescue\build\libraries\Wire\Wire.cpp.o
                0x00081298                TwoWire::available()
 .text._ZN7TwoWire4readEv
                0x000812a4       0x1e C:\Users\ADMIN\Documents\GitHub\linerescue\build\libraries\Wire\Wire.cpp.o
                0x000812a4                TwoWire::read()
 .text._ZN7TwoWire4peekEv
                0x000812c2       0x16 C:\Users\ADMIN\Documents\GitHub\linerescue\build\libraries\Wire\Wire.cpp.o
                0x000812c2                TwoWire::peek()
 .text._ZN7TwoWire5flushEv
                0x000812d8        0x2 C:\Users\ADMIN\Documents\GitHub\linerescue\build\libraries\Wire\Wire.cpp.o
                0x000812d8                TwoWire::flush()
 .text._ZN7TwoWire5writeEh
                0x000812da       0x3a C:\Users\ADMIN\Documents\GitHub\linerescue\build\libraries\Wire\Wire.cpp.o
                0x000812da                TwoWire::write(unsigned char)
 .text._ZL16TWI_WaitByteSentP3Twim.constprop.3
                0x00081314       0x2c C:\Users\ADMIN\Documents\GitHub\linerescue\build\libraries\Wire\Wire.cpp.o
 .text._ZL24TWI_WaitTransferCompleteP3Twim.constprop.4
                0x00081340       0x2c C:\Users\ADMIN\Documents\GitHub\linerescue\build\libraries\Wire\Wire.cpp.o
 .text._ZL9Wire_Initv
                0x0008136c       0x54 C:\Users\ADMIN\Documents\GitHub\linerescue\build\libraries\Wire\Wire.cpp.o
 .text._ZL12Wire1_Deinitv
                0x000813c0       0x18 C:\Users\ADMIN\Documents\GitHub\linerescue\build\libraries\Wire\Wire.cpp.o
 .text._ZL11Wire_Deinitv
                0x000813d8       0x18 C:\Users\ADMIN\Documents\GitHub\linerescue\build\libraries\Wire\Wire.cpp.o
 .text._ZL10Wire1_Initv
                0x000813f0       0x54 C:\Users\ADMIN\Documents\GitHub\linerescue\build\libraries\Wire\Wire.cpp.o
 .text._ZN7TwoWireC2EP3TwiPFvvES3_
                0x00081444       0x48 C:\Users\ADMIN\Documents\GitHub\linerescue\build\libraries\Wire\Wire.cpp.o
                0x00081444                TwoWire::TwoWire(Twi*, void (*)(), void (*)())
                0x00081444                TwoWire::TwoWire(Twi*, void (*)(), void (*)())
 .text._ZN7TwoWire5beginEv
                0x0008148c       0x30 C:\Users\ADMIN\Documents\GitHub\linerescue\build\libraries\Wire\Wire.cpp.o
                0x0008148c                TwoWire::begin()
 .text._ZN7TwoWire11requestFromEhhmhh
                0x000814bc       0x78 C:\Users\ADMIN\Documents\GitHub\linerescue\build\libraries\Wire\Wire.cpp.o
                0x000814bc                TwoWire::requestFrom(unsigned char, unsigned char, unsigned long, unsigned char, unsigned char)
 .text._ZN7TwoWire17beginTransmissionEi
                0x00081534       0x12 C:\Users\ADMIN\Documents\GitHub\linerescue\build\libraries\Wire\Wire.cpp.o
                0x00081534                TwoWire::beginTransmission(int)
 .text._ZN7TwoWire15endTransmissionEh
                0x00081546       0x82 C:\Users\ADMIN\Documents\GitHub\linerescue\build\libraries\Wire\Wire.cpp.o
                0x00081546                TwoWire::endTransmission(unsigned char)
 .text._ZN7TwoWire9onServiceEv
                0x000815c8      0x118 C:\Users\ADMIN\Documents\GitHub\linerescue\build\libraries\Wire\Wire.cpp.o
                0x000815c8                TwoWire::onService()
 .text.TWI1_Handler
                0x000816e0        0xc C:\Users\ADMIN\Documents\GitHub\linerescue\build\libraries\Wire\Wire.cpp.o
                0x000816e0                TWI1_Handler
 .text.TWI0_Handler
                0x000816ec        0xc C:\Users\ADMIN\Documents\GitHub\linerescue\build\libraries\Wire\Wire.cpp.o
                0x000816ec                TWI0_Handler
 .text.startup._GLOBAL__sub_I__ZN7TwoWireC2EP3TwiPFvvES3_
                0x000816f8       0x40 C:\Users\ADMIN\Documents\GitHub\linerescue\build\libraries\Wire\Wire.cpp.o
 .text._Z11serialEventv
                0x00081738        0x2 C:\Users\ADMIN\Documents\GitHub\linerescue\build\core\variant.cpp.o
                0x00081738                serialEvent()
 *fill*         0x0008173a        0x2 
 .text.UART_Handler
                0x0008173c        0xc C:\Users\ADMIN\Documents\GitHub\linerescue\build\core\variant.cpp.o
                0x0008173c                UART_Handler
 .text._Z12serialEvent1v
                0x00081748        0x2 C:\Users\ADMIN\Documents\GitHub\linerescue\build\core\variant.cpp.o
                0x00081748                serialEvent1()
 .text._Z12serialEvent2v
                0x0008174a        0x2 C:\Users\ADMIN\Documents\GitHub\linerescue\build\core\variant.cpp.o
                0x0008174a                serialEvent2()
 .text._Z12serialEvent3v
                0x0008174c        0x2 C:\Users\ADMIN\Documents\GitHub\linerescue\build\core\variant.cpp.o
                0x0008174c                serialEvent3()
 *fill*         0x0008174e        0x2 
 .text.USART0_Handler
                0x00081750        0xc C:\Users\ADMIN\Documents\GitHub\linerescue\build\core\variant.cpp.o
                0x00081750                USART0_Handler
 .text.USART1_Handler
                0x0008175c        0xc C:\Users\ADMIN\Documents\GitHub\linerescue\build\core\variant.cpp.o
                0x0008175c                USART1_Handler
 .text.USART3_Handler
                0x00081768        0xc C:\Users\ADMIN\Documents\GitHub\linerescue\build\core\variant.cpp.o
                0x00081768                USART3_Handler
 .text.init     0x00081774      0x128 C:\Users\ADMIN\Documents\GitHub\linerescue\build\core\variant.cpp.o
                0x00081774                init
 .text.startup._GLOBAL__sub_I_g_APinDescription
                0x0008189c       0xd4 C:\Users\ADMIN\Documents\GitHub\linerescue\build\core\variant.cpp.o
 .text._Z14serialEventRunv
                0x00081970       0x44 C:\Users\ADMIN\Documents\GitHub\linerescue\build\core\variant.cpp.o
                0x00081970                serialEventRun()
 .text.PIO_PullUp
                0x000819b4        0xa C:\Users\ADMIN\AppData\Local\Arduino15\packages\arduino\hardware\sam\1.6.12\variants\arduino_due_x/libsam_sam3x8e_gcc_rel.a(pio.o)
                0x000819b4                PIO_PullUp
 .text.PIO_Get  0x000819be       0x14 C:\Users\ADMIN\AppData\Local\Arduino15\packages\arduino\hardware\sam\1.6.12\variants\arduino_due_x/libsam_sam3x8e_gcc_rel.a(pio.o)
                0x000819be                PIO_Get
 .text.PIO_SetPeripheral
                0x000819d2       0x26 C:\Users\ADMIN\AppData\Local\Arduino15\packages\arduino\hardware\sam\1.6.12\variants\arduino_due_x/libsam_sam3x8e_gcc_rel.a(pio.o)
                0x000819d2                PIO_SetPeripheral
 .text.PIO_SetInput
                0x000819f8       0x26 C:\Users\ADMIN\AppData\Local\Arduino15\packages\arduino\hardware\sam\1.6.12\variants\arduino_due_x/libsam_sam3x8e_gcc_rel.a(pio.o)
                0x000819f8                PIO_SetInput
 .text.PIO_SetOutput
                0x00081a1e       0x24 C:\Users\ADMIN\AppData\Local\Arduino15\packages\arduino\hardware\sam\1.6.12\variants\arduino_due_x/libsam_sam3x8e_gcc_rel.a(pio.o)
                0x00081a1e                PIO_SetOutput
 *fill*         0x00081a42        0x2 
 .text.PIO_Configure
                0x00081a44       0x64 C:\Users\ADMIN\AppData\Local\Arduino15\packages\arduino\hardware\sam\1.6.12\variants\arduino_due_x/libsam_sam3x8e_gcc_rel.a(pio.o)
                0x00081a44                PIO_Configure
 .text.PIO_GetOutputDataStatus
                0x00081aa8       0x14 C:\Users\ADMIN\AppData\Local\Arduino15\packages\arduino\hardware\sam\1.6.12\variants\arduino_due_x/libsam_sam3x8e_gcc_rel.a(pio.o)
                0x00081aa8                PIO_GetOutputDataStatus
 .text.pmc_enable_upll_clock
                0x00081abc       0x14 C:\Users\ADMIN\AppData\Local\Arduino15\packages\arduino\hardware\sam\1.6.12\variants\arduino_due_x/libsam_sam3x8e_gcc_rel.a(pmc.o)
                0x00081abc                pmc_enable_upll_clock
 .text.pmc_enable_periph_clk
                0x00081ad0       0x44 C:\Users\ADMIN\AppData\Local\Arduino15\packages\arduino\hardware\sam\1.6.12\variants\arduino_due_x/libsam_sam3x8e_gcc_rel.a(pmc.o)
                0x00081ad0                pmc_enable_periph_clk
 .text.pmc_disable_periph_clk
                0x00081b14       0x40 C:\Users\ADMIN\AppData\Local\Arduino15\packages\arduino\hardware\sam\1.6.12\variants\arduino_due_x/libsam_sam3x8e_gcc_rel.a(pmc.o)
                0x00081b14                pmc_disable_periph_clk
 .text.pmc_switch_udpck_to_upllck
                0x00081b54       0x14 C:\Users\ADMIN\AppData\Local\Arduino15\packages\arduino\hardware\sam\1.6.12\variants\arduino_due_x/libsam_sam3x8e_gcc_rel.a(pmc.o)
                0x00081b54                pmc_switch_udpck_to_upllck
 .text.pmc_enable_udpck
                0x00081b68        0xc C:\Users\ADMIN\AppData\Local\Arduino15\packages\arduino\hardware\sam\1.6.12\variants\arduino_due_x/libsam_sam3x8e_gcc_rel.a(pmc.o)
                0x00081b68                pmc_enable_udpck
 .text.TWI_SetClock
                0x00081b74       0x58 C:\Users\ADMIN\AppData\Local\Arduino15\packages\arduino\hardware\sam\1.6.12\variants\arduino_due_x/libsam_sam3x8e_gcc_rel.a(twi.o)
                0x00081b74                TWI_SetClock
 .text.TWI_Disable
                0x00081bcc       0x2c C:\Users\ADMIN\AppData\Local\Arduino15\packages\arduino\hardware\sam\1.6.12\variants\arduino_due_x/libsam_sam3x8e_gcc_rel.a(twi.o)
                0x00081bcc                TWI_Disable
 .text.TWI_ConfigureMaster
                0x00081bf8       0x48 C:\Users\ADMIN\AppData\Local\Arduino15\packages\arduino\hardware\sam\1.6.12\variants\arduino_due_x/libsam_sam3x8e_gcc_rel.a(twi.o)
                0x00081bf8                TWI_ConfigureMaster
 .text.TWI_Stop
                0x00081c40       0x28 C:\Users\ADMIN\AppData\Local\Arduino15\packages\arduino\hardware\sam\1.6.12\variants\arduino_due_x/libsam_sam3x8e_gcc_rel.a(twi.o)
                0x00081c40                TWI_Stop
 .text.TWI_StartRead
                0x00081c68       0x70 C:\Users\ADMIN\AppData\Local\Arduino15\packages\arduino\hardware\sam\1.6.12\variants\arduino_due_x/libsam_sam3x8e_gcc_rel.a(twi.o)
                0x00081c68                TWI_StartRead
 .text.TWI_ReadByte
                0x00081cd8       0x28 C:\Users\ADMIN\AppData\Local\Arduino15\packages\arduino\hardware\sam\1.6.12\variants\arduino_due_x/libsam_sam3x8e_gcc_rel.a(twi.o)
                0x00081cd8                TWI_ReadByte
 .text.TWI_WriteByte
                0x00081d00       0x24 C:\Users\ADMIN\AppData\Local\Arduino15\packages\arduino\hardware\sam\1.6.12\variants\arduino_due_x/libsam_sam3x8e_gcc_rel.a(twi.o)
                0x00081d00                TWI_WriteByte
 .text.TWI_StartWrite
                0x00081d24       0x7c C:\Users\ADMIN\AppData\Local\Arduino15\packages\arduino\hardware\sam\1.6.12\variants\arduino_due_x/libsam_sam3x8e_gcc_rel.a(twi.o)
                0x00081d24                TWI_StartWrite
 .text.TWI_EnableIt
                0x00081da0       0x40 C:\Users\ADMIN\AppData\Local\Arduino15\packages\arduino\hardware\sam\1.6.12\variants\arduino_due_x/libsam_sam3x8e_gcc_rel.a(twi.o)
                0x00081da0                TWI_EnableIt
 .text.TWI_DisableIt
                0x00081de0       0x40 C:\Users\ADMIN\AppData\Local\Arduino15\packages\arduino\hardware\sam\1.6.12\variants\arduino_due_x/libsam_sam3x8e_gcc_rel.a(twi.o)
                0x00081de0                TWI_DisableIt
 .text.TWI_GetStatus
                0x00081e20       0x28 C:\Users\ADMIN\AppData\Local\Arduino15\packages\arduino\hardware\sam\1.6.12\variants\arduino_due_x/libsam_sam3x8e_gcc_rel.a(twi.o)
                0x00081e20                TWI_GetStatus
 .text.TWI_SendSTOPCondition
                0x00081e48       0x2c C:\Users\ADMIN\AppData\Local\Arduino15\packages\arduino\hardware\sam\1.6.12\variants\arduino_due_x/libsam_sam3x8e_gcc_rel.a(twi.o)
                0x00081e48                TWI_SendSTOPCondition
 .text.SystemInit
                0x00081e74       0x88 C:\Users\ADMIN\AppData\Local\Arduino15\packages\arduino\hardware\sam\1.6.12\variants\arduino_due_x/libsam_sam3x8e_gcc_rel.a(system_sam3xa.o)
                0x00081e74                SystemInit
 .text.Reset_Handler
                0x00081efc       0x78 C:\Users\ADMIN\AppData\Local\Arduino15\packages\arduino\hardware\sam\1.6.12\variants\arduino_due_x/libsam_sam3x8e_gcc_rel.a(startup_sam3xa.o)
                0x00081efc                Reset_Handler
 .text.adc_init
                0x00081f74       0x98 C:\Users\ADMIN\AppData\Local\Arduino15\packages\arduino\hardware\sam\1.6.12\variants\arduino_due_x/libsam_sam3x8e_gcc_rel.a(adc.o)
                0x00081f74                adc_init
 .text.adc_configure_trigger
                0x0008200c        0xe C:\Users\ADMIN\AppData\Local\Arduino15\packages\arduino\hardware\sam\1.6.12\variants\arduino_due_x/libsam_sam3x8e_gcc_rel.a(adc.o)
                0x0008200c                adc_configure_trigger
 .text.adc_configure_timing
                0x0008201a       0x1a C:\Users\ADMIN\AppData\Local\Arduino15\packages\arduino\hardware\sam\1.6.12\variants\arduino_due_x/libsam_sam3x8e_gcc_rel.a(adc.o)
                0x0008201a                adc_configure_timing
 .text.adc_start
                0x00082034        0x6 C:\Users\ADMIN\AppData\Local\Arduino15\packages\arduino\hardware\sam\1.6.12\variants\arduino_due_x/libsam_sam3x8e_gcc_rel.a(adc.o)
                0x00082034                adc_start
 .text.adc_enable_channel
                0x0008203a        0xa C:\Users\ADMIN\AppData\Local\Arduino15\packages\arduino\hardware\sam\1.6.12\variants\arduino_due_x/libsam_sam3x8e_gcc_rel.a(adc.o)
                0x0008203a                adc_enable_channel
 .text.adc_disable_channel
                0x00082044        0xa C:\Users\ADMIN\AppData\Local\Arduino15\packages\arduino\hardware\sam\1.6.12\variants\arduino_due_x/libsam_sam3x8e_gcc_rel.a(adc.o)
                0x00082044                adc_disable_channel
 .text.adc_disable_all_channel
                0x0008204e        0x8 C:\Users\ADMIN\AppData\Local\Arduino15\packages\arduino\hardware\sam\1.6.12\variants\arduino_due_x/libsam_sam3x8e_gcc_rel.a(adc.o)
                0x0008204e                adc_disable_all_channel
 .text.adc_get_channel_status
                0x00082056        0xa C:\Users\ADMIN\AppData\Local\Arduino15\packages\arduino\hardware\sam\1.6.12\variants\arduino_due_x/libsam_sam3x8e_gcc_rel.a(adc.o)
                0x00082056                adc_get_channel_status
 .text.adc_get_latest_value
                0x00082060        0x4 C:\Users\ADMIN\AppData\Local\Arduino15\packages\arduino\hardware\sam\1.6.12\variants\arduino_due_x/libsam_sam3x8e_gcc_rel.a(adc.o)
                0x00082060                adc_get_latest_value
 .text.adc_disable_interrupt
                0x00082064        0x4 C:\Users\ADMIN\AppData\Local\Arduino15\packages\arduino\hardware\sam\1.6.12\variants\arduino_due_x/libsam_sam3x8e_gcc_rel.a(adc.o)
                0x00082064                adc_disable_interrupt
 .text.adc_get_status
                0x00082068        0x4 C:\Users\ADMIN\AppData\Local\Arduino15\packages\arduino\hardware\sam\1.6.12\variants\arduino_due_x/libsam_sam3x8e_gcc_rel.a(adc.o)
                0x00082068                adc_get_status
 .text.UOTGHS_Handler
                0x0008206c       0x10 C:\Users\ADMIN\AppData\Local\Arduino15\packages\arduino\hardware\sam\1.6.12\variants\arduino_due_x/libsam_sam3x8e_gcc_rel.a(uotghs.o)
                0x0008206c                UOTGHS_Handler
 .text._ZN5Print5writeEPKhj
                0x0008207c       0x22 C:\Users\ADMIN\Documents\GitHub\linerescue\build/core\core.a(Print.cpp.o)
                0x0008207c                Print::write(unsigned char const*, unsigned int)
 .text._ZN5Print5writeEPKc
                0x0008209e       0x1e C:\Users\ADMIN\Documents\GitHub\linerescue\build/core\core.a(Print.cpp.o)
                0x0008209e                Print::write(char const*)
 .text._ZN5Print5printEPKc
                0x000820bc        0x8 C:\Users\ADMIN\Documents\GitHub\linerescue\build/core\core.a(Print.cpp.o)
                0x000820bc                Print::print(char const*)
 .text._ZN5Print5printEc
                0x000820c4        0xa C:\Users\ADMIN\Documents\GitHub\linerescue\build/core\core.a(Print.cpp.o)
                0x000820c4                Print::print(char)
 *fill*         0x000820ce        0x2 
 .text._ZN5Print7printlnEv
                0x000820d0       0x10 C:\Users\ADMIN\Documents\GitHub\linerescue\build/core\core.a(Print.cpp.o)
                0x000820d0                Print::println()
 .text._ZN5Print7printlnEPKc
                0x000820e0       0x14 C:\Users\ADMIN\Documents\GitHub\linerescue\build/core\core.a(Print.cpp.o)
                0x000820e0                Print::println(char const*)
 .text._ZN5Print11printNumberEmh
                0x000820f4       0x3e C:\Users\ADMIN\Documents\GitHub\linerescue\build/core\core.a(Print.cpp.o)
                0x000820f4                Print::printNumber(unsigned long, unsigned char)
 .text._ZN5Print5printEli
                0x00082132       0x3c C:\Users\ADMIN\Documents\GitHub\linerescue\build/core\core.a(Print.cpp.o)
                0x00082132                Print::print(long, int)
 .text._ZN5Print5printEii
                0x0008216e        0x4 C:\Users\ADMIN\Documents\GitHub\linerescue\build/core\core.a(Print.cpp.o)
                0x0008216e                Print::print(int, int)
 .text._ZN10RingBufferC2Ev
                0x00082172       0x1a C:\Users\ADMIN\Documents\GitHub\linerescue\build/core\core.a(RingBuffer.cpp.o)
                0x00082172                RingBuffer::RingBuffer()
                0x00082172                RingBuffer::RingBuffer()
 .text._ZN10RingBuffer10store_charEh
                0x0008218c       0x1e C:\Users\ADMIN\Documents\GitHub\linerescue\build/core\core.a(RingBuffer.cpp.o)
                0x0008218c                RingBuffer::store_char(unsigned char)
 .text._ZN9UARTClasscvbEv
                0x000821aa        0x4 C:\Users\ADMIN\Documents\GitHub\linerescue\build/core\core.a(UARTClass.cpp.o)
                0x000821aa                UARTClass::operator bool()
 .text._ZN9UARTClass9availableEv
                0x000821ae       0x12 C:\Users\ADMIN\Documents\GitHub\linerescue\build/core\core.a(UARTClass.cpp.o)
                0x000821ae                UARTClass::available()
 .text._ZN9UARTClass4peekEv
                0x000821c0       0x1c C:\Users\ADMIN\Documents\GitHub\linerescue\build/core\core.a(UARTClass.cpp.o)
                0x000821c0                UARTClass::peek()
 .text._ZN9UARTClass4readEv
                0x000821dc       0x2a C:\Users\ADMIN\Documents\GitHub\linerescue\build/core\core.a(UARTClass.cpp.o)
                0x000821dc                UARTClass::read()
 .text._ZN9UARTClass5flushEv
                0x00082206       0x18 C:\Users\ADMIN\Documents\GitHub\linerescue\build/core\core.a(UARTClass.cpp.o)
                0x00082206                UARTClass::flush()
 *fill*         0x0008221e        0x2 
 .text._ZN9UARTClass5writeEh
                0x00082220       0x54 C:\Users\ADMIN\Documents\GitHub\linerescue\build/core\core.a(UARTClass.cpp.o)
                0x00082220                UARTClass::write(unsigned char)
 .text._ZN9UARTClass3endEv
                0x00082274       0x3c C:\Users\ADMIN\Documents\GitHub\linerescue\build/core\core.a(UARTClass.cpp.o)
                0x00082274                UARTClass::end()
 .text._ZN9UARTClassC2EP4Uart4IRQnmP10RingBufferS4_
                0x000822b0       0x24 C:\Users\ADMIN\Documents\GitHub\linerescue\build/core\core.a(UARTClass.cpp.o)
                0x000822b0                UARTClass::UARTClass(Uart*, IRQn, unsigned long, RingBuffer*, RingBuffer*)
                0x000822b0                UARTClass::UARTClass(Uart*, IRQn, unsigned long, RingBuffer*, RingBuffer*)
 .text._ZN9UARTClass4initEmm
                0x000822d4       0x70 C:\Users\ADMIN\Documents\GitHub\linerescue\build/core\core.a(UARTClass.cpp.o)
                0x000822d4                UARTClass::init(unsigned long, unsigned long)
 .text._ZN9UARTClass5beginEm
                0x00082344        0x8 C:\Users\ADMIN\Documents\GitHub\linerescue\build/core\core.a(UARTClass.cpp.o)
                0x00082344                UARTClass::begin(unsigned long)
 .text._ZN9UARTClass10IrqHandlerEv
                0x0008234c       0x5a C:\Users\ADMIN\Documents\GitHub\linerescue\build/core\core.a(UARTClass.cpp.o)
                0x0008234c                UARTClass::IrqHandler()
 .text._ZN10USARTClass5beginEm
                0x000823a6        0x8 C:\Users\ADMIN\Documents\GitHub\linerescue\build/core\core.a(USARTClass.cpp.o)
                0x000823a6                USARTClass::begin(unsigned long)
 *fill*         0x000823ae        0x2 
 .text._ZN10USARTClassC2EP5Usart4IRQnmP10RingBufferS4_
                0x000823b0       0x24 C:\Users\ADMIN\Documents\GitHub\linerescue\build/core\core.a(USARTClass.cpp.o)
                0x000823b0                USARTClass::USARTClass(Usart*, IRQn, unsigned long, RingBuffer*, RingBuffer*)
                0x000823b0                USARTClass::USARTClass(Usart*, IRQn, unsigned long, RingBuffer*, RingBuffer*)
 .text.attachInterrupt
                0x000823d4      0x148 C:\Users\ADMIN\Documents\GitHub\linerescue\build/core\core.a(WInterrupts.c.o)
                0x000823d4                attachInterrupt
 .text.PIOA_Handler
                0x0008251c       0x38 C:\Users\ADMIN\Documents\GitHub\linerescue\build/core\core.a(WInterrupts.c.o)
                0x0008251c                PIOA_Handler
 .text.PIOB_Handler
                0x00082554       0x38 C:\Users\ADMIN\Documents\GitHub\linerescue\build/core\core.a(WInterrupts.c.o)
                0x00082554                PIOB_Handler
 .text.PIOC_Handler
                0x0008258c       0x38 C:\Users\ADMIN\Documents\GitHub\linerescue\build/core\core.a(WInterrupts.c.o)
                0x0008258c                PIOC_Handler
 .text.PIOD_Handler
                0x000825c4       0x38 C:\Users\ADMIN\Documents\GitHub\linerescue\build/core\core.a(WInterrupts.c.o)
                0x000825c4                PIOD_Handler
 .text.__halt   0x000825fc        0x2 C:\Users\ADMIN\Documents\GitHub\linerescue\build/core\core.a(cortex_handlers.c.o)
                0x000825fc                DACC_Handler
                0x000825fc                DebugMon_Handler
                0x000825fc                DMAC_Handler
                0x000825fc                TRNG_Handler
                0x000825fc                HardFault_Handler
                0x000825fc                TC2_Handler
                0x000825fc                NMI_Handler
                0x000825fc                TC7_Handler
                0x000825fc                ADC_Handler
                0x000825fc                SMC_Handler
                0x000825fc                RTT_Handler
                0x000825fc                EFC1_Handler
                0x000825fc                RTC_Handler
                0x000825fc                UsageFault_Handler
                0x000825fc                TC6_Handler
                0x000825fc                WDT_Handler
                0x000825fc                CAN0_Handler
                0x000825fc                TC4_Handler
                0x000825fc                TC1_Handler
                0x000825fc                HSMCI_Handler
                0x000825fc                TC3_Handler
                0x000825fc                SSC_Handler
                0x000825fc                EFC0_Handler
                0x000825fc                PMC_Handler
                0x000825fc                PWM_Handler
                0x000825fc                CAN1_Handler
                0x000825fc                MemManage_Handler
                0x000825fc                SUPC_Handler
                0x000825fc                TC8_Handler
                0x000825fc                USART2_Handler
                0x000825fc                EMAC_Handler
                0x000825fc                BusFault_Handler
                0x000825fc                RSTC_Handler
                0x000825fc                TC0_Handler
                0x000825fc                TC5_Handler
                0x000825fc                SPI0_Handler
 .text.SVC_Handler
                0x000825fe        0x4 C:\Users\ADMIN\Documents\GitHub\linerescue\build/core\core.a(cortex_handlers.c.o)
                0x000825fe                SVC_Handler
 .text.PendSV_Handler
                0x00082602        0x4 C:\Users\ADMIN\Documents\GitHub\linerescue\build/core\core.a(cortex_handlers.c.o)
                0x00082602                PendSV_Handler
 .text.SysTick_Handler
                0x00082606       0x16 C:\Users\ADMIN\Documents\GitHub\linerescue\build/core\core.a(cortex_handlers.c.o)
                0x00082606                SysTick_Handler
 .text.__empty  0x0008261c        0x2 C:\Users\ADMIN\Documents\GitHub\linerescue\build/core\core.a(hooks.c.o)
                0x0008261c                yield
 .text.__false  0x0008261e        0x4 C:\Users\ADMIN\Documents\GitHub\linerescue\build/core\core.a(hooks.c.o)
                0x0008261e                sysTickHook
 .text.__halt   0x00082622        0x2 C:\Users\ADMIN\Documents\GitHub\linerescue\build/core\core.a(hooks.c.o)
                0x00082622                svcHook
                0x00082622                pendSVHook
 .text.initVariant
                0x00082624        0x2 C:\Users\ADMIN\Documents\GitHub\linerescue\build/core\core.a(main.cpp.o)
                0x00082624                initVariant
 *fill*         0x00082626        0x2 
 .text.startup.main
                0x00082628       0x38 C:\Users\ADMIN\Documents\GitHub\linerescue\build/core\core.a(main.cpp.o)
                0x00082628                main
 .text._sbrk    0x00082660       0x1c C:\Users\ADMIN\Documents\GitHub\linerescue\build/core\core.a(syscalls_sam3.c.o)
                0x00082660                _sbrk
 .text.link     0x0008267c        0x6 C:\Users\ADMIN\Documents\GitHub\linerescue\build/core\core.a(syscalls_sam3.c.o)
                0x0008267c                link
 .text._close   0x00082682        0x6 C:\Users\ADMIN\Documents\GitHub\linerescue\build/core\core.a(syscalls_sam3.c.o)
                0x00082682                _close
 .text._fstat   0x00082688        0xa C:\Users\ADMIN\Documents\GitHub\linerescue\build/core\core.a(syscalls_sam3.c.o)
                0x00082688                _fstat
 .text._isatty  0x00082692        0x4 C:\Users\ADMIN\Documents\GitHub\linerescue\build/core\core.a(syscalls_sam3.c.o)
                0x00082692                _isatty
 .text._lseek   0x00082696        0x4 C:\Users\ADMIN\Documents\GitHub\linerescue\build/core\core.a(syscalls_sam3.c.o)
                0x00082696                _lseek
 .text._read    0x0008269a        0x4 C:\Users\ADMIN\Documents\GitHub\linerescue\build/core\core.a(syscalls_sam3.c.o)
                0x0008269a                _read
 *fill*         0x0008269e        0x2 
 .text._write   0x000826a0       0x24 C:\Users\ADMIN\Documents\GitHub\linerescue\build/core\core.a(syscalls_sam3.c.o)
                0x000826a0                _write
 .text._exit    0x000826c4        0x2 C:\Users\ADMIN\Documents\GitHub\linerescue\build/core\core.a(syscalls_sam3.c.o)
                0x000826c4                _exit
 .text._kill    0x000826c6        0x2 C:\Users\ADMIN\Documents\GitHub\linerescue\build/core\core.a(syscalls_sam3.c.o)
                0x000826c6                _kill
 .text._getpid  0x000826c8        0x6 C:\Users\ADMIN\Documents\GitHub\linerescue\build/core\core.a(syscalls_sam3.c.o)
                0x000826c8                _getpid
 *fill*         0x000826ce        0x2 
 .text._watchdogDefaultSetup
                0x000826d0        0xc C:\Users\ADMIN\Documents\GitHub\linerescue\build/core\core.a(watchdog.cpp.o)
                0x000826d0                _watchdogDefaultSetup
                0x000826d0                watchdogSetup()
 .text.millis   0x000826dc        0x4 C:\Users\ADMIN\Documents\GitHub\linerescue\build/core\core.a(wiring.c.o)
                0x000826dc                millis
 .text.micros   0x000826e0       0x74 C:\Users\ADMIN\Documents\GitHub\linerescue\build/core\core.a(wiring.c.o)
                0x000826e0                micros
 .text.delay    0x00082754       0x1c C:\Users\ADMIN\Documents\GitHub\linerescue\build/core\core.a(wiring.c.o)
                0x00082754                delay
 .text.mapResolution
                0x00082770       0x12 C:\Users\ADMIN\Documents\GitHub\linerescue\build/core\core.a(wiring_analog.c.o)
 *fill*         0x00082782        0x2 
 .text.analogReadResolution
                0x00082784        0xc C:\Users\ADMIN\Documents\GitHub\linerescue\build/core\core.a(wiring_analog.c.o)
                0x00082784                analogReadResolution
 .text.analogRead
                0x00082790       0x9c C:\Users\ADMIN\Documents\GitHub\linerescue\build/core\core.a(wiring_analog.c.o)
                0x00082790                analogRead
 .text.analogOutputInit
                0x0008282c        0x2 C:\Users\ADMIN\Documents\GitHub\linerescue\build/core\core.a(wiring_analog.c.o)
                0x0008282c                analogOutputInit
 *fill*         0x0008282e        0x2 
 .text.analogWrite
                0x00082830      0x2c0 C:\Users\ADMIN\Documents\GitHub\linerescue\build/core\core.a(wiring_analog.c.o)
                0x00082830                analogWrite
 .text.pinMode  0x00082af0      0x108 C:\Users\ADMIN\Documents\GitHub\linerescue\build/core\core.a(wiring_digital.c.o)
                0x00082af0                pinMode
 .text.digitalWrite
                0x00082bf8       0x70 C:\Users\ADMIN\Documents\GitHub\linerescue\build/core\core.a(wiring_digital.c.o)
                0x00082bf8                digitalWrite
 .text.digitalRead
                0x00082c68       0x44 C:\Users\ADMIN\Documents\GitHub\linerescue\build/core\core.a(wiring_digital.c.o)
                0x00082c68                digitalRead
 .text.initiateReset
                0x00082cac        0xc C:\Users\ADMIN\Documents\GitHub\linerescue\build/core\core.a(Reset.cpp.o)
                0x00082cac                initiateReset
 .text.cancelReset
                0x00082cb8       0x10 C:\Users\ADMIN\Documents\GitHub\linerescue\build/core\core.a(Reset.cpp.o)
                0x00082cb8                cancelReset
 .text.tickReset
                0x00082cc8       0x20 C:\Users\ADMIN\Documents\GitHub\linerescue\build/core\core.a(Reset.cpp.o)
                0x00082cc8                tickReset
 .text.unlikely._ZL11USB_SendZlpv
                0x00082ce8       0x20 C:\Users\ADMIN\Documents\GitHub\linerescue\build/core\core.a(USBCore.cpp.o)
 .text._Z14USBD_Availablem
                0x00082d08       0x2c C:\Users\ADMIN\Documents\GitHub\linerescue\build/core\core.a(USBCore.cpp.o)
                0x00082d08                USBD_Available(unsigned long)
 .text._Z9USBD_RecvmPvm
                0x00082d34       0x7c C:\Users\ADMIN\Documents\GitHub\linerescue\build/core\core.a(USBCore.cpp.o)
                0x00082d34                USBD_Recv(unsigned long, void*, unsigned long)
 .text._Z9USBD_Recvm
                0x00082db0       0x22 C:\Users\ADMIN\Documents\GitHub\linerescue\build/core\core.a(USBCore.cpp.o)
                0x00082db0                USBD_Recv(unsigned long)
 *fill*         0x00082dd2        0x2 
 .text._Z9USBD_SendmPKvm
                0x00082dd4       0x4c C:\Users\ADMIN\Documents\GitHub\linerescue\build/core\core.a(USBCore.cpp.o)
                0x00082dd4                USBD_Send(unsigned long, void const*, unsigned long)
 .text._Z16USBD_SendControlhPKvm
                0x00082e20       0x40 C:\Users\ADMIN\Documents\GitHub\linerescue\build/core\core.a(USBCore.cpp.o)
                0x00082e20                USBD_SendControl(unsigned char, void const*, unsigned long)
 .text.unlikely._ZL24USB_SendStringDescriptorPKhi
                0x00082e60       0x64 C:\Users\ADMIN\Documents\GitHub\linerescue\build/core\core.a(USBCore.cpp.o)
 .text._Z16USBD_RecvControlPvm
                0x00082ec4       0x1c C:\Users\ADMIN\Documents\GitHub\linerescue\build/core\core.a(USBCore.cpp.o)
                0x00082ec4                USBD_RecvControl(void*, unsigned long)
 .text._Z26USBD_ClassInterfaceRequestR8USBSetup
                0x00082ee0       0x1e C:\Users\ADMIN\Documents\GitHub\linerescue\build/core\core.a(USBCore.cpp.o)
                0x00082ee0                USBD_ClassInterfaceRequest(USBSetup&)
 .text._Z19USBD_SendInterfacesv
                0x00082efe       0x22 C:\Users\ADMIN\Documents\GitHub\linerescue\build/core\core.a(USBCore.cpp.o)
                0x00082efe                USBD_SendInterfaces()
 .text._Z24USBD_SendOtherInterfacesv
                0x00082f20       0x22 C:\Users\ADMIN\Documents\GitHub\linerescue\build/core\core.a(USBCore.cpp.o)
                0x00082f20                USBD_SendOtherInterfaces()
 .text._Z10USBD_Flushm
                0x00082f42       0x16 C:\Users\ADMIN\Documents\GitHub\linerescue\build/core\core.a(USBCore.cpp.o)
                0x00082f42                USBD_Flush(unsigned long)
 .text._ZN10USBDevice_C2Ev
                0x00082f58       0x24 C:\Users\ADMIN\Documents\GitHub\linerescue\build/core\core.a(USBCore.cpp.o)
                0x00082f58                USBDevice_::USBDevice_()
                0x00082f58                USBDevice_::USBDevice_()
 .text._ZN10USBDevice_6attachEv
                0x00082f7c       0x20 C:\Users\ADMIN\Documents\GitHub\linerescue\build/core\core.a(USBCore.cpp.o)
                0x00082f7c                USBDevice_::attach()
 .text.startup._GLOBAL__sub_I_EndPoints
                0x00082f9c        0xc C:\Users\ADMIN\Documents\GitHub\linerescue\build/core\core.a(USBCore.cpp.o)
 .text._ZL7USB_ISRv
                0x00082fa8      0x454 C:\Users\ADMIN\Documents\GitHub\linerescue\build/core\core.a(USBCore.cpp.o)
 .text._ZN7Serial_9availableEv
                0x000833fc       0x18 C:\Users\ADMIN\Documents\GitHub\linerescue\build/core\core.a(CDC.cpp.o)
                0x000833fc                Serial_::available()
 .text._ZN7Serial_17availableForWriteEv
                0x00083414        0x6 C:\Users\ADMIN\Documents\GitHub\linerescue\build/core\core.a(CDC.cpp.o)
                0x00083414                Serial_::availableForWrite()
 *fill*         0x0008341a        0x2 
 .text._ZN7Serial_4peekEv
                0x0008341c       0x20 C:\Users\ADMIN\Documents\GitHub\linerescue\build/core\core.a(CDC.cpp.o)
                0x0008341c                Serial_::peek()
 .text._ZN7Serial_5writeEh
                0x0008343c       0x16 C:\Users\ADMIN\Documents\GitHub\linerescue\build/core\core.a(CDC.cpp.o)
                0x0008343c                Serial_::write(unsigned char)
 *fill*         0x00083452        0x2 
 .text._ZN7Serial_4readEv
                0x00083454       0x44 C:\Users\ADMIN\Documents\GitHub\linerescue\build/core\core.a(CDC.cpp.o)
                0x00083454                Serial_::read()
 .text._ZN7Serial_5flushEv
                0x00083498        0x6 C:\Users\ADMIN\Documents\GitHub\linerescue\build/core\core.a(CDC.cpp.o)
                0x00083498                Serial_::flush()
 *fill*         0x0008349e        0x2 
 .text._ZN7Serial_6acceptEv
                0x000834a0       0x70 C:\Users\ADMIN\Documents\GitHub\linerescue\build/core\core.a(CDC.cpp.o)
                0x000834a0                Serial_::accept()
 .text._ZN7Serial_5writeEPKhj
                0x00083510       0x2c C:\Users\ADMIN\Documents\GitHub\linerescue\build/core\core.a(CDC.cpp.o)
                0x00083510                Serial_::write(unsigned char const*, unsigned int)
 .text._Z16CDC_GetInterfacePh
                0x0008353c       0x14 C:\Users\ADMIN\Documents\GitHub\linerescue\build/core\core.a(CDC.cpp.o)
                0x0008353c                CDC_GetInterface(unsigned char*)
 .text._Z21CDC_GetOtherInterfacePh
                0x00083550       0x14 C:\Users\ADMIN\Documents\GitHub\linerescue\build/core\core.a(CDC.cpp.o)
                0x00083550                CDC_GetOtherInterface(unsigned char*)
 .text._Z9CDC_SetupR8USBSetup
                0x00083564       0x78 C:\Users\ADMIN\Documents\GitHub\linerescue\build/core\core.a(CDC.cpp.o)
                0x00083564                CDC_Setup(USBSetup&)
 .text.startup._GLOBAL__sub_I_cdc_rx_buffer
                0x000835dc       0x1c C:\Users\ADMIN\Documents\GitHub\linerescue\build/core\core.a(CDC.cpp.o)
 .text._ZN13PluggableUSB_12getInterfaceEPh
                0x000835f8       0x28 C:\Users\ADMIN\Documents\GitHub\linerescue\build/core\core.a(PluggableUSB.cpp.o)
                0x000835f8                PluggableUSB_::getInterface(unsigned char*)
 .text._ZN13PluggableUSB_13getDescriptorER8USBSetup
                0x00083620       0x1c C:\Users\ADMIN\Documents\GitHub\linerescue\build/core\core.a(PluggableUSB.cpp.o)
                0x00083620                PluggableUSB_::getDescriptor(USBSetup&)
 .text._ZN13PluggableUSB_12getShortNameEPc
                0x0008363c       0x1c C:\Users\ADMIN\Documents\GitHub\linerescue\build/core\core.a(PluggableUSB.cpp.o)
                0x0008363c                PluggableUSB_::getShortName(char*)
 .text._ZN13PluggableUSB_5setupER8USBSetup
                0x00083658       0x20 C:\Users\ADMIN\Documents\GitHub\linerescue\build/core\core.a(PluggableUSB.cpp.o)
                0x00083658                PluggableUSB_::setup(USBSetup&)
 .text._Z12PluggableUSBv
                0x00083678       0x28 C:\Users\ADMIN\Documents\GitHub\linerescue\build/core\core.a(PluggableUSB.cpp.o)
                0x00083678                PluggableUSB()
 .text.FindClockConfiguration
                0x000836a0       0x7c C:\Users\ADMIN\AppData\Local\Arduino15\packages\arduino\hardware\sam\1.6.12\variants\arduino_due_x/libsam_sam3x8e_gcc_rel.a(pwmc.o)
 .text.PWMC_ConfigureChannel
                0x0008371c       0x60 C:\Users\ADMIN\AppData\Local\Arduino15\packages\arduino\hardware\sam\1.6.12\variants\arduino_due_x/libsam_sam3x8e_gcc_rel.a(pwmc.o)
                0x0008371c                PWMC_ConfigureChannel
 .text.PWMC_ConfigureClocks
                0x0008377c       0x54 C:\Users\ADMIN\AppData\Local\Arduino15\packages\arduino\hardware\sam\1.6.12\variants\arduino_due_x/libsam_sam3x8e_gcc_rel.a(pwmc.o)
                0x0008377c                PWMC_ConfigureClocks
 .text.PWMC_SetPeriod
                0x000837d0       0x1a C:\Users\ADMIN\AppData\Local\Arduino15\packages\arduino\hardware\sam\1.6.12\variants\arduino_due_x/libsam_sam3x8e_gcc_rel.a(pwmc.o)
                0x000837d0                PWMC_SetPeriod
 *fill*         0x000837ea        0x2 
 .text.PWMC_SetDutyCycle
                0x000837ec       0x44 C:\Users\ADMIN\AppData\Local\Arduino15\packages\arduino\hardware\sam\1.6.12\variants\arduino_due_x/libsam_sam3x8e_gcc_rel.a(pwmc.o)
                0x000837ec                PWMC_SetDutyCycle
 .text.PWMC_EnableChannel
                0x00083830        0xa C:\Users\ADMIN\AppData\Local\Arduino15\packages\arduino\hardware\sam\1.6.12\variants\arduino_due_x/libsam_sam3x8e_gcc_rel.a(pwmc.o)
                0x00083830                PWMC_EnableChannel
 *fill*         0x0008383a        0x2 
 .text.TC_Configure
                0x0008383c       0x38 C:\Users\ADMIN\AppData\Local\Arduino15\packages\arduino\hardware\sam\1.6.12\variants\arduino_due_x/libsam_sam3x8e_gcc_rel.a(tc.o)
                0x0008383c                TC_Configure
 .text.TC_Start
                0x00083874       0x2c C:\Users\ADMIN\AppData\Local\Arduino15\packages\arduino\hardware\sam\1.6.12\variants\arduino_due_x/libsam_sam3x8e_gcc_rel.a(tc.o)
                0x00083874                TC_Start
 .text.TC_SetRA
                0x000838a0        0x8 C:\Users\ADMIN\AppData\Local\Arduino15\packages\arduino\hardware\sam\1.6.12\variants\arduino_due_x/libsam_sam3x8e_gcc_rel.a(tc.o)
                0x000838a0                TC_SetRA
 .text.TC_SetRB
                0x000838a8        0x8 C:\Users\ADMIN\AppData\Local\Arduino15\packages\arduino\hardware\sam\1.6.12\variants\arduino_due_x/libsam_sam3x8e_gcc_rel.a(tc.o)
                0x000838a8                TC_SetRB
 .text.TC_SetRC
                0x000838b0        0x8 C:\Users\ADMIN\AppData\Local\Arduino15\packages\arduino\hardware\sam\1.6.12\variants\arduino_due_x/libsam_sam3x8e_gcc_rel.a(tc.o)
                0x000838b0                TC_SetRC
 .text.TimeTick_Increment
                0x000838b8       0x10 C:\Users\ADMIN\AppData\Local\Arduino15\packages\arduino\hardware\sam\1.6.12\variants\arduino_due_x/libsam_sam3x8e_gcc_rel.a(timetick.o)
                0x000838b8                TimeTick_Increment
 .text.GetTickCount
                0x000838c8        0xc C:\Users\ADMIN\AppData\Local\Arduino15\packages\arduino\hardware\sam\1.6.12\variants\arduino_due_x/libsam_sam3x8e_gcc_rel.a(timetick.o)
                0x000838c8                GetTickCount
 .text.WDT_Disable
                0x000838d4        0x8 C:\Users\ADMIN\AppData\Local\Arduino15\packages\arduino\hardware\sam\1.6.12\variants\arduino_due_x/libsam_sam3x8e_gcc_rel.a(wdt.o)
                0x000838d4                WDT_Disable
 .text.UDD_SetStack
                0x000838dc        0xc C:\Users\ADMIN\AppData\Local\Arduino15\packages\arduino\hardware\sam\1.6.12\variants\arduino_due_x/libsam_sam3x8e_gcc_rel.a(uotghs_device.o)
                0x000838dc                UDD_SetStack
 .text.UDD_Init
                0x000838e8       0xd0 C:\Users\ADMIN\AppData\Local\Arduino15\packages\arduino\hardware\sam\1.6.12\variants\arduino_due_x/libsam_sam3x8e_gcc_rel.a(uotghs_device.o)
                0x000838e8                UDD_Init
 .text.UDD_Attach
                0x000839b8       0x50 C:\Users\ADMIN\AppData\Local\Arduino15\packages\arduino\hardware\sam\1.6.12\variants\arduino_due_x/libsam_sam3x8e_gcc_rel.a(uotghs_device.o)
                0x000839b8                UDD_Attach
 .text.UDD_InitEP
                0x00083a08       0x2c C:\Users\ADMIN\AppData\Local\Arduino15\packages\arduino\hardware\sam\1.6.12\variants\arduino_due_x/libsam_sam3x8e_gcc_rel.a(uotghs_device.o)
                0x00083a08                UDD_InitEP
 .text.UDD_InitEndpoints
                0x00083a34       0x3c C:\Users\ADMIN\AppData\Local\Arduino15\packages\arduino\hardware\sam\1.6.12\variants\arduino_due_x/libsam_sam3x8e_gcc_rel.a(uotghs_device.o)
                0x00083a34                UDD_InitEndpoints
 .text.UDD_WaitIN
                0x00083a70       0x10 C:\Users\ADMIN\AppData\Local\Arduino15\packages\arduino\hardware\sam\1.6.12\variants\arduino_due_x/libsam_sam3x8e_gcc_rel.a(uotghs_device.o)
                0x00083a70                UDD_WaitIN
 .text.UDD_WaitOUT
                0x00083a80       0x10 C:\Users\ADMIN\AppData\Local\Arduino15\packages\arduino\hardware\sam\1.6.12\variants\arduino_due_x/libsam_sam3x8e_gcc_rel.a(uotghs_device.o)
                0x00083a80                UDD_WaitOUT
 .text.UDD_ClearIN
                0x00083a90       0x18 C:\Users\ADMIN\AppData\Local\Arduino15\packages\arduino\hardware\sam\1.6.12\variants\arduino_due_x/libsam_sam3x8e_gcc_rel.a(uotghs_device.o)
                0x00083a90                UDD_ClearIN
 .text.UDD_ClearOUT
                0x00083aa8       0x18 C:\Users\ADMIN\AppData\Local\Arduino15\packages\arduino\hardware\sam\1.6.12\variants\arduino_due_x/libsam_sam3x8e_gcc_rel.a(uotghs_device.o)
                0x00083aa8                UDD_ClearOUT
 .text.UDD_ReceivedSetupInt
                0x00083ac0       0x10 C:\Users\ADMIN\AppData\Local\Arduino15\packages\arduino\hardware\sam\1.6.12\variants\arduino_due_x/libsam_sam3x8e_gcc_rel.a(uotghs_device.o)
                0x00083ac0                UDD_ReceivedSetupInt
 .text.UDD_ClearSetupInt
                0x00083ad0       0x10 C:\Users\ADMIN\AppData\Local\Arduino15\packages\arduino\hardware\sam\1.6.12\variants\arduino_due_x/libsam_sam3x8e_gcc_rel.a(uotghs_device.o)
                0x00083ad0                UDD_ClearSetupInt
 .text.UDD_Send
                0x00083ae0       0x88 C:\Users\ADMIN\AppData\Local\Arduino15\packages\arduino\hardware\sam\1.6.12\variants\arduino_due_x/libsam_sam3x8e_gcc_rel.a(uotghs_device.o)
                0x00083ae0                UDD_Send
 .text.UDD_Send8
                0x00083b68       0x24 C:\Users\ADMIN\AppData\Local\Arduino15\packages\arduino\hardware\sam\1.6.12\variants\arduino_due_x/libsam_sam3x8e_gcc_rel.a(uotghs_device.o)
                0x00083b68                UDD_Send8
 .text.UDD_Recv8
                0x00083b8c       0x28 C:\Users\ADMIN\AppData\Local\Arduino15\packages\arduino\hardware\sam\1.6.12\variants\arduino_due_x/libsam_sam3x8e_gcc_rel.a(uotghs_device.o)
                0x00083b8c                UDD_Recv8
 .text.UDD_Recv
                0x00083bb4       0x34 C:\Users\ADMIN\AppData\Local\Arduino15\packages\arduino\hardware\sam\1.6.12\variants\arduino_due_x/libsam_sam3x8e_gcc_rel.a(uotghs_device.o)
                0x00083bb4                UDD_Recv
 .text.UDD_Stall
                0x00083be8       0x14 C:\Users\ADMIN\AppData\Local\Arduino15\packages\arduino\hardware\sam\1.6.12\variants\arduino_due_x/libsam_sam3x8e_gcc_rel.a(uotghs_device.o)
                0x00083be8                UDD_Stall
 .text.UDD_FifoByteCount
                0x00083bfc       0x14 C:\Users\ADMIN\AppData\Local\Arduino15\packages\arduino\hardware\sam\1.6.12\variants\arduino_due_x/libsam_sam3x8e_gcc_rel.a(uotghs_device.o)
                0x00083bfc                UDD_FifoByteCount
 .text.UDD_ReleaseRX
                0x00083c10       0x28 C:\Users\ADMIN\AppData\Local\Arduino15\packages\arduino\hardware\sam\1.6.12\variants\arduino_due_x/libsam_sam3x8e_gcc_rel.a(uotghs_device.o)
                0x00083c10                UDD_ReleaseRX
 .text.UDD_ReleaseTX
                0x00083c38       0x28 C:\Users\ADMIN\AppData\Local\Arduino15\packages\arduino\hardware\sam\1.6.12\variants\arduino_due_x/libsam_sam3x8e_gcc_rel.a(uotghs_device.o)
                0x00083c38                UDD_ReleaseTX
 .text.UDD_SetAddress
                0x00083c60       0x20 C:\Users\ADMIN\AppData\Local\Arduino15\packages\arduino\hardware\sam\1.6.12\variants\arduino_due_x/libsam_sam3x8e_gcc_rel.a(uotghs_device.o)
                0x00083c60                UDD_SetAddress
 .text.dacc_reset
                0x00083c80        0x6 C:\Users\ADMIN\AppData\Local\Arduino15\packages\arduino\hardware\sam\1.6.12\variants\arduino_due_x/libsam_sam3x8e_gcc_rel.a(dacc.o)
                0x00083c80                dacc_reset
 .text.dacc_set_transfer_mode
                0x00083c86       0x14 C:\Users\ADMIN\AppData\Local\Arduino15\packages\arduino\hardware\sam\1.6.12\variants\arduino_due_x/libsam_sam3x8e_gcc_rel.a(dacc.o)
                0x00083c86                dacc_set_transfer_mode
 .text.dacc_get_interrupt_status
                0x00083c9a        0x4 C:\Users\ADMIN\AppData\Local\Arduino15\packages\arduino\hardware\sam\1.6.12\variants\arduino_due_x/libsam_sam3x8e_gcc_rel.a(dacc.o)
                0x00083c9a                dacc_get_interrupt_status
 .text.dacc_write_conversion_data
                0x00083c9e        0x4 C:\Users\ADMIN\AppData\Local\Arduino15\packages\arduino\hardware\sam\1.6.12\variants\arduino_due_x/libsam_sam3x8e_gcc_rel.a(dacc.o)
                0x00083c9e                dacc_write_conversion_data
 .text.dacc_set_channel_selection
                0x00083ca2       0x18 C:\Users\ADMIN\AppData\Local\Arduino15\packages\arduino\hardware\sam\1.6.12\variants\arduino_due_x/libsam_sam3x8e_gcc_rel.a(dacc.o)
                0x00083ca2                dacc_set_channel_selection
 .text.dacc_set_power_save
                0x00083cba       0x24 C:\Users\ADMIN\AppData\Local\Arduino15\packages\arduino\hardware\sam\1.6.12\variants\arduino_due_x/libsam_sam3x8e_gcc_rel.a(dacc.o)
                0x00083cba                dacc_set_power_save
 .text.dacc_set_timing
                0x00083cde       0x2c C:\Users\ADMIN\AppData\Local\Arduino15\packages\arduino\hardware\sam\1.6.12\variants\arduino_due_x/libsam_sam3x8e_gcc_rel.a(dacc.o)
                0x00083cde                dacc_set_timing
 .text.dacc_enable_channel
                0x00083d0a       0x12 C:\Users\ADMIN\AppData\Local\Arduino15\packages\arduino\hardware\sam\1.6.12\variants\arduino_due_x/libsam_sam3x8e_gcc_rel.a(dacc.o)
                0x00083d0a                dacc_enable_channel
 .text.dacc_get_channel_status
                0x00083d1c        0x4 C:\Users\ADMIN\AppData\Local\Arduino15\packages\arduino\hardware\sam\1.6.12\variants\arduino_due_x/libsam_sam3x8e_gcc_rel.a(dacc.o)
                0x00083d1c                dacc_get_channel_status
 .text.dacc_set_analog_control
                0x00083d20        0x8 C:\Users\ADMIN\AppData\Local\Arduino15\packages\arduino\hardware\sam\1.6.12\variants\arduino_due_x/libsam_sam3x8e_gcc_rel.a(dacc.o)
                0x00083d20                dacc_set_analog_control
 .text          0x00083d28      0x21c c:/users/admin/appdata/local/arduino15/packages/arduino/tools/arm-none-eabi-gcc/4.8.3-2014q1/bin/../lib/gcc/arm-none-eabi/4.8.3/armv7-m\libgcc.a(_arm_addsubsf3.o)
                0x00083d28                __aeabi_frsub
                0x00083d30                __subsf3
                0x00083d30                __aeabi_fsub
                0x00083d34                __aeabi_fadd
                0x00083d34                __addsf3
                0x00083e94                __aeabi_ui2f
                0x00083e94                __floatunsisf
                0x00083e9c                __aeabi_i2f
                0x00083e9c                __floatsisf
                0x00083eb8                __aeabi_ul2f
                0x00083eb8                __floatundisf
                0x00083ec8                __aeabi_l2f
                0x00083ec8                __floatdisf
 .text          0x00083f44      0x2a0 c:/users/admin/appdata/local/arduino15/packages/arduino/tools/arm-none-eabi-gcc/4.8.3-2014q1/bin/../lib/gcc/arm-none-eabi/4.8.3/armv7-m\libgcc.a(_arm_muldivsf3.o)
                0x00083f44                __mulsf3
                0x00083f44                __aeabi_fmul
                0x000840ac                __aeabi_fdiv
                0x000840ac                __divsf3
 .text          0x000841e4       0xec c:/users/admin/appdata/local/arduino15/packages/arduino/tools/arm-none-eabi-gcc/4.8.3-2014q1/bin/../lib/gcc/arm-none-eabi/4.8.3/armv7-m\libgcc.a(_arm_cmpsf2.o)
                0x000841e4                __gesf2
                0x000841e4                __gtsf2
                0x000841ec                __lesf2
                0x000841ec                __ltsf2
                0x000841f4                __nesf2
                0x000841f4                __eqsf2
                0x000841f4                __cmpsf2
                0x00084254                __aeabi_cfrcmple
                0x0008425c                __aeabi_cfcmpeq
                0x0008425c                __aeabi_cfcmple
                0x0008426c                __aeabi_fcmpeq
                0x00084280                __aeabi_fcmplt
                0x00084294                __aeabi_fcmple
                0x000842a8                __aeabi_fcmpge
                0x000842bc                __aeabi_fcmpgt
 .text          0x000842d0       0x4c c:/users/admin/appdata/local/arduino15/packages/arduino/tools/arm-none-eabi-gcc/4.8.3-2014q1/bin/../lib/gcc/arm-none-eabi/4.8.3/armv7-m\libgcc.a(_arm_fixsfsi.o)
                0x000842d0                __aeabi_f2iz
                0x000842d0                __fixsfsi
 .text.__aeabi_atexit
                0x0008431c        0xc c:/users/admin/appdata/local/arduino15/packages/arduino/tools/arm-none-eabi-gcc/4.8.3-2014q1/bin/../lib/gcc/arm-none-eabi/4.8.3/../../../../arm-none-eabi/lib/armv7-m\libc.a(lib_a-aeabi_atexit.o)
                0x0008431c                __aeabi_atexit
 .text.__assert_func
                0x00084328       0x3c c:/users/admin/appdata/local/arduino15/packages/arduino/tools/arm-none-eabi-gcc/4.8.3-2014q1/bin/../lib/gcc/arm-none-eabi/4.8.3/../../../../arm-none-eabi/lib/armv7-m\libc.a(lib_a-assert.o)
                0x00084328                __assert_func
 .text.__cxa_atexit
                0x00084364       0x14 c:/users/admin/appdata/local/arduino15/packages/arduino/tools/arm-none-eabi-gcc/4.8.3-2014q1/bin/../lib/gcc/arm-none-eabi/4.8.3/../../../../arm-none-eabi/lib/armv7-m\libc.a(lib_a-cxa_atexit.o)
                0x00084364                __cxa_atexit
 .text.fiprintf
                0x00084378       0x28 c:/users/admin/appdata/local/arduino15/packages/arduino/tools/arm-none-eabi-gcc/4.8.3-2014q1/bin/../lib/gcc/arm-none-eabi/4.8.3/../../../../arm-none-eabi/lib/armv7-m\libc.a(lib_a-fiprintf.o)
                0x00084378                fiprintf
 .text.__libc_init_array
                0x000843a0       0x50 c:/users/admin/appdata/local/arduino15/packages/arduino/tools/arm-none-eabi-gcc/4.8.3-2014q1/bin/../lib/gcc/arm-none-eabi/4.8.3/../../../../arm-none-eabi/lib/armv7-m\libc.a(lib_a-init.o)
                0x000843a0                __libc_init_array
 .text.malloc   0x000843f0       0x10 c:/users/admin/appdata/local/arduino15/packages/arduino/tools/arm-none-eabi-gcc/4.8.3-2014q1/bin/../lib/gcc/arm-none-eabi/4.8.3/../../../../arm-none-eabi/lib/armv7-m\libc.a(lib_a-malloc.o)
                0x000843f0                malloc
 .text.free     0x00084400       0x10 c:/users/admin/appdata/local/arduino15/packages/arduino/tools/arm-none-eabi-gcc/4.8.3-2014q1/bin/../lib/gcc/arm-none-eabi/4.8.3/../../../../arm-none-eabi/lib/armv7-m\libc.a(lib_a-malloc.o)
                0x00084400                free
 .text._malloc_r
                0x00084410      0x538 c:/users/admin/appdata/local/arduino15/packages/arduino/tools/arm-none-eabi-gcc/4.8.3-2014q1/bin/../lib/gcc/arm-none-eabi/4.8.3/../../../../arm-none-eabi/lib/armv7-m\libc.a(lib_a-mallocr.o)
                0x00084410                _malloc_r
 .text.memset   0x00084948       0x94 c:/users/admin/appdata/local/arduino15/packages/arduino/tools/arm-none-eabi-gcc/4.8.3-2014q1/bin/../lib/gcc/arm-none-eabi/4.8.3/../../../../arm-none-eabi/lib/armv7-m\libc.a(lib_a-memset.o)
                0x00084948                memset
 .text.__malloc_lock
                0x000849dc        0x4 c:/users/admin/appdata/local/arduino15/packages/arduino/tools/arm-none-eabi-gcc/4.8.3-2014q1/bin/../lib/gcc/arm-none-eabi/4.8.3/../../../../arm-none-eabi/lib/armv7-m\libc.a(lib_a-mlock.o)
                0x000849dc                __malloc_lock
 .text.__malloc_unlock
                0x000849e0        0x4 c:/users/admin/appdata/local/arduino15/packages/arduino/tools/arm-none-eabi-gcc/4.8.3-2014q1/bin/../lib/gcc/arm-none-eabi/4.8.3/../../../../arm-none-eabi/lib/armv7-m\libc.a(lib_a-mlock.o)
                0x000849e0                __malloc_unlock
 .text.realloc  0x000849e4       0x10 c:/users/admin/appdata/local/arduino15/packages/arduino/tools/arm-none-eabi-gcc/4.8.3-2014q1/bin/../lib/gcc/arm-none-eabi/4.8.3/../../../../arm-none-eabi/lib/armv7-m\libc.a(lib_a-realloc.o)
                0x000849e4                realloc
 .text._realloc_r
                0x000849f4      0x3c0 c:/users/admin/appdata/local/arduino15/packages/arduino/tools/arm-none-eabi-gcc/4.8.3-2014q1/bin/../lib/gcc/arm-none-eabi/4.8.3/../../../../arm-none-eabi/lib/armv7-m\libc.a(lib_a-reallocr.o)
                0x000849f4                _realloc_r
 .text._sbrk_r  0x00084db4       0x24 c:/users/admin/appdata/local/arduino15/packages/arduino/tools/arm-none-eabi-gcc/4.8.3-2014q1/bin/../lib/gcc/arm-none-eabi/4.8.3/../../../../arm-none-eabi/lib/armv7-m\libc.a(lib_a-sbrkr.o)
                0x00084db4                _sbrk_r
 .text.strlen   0x00084dd8       0x60 c:/users/admin/appdata/local/arduino15/packages/arduino/tools/arm-none-eabi-gcc/4.8.3-2014q1/bin/../lib/gcc/arm-none-eabi/4.8.3/../../../../arm-none-eabi/lib/armv7-m\libc.a(lib_a-strlen.o)
                0x00084dd8                strlen
 .text.kill     0x00084e38       0x10 c:/users/admin/appdata/local/arduino15/packages/arduino/tools/arm-none-eabi-gcc/4.8.3-2014q1/bin/../lib/gcc/arm-none-eabi/4.8.3/../../../../arm-none-eabi/lib/armv7-m\libc.a(lib_a-syskill.o)
                0x00084e38                kill
 .text.__sprint_r.part.0
                0x00084e48       0x78 c:/users/admin/appdata/local/arduino15/packages/arduino/tools/arm-none-eabi-gcc/4.8.3-2014q1/bin/../lib/gcc/arm-none-eabi/4.8.3/../../../../arm-none-eabi/lib/armv7-m\libc.a(lib_a-vfiprintf.o)
 .text._vfiprintf_r
                0x00084ec0      0xc54 c:/users/admin/appdata/local/arduino15/packages/arduino/tools/arm-none-eabi-gcc/4.8.3-2014q1/bin/../lib/gcc/arm-none-eabi/4.8.3/../../../../arm-none-eabi/lib/armv7-m\libc.a(lib_a-vfiprintf.o)
                0x00084ec0                _vfiprintf_r
 .text.__sbprintf
                0x00085b14       0x7c c:/users/admin/appdata/local/arduino15/packages/arduino/tools/arm-none-eabi-gcc/4.8.3-2014q1/bin/../lib/gcc/arm-none-eabi/4.8.3/../../../../arm-none-eabi/lib/armv7-m\libc.a(lib_a-vfiprintf.o)
 .text.__swsetup_r
                0x00085b90       0xc4 c:/users/admin/appdata/local/arduino15/packages/arduino/tools/arm-none-eabi-gcc/4.8.3-2014q1/bin/../lib/gcc/arm-none-eabi/4.8.3/../../../../arm-none-eabi/lib/armv7-m\libc.a(lib_a-wsetup.o)
                0x00085b90                __swsetup_r
 .text.__register_exitproc
                0x00085c54       0xa8 c:/users/admin/appdata/local/arduino15/packages/arduino/tools/arm-none-eabi-gcc/4.8.3-2014q1/bin/../lib/gcc/arm-none-eabi/4.8.3/../../../../arm-none-eabi/lib/armv7-m\libc.a(lib_a-__atexit.o)
                0x00085c54                __register_exitproc
 .text.startup.register_fini
                0x00085cfc       0x14 c:/users/admin/appdata/local/arduino15/packages/arduino/tools/arm-none-eabi-gcc/4.8.3-2014q1/bin/../lib/gcc/arm-none-eabi/4.8.3/../../../../arm-none-eabi/lib/armv7-m\libc.a(lib_a-__call_atexit.o)
 .text.abort    0x00085d10       0x10 c:/users/admin/appdata/local/arduino15/packages/arduino/tools/arm-none-eabi-gcc/4.8.3-2014q1/bin/../lib/gcc/arm-none-eabi/4.8.3/../../../../arm-none-eabi/lib/armv7-m\libc.a(lib_a-abort.o)
                0x00085d10                abort
 .text.atexit   0x00085d20        0xc c:/users/admin/appdata/local/arduino15/packages/arduino/tools/arm-none-eabi-gcc/4.8.3-2014q1/bin/../lib/gcc/arm-none-eabi/4.8.3/../../../../arm-none-eabi/lib/armv7-m\libc.a(lib_a-atexit.o)
                0x00085d20                atexit
 .text.__sflush_r
                0x00085d2c      0x148 c:/users/admin/appdata/local/arduino15/packages/arduino/tools/arm-none-eabi-gcc/4.8.3-2014q1/bin/../lib/gcc/arm-none-eabi/4.8.3/../../../../arm-none-eabi/lib/armv7-m\libc.a(lib_a-fflush.o)
                0x00085d2c                __sflush_r
 .text._fflush_r
                0x00085e74       0x2c c:/users/admin/appdata/local/arduino15/packages/arduino/tools/arm-none-eabi-gcc/4.8.3-2014q1/bin/../lib/gcc/arm-none-eabi/4.8.3/../../../../arm-none-eabi/lib/armv7-m\libc.a(lib_a-fflush.o)
                0x00085e74                _fflush_r
 .text._cleanup_r
                0x00085ea0        0xc c:/users/admin/appdata/local/arduino15/packages/arduino/tools/arm-none-eabi-gcc/4.8.3-2014q1/bin/../lib/gcc/arm-none-eabi/4.8.3/../../../../arm-none-eabi/lib/armv7-m\libc.a(lib_a-findfp.o)
                0x00085ea0                _cleanup_r
 .text.__sinit  0x00085eac       0xf4 c:/users/admin/appdata/local/arduino15/packages/arduino/tools/arm-none-eabi-gcc/4.8.3-2014q1/bin/../lib/gcc/arm-none-eabi/4.8.3/../../../../arm-none-eabi/lib/armv7-m\libc.a(lib_a-findfp.o)
                0x00085eac                __sinit
 .text.__sfp_lock_acquire
                0x00085fa0        0x4 c:/users/admin/appdata/local/arduino15/packages/arduino/tools/arm-none-eabi-gcc/4.8.3-2014q1/bin/../lib/gcc/arm-none-eabi/4.8.3/../../../../arm-none-eabi/lib/armv7-m\libc.a(lib_a-findfp.o)
                0x00085fa0                __sfp_lock_acquire
 .text.__sfp_lock_release
                0x00085fa4        0x4 c:/users/admin/appdata/local/arduino15/packages/arduino/tools/arm-none-eabi-gcc/4.8.3-2014q1/bin/../lib/gcc/arm-none-eabi/4.8.3/../../../../arm-none-eabi/lib/armv7-m\libc.a(lib_a-findfp.o)
                0x00085fa4                __sfp_lock_release
 .text.__libc_fini_array
                0x00085fa8       0x30 c:/users/admin/appdata/local/arduino15/packages/arduino/tools/arm-none-eabi-gcc/4.8.3-2014q1/bin/../lib/gcc/arm-none-eabi/4.8.3/../../../../arm-none-eabi/lib/armv7-m\libc.a(lib_a-fini.o)
                0x00085fa8                __libc_fini_array
 .text._fputwc_r
                0x00085fd8       0xc0 c:/users/admin/appdata/local/arduino15/packages/arduino/tools/arm-none-eabi-gcc/4.8.3-2014q1/bin/../lib/gcc/arm-none-eabi/4.8.3/../../../../arm-none-eabi/lib/armv7-m\libc.a(lib_a-fputwc.o)
                0x00085fd8                _fputwc_r
 .text._malloc_trim_r
                0x00086098       0x9c c:/users/admin/appdata/local/arduino15/packages/arduino/tools/arm-none-eabi-gcc/4.8.3-2014q1/bin/../lib/gcc/arm-none-eabi/4.8.3/../../../../arm-none-eabi/lib/armv7-m\libc.a(lib_a-freer.o)
                0x00086098                _malloc_trim_r
 .text._free_r  0x00086134      0x198 c:/users/admin/appdata/local/arduino15/packages/arduino/tools/arm-none-eabi-gcc/4.8.3-2014q1/bin/../lib/gcc/arm-none-eabi/4.8.3/../../../../arm-none-eabi/lib/armv7-m\libc.a(lib_a-freer.o)
                0x00086134                _free_r
 .text.__sfvwrite_r
                0x000862cc      0x314 c:/users/admin/appdata/local/arduino15/packages/arduino/tools/arm-none-eabi-gcc/4.8.3-2014q1/bin/../lib/gcc/arm-none-eabi/4.8.3/../../../../arm-none-eabi/lib/armv7-m\libc.a(lib_a-fvwrite.o)
                0x000862cc                __sfvwrite_r
 .text._fwalk   0x000865e0       0x48 c:/users/admin/appdata/local/arduino15/packages/arduino/tools/arm-none-eabi-gcc/4.8.3-2014q1/bin/../lib/gcc/arm-none-eabi/4.8.3/../../../../arm-none-eabi/lib/armv7-m\libc.a(lib_a-fwalk.o)
                0x000865e0                _fwalk
 .text.__locale_charset
                0x00086628        0x8 c:/users/admin/appdata/local/arduino15/packages/arduino/tools/arm-none-eabi-gcc/4.8.3-2014q1/bin/../lib/gcc/arm-none-eabi/4.8.3/../../../../arm-none-eabi/lib/armv7-m\libc.a(lib_a-locale.o)
                0x00086628                __locale_charset
 .text.__locale_mb_cur_max
                0x00086630        0xc c:/users/admin/appdata/local/arduino15/packages/arduino/tools/arm-none-eabi-gcc/4.8.3-2014q1/bin/../lib/gcc/arm-none-eabi/4.8.3/../../../../arm-none-eabi/lib/armv7-m\libc.a(lib_a-locale.o)
                0x00086630                __locale_mb_cur_max
 .text.__smakebuf_r
                0x0008663c       0xe0 c:/users/admin/appdata/local/arduino15/packages/arduino/tools/arm-none-eabi-gcc/4.8.3-2014q1/bin/../lib/gcc/arm-none-eabi/4.8.3/../../../../arm-none-eabi/lib/armv7-m\libc.a(lib_a-makebuf.o)
                0x0008663c                __smakebuf_r
 .text.memchr   0x0008671c       0x94 c:/users/admin/appdata/local/arduino15/packages/arduino/tools/arm-none-eabi-gcc/4.8.3-2014q1/bin/../lib/gcc/arm-none-eabi/4.8.3/../../../../arm-none-eabi/lib/armv7-m\libc.a(lib_a-memchr-stub.o)
                0x0008671c                memchr
 .text          0x000867b0       0xec c:/users/admin/appdata/local/arduino15/packages/arduino/tools/arm-none-eabi-gcc/4.8.3-2014q1/bin/../lib/gcc/arm-none-eabi/4.8.3/../../../../arm-none-eabi/lib/armv7-m\libc.a(lib_a-memcpy.o)
                0x000867b0                memcpy
 .text.memmove  0x0008689c       0xcc c:/users/admin/appdata/local/arduino15/packages/arduino/tools/arm-none-eabi-gcc/4.8.3-2014q1/bin/../lib/gcc/arm-none-eabi/4.8.3/../../../../arm-none-eabi/lib/armv7-m\libc.a(lib_a-memmove.o)
                0x0008689c                memmove
 .text._raise_r
                0x00086968       0x58 c:/users/admin/appdata/local/arduino15/packages/arduino/tools/arm-none-eabi-gcc/4.8.3-2014q1/bin/../lib/gcc/arm-none-eabi/4.8.3/../../../../arm-none-eabi/lib/armv7-m\libc.a(lib_a-signal.o)
                0x00086968                _raise_r
 .text.raise    0x000869c0       0x10 c:/users/admin/appdata/local/arduino15/packages/arduino/tools/arm-none-eabi-gcc/4.8.3-2014q1/bin/../lib/gcc/arm-none-eabi/4.8.3/../../../../arm-none-eabi/lib/armv7-m\libc.a(lib_a-signal.o)
                0x000869c0                raise
 .text._kill_r  0x000869d0       0x28 c:/users/admin/appdata/local/arduino15/packages/arduino/tools/arm-none-eabi-gcc/4.8.3-2014q1/bin/../lib/gcc/arm-none-eabi/4.8.3/../../../../arm-none-eabi/lib/armv7-m\libc.a(lib_a-signalr.o)
                0x000869d0                _kill_r
 .text._getpid_r
                0x000869f8        0x4 c:/users/admin/appdata/local/arduino15/packages/arduino/tools/arm-none-eabi-gcc/4.8.3-2014q1/bin/../lib/gcc/arm-none-eabi/4.8.3/../../../../arm-none-eabi/lib/armv7-m\libc.a(lib_a-signalr.o)
                0x000869f8                _getpid_r
 .text.__sread  0x000869fc       0x24 c:/users/admin/appdata/local/arduino15/packages/arduino/tools/arm-none-eabi-gcc/4.8.3-2014q1/bin/../lib/gcc/arm-none-eabi/4.8.3/../../../../arm-none-eabi/lib/armv7-m\libc.a(lib_a-stdio.o)
                0x000869fc                __sread
 .text.__swrite
                0x00086a20       0x38 c:/users/admin/appdata/local/arduino15/packages/arduino/tools/arm-none-eabi-gcc/4.8.3-2014q1/bin/../lib/gcc/arm-none-eabi/4.8.3/../../../../arm-none-eabi/lib/armv7-m\libc.a(lib_a-stdio.o)
                0x00086a20                __swrite
 .text.__sseek  0x00086a58       0x20 c:/users/admin/appdata/local/arduino15/packages/arduino/tools/arm-none-eabi-gcc/4.8.3-2014q1/bin/../lib/gcc/arm-none-eabi/4.8.3/../../../../arm-none-eabi/lib/armv7-m\libc.a(lib_a-stdio.o)
                0x00086a58                __sseek
 .text.__sclose
                0x00086a78        0x8 c:/users/admin/appdata/local/arduino15/packages/arduino/tools/arm-none-eabi-gcc/4.8.3-2014q1/bin/../lib/gcc/arm-none-eabi/4.8.3/../../../../arm-none-eabi/lib/armv7-m\libc.a(lib_a-stdio.o)
                0x00086a78                __sclose
 .text.__swbuf_r
                0x00086a80       0xa8 c:/users/admin/appdata/local/arduino15/packages/arduino/tools/arm-none-eabi-gcc/4.8.3-2014q1/bin/../lib/gcc/arm-none-eabi/4.8.3/../../../../arm-none-eabi/lib/armv7-m\libc.a(lib_a-wbuf.o)
                0x00086a80                __swbuf_r
 .text._wcrtomb_r
                0x00086b28       0x50 c:/users/admin/appdata/local/arduino15/packages/arduino/tools/arm-none-eabi-gcc/4.8.3-2014q1/bin/../lib/gcc/arm-none-eabi/4.8.3/../../../../arm-none-eabi/lib/armv7-m\libc.a(lib_a-wcrtomb.o)
                0x00086b28                _wcrtomb_r
 .text.__ascii_wctomb
                0x00086b78       0x1c c:/users/admin/appdata/local/arduino15/packages/arduino/tools/arm-none-eabi-gcc/4.8.3-2014q1/bin/../lib/gcc/arm-none-eabi/4.8.3/../../../../arm-none-eabi/lib/armv7-m\libc.a(lib_a-wctomb_r.o)
                0x00086b78                __ascii_wctomb
 .text._write_r
                0x00086b94       0x28 c:/users/admin/appdata/local/arduino15/packages/arduino/tools/arm-none-eabi-gcc/4.8.3-2014q1/bin/../lib/gcc/arm-none-eabi/4.8.3/../../../../arm-none-eabi/lib/armv7-m\libc.a(lib_a-writer.o)
                0x00086b94                _write_r
 .text._close_r
                0x00086bbc       0x24 c:/users/admin/appdata/local/arduino15/packages/arduino/tools/arm-none-eabi-gcc/4.8.3-2014q1/bin/../lib/gcc/arm-none-eabi/4.8.3/../../../../arm-none-eabi/lib/armv7-m\libc.a(lib_a-closer.o)
                0x00086bbc                _close_r
 .text._fclose_r
                0x00086be0       0x80 c:/users/admin/appdata/local/arduino15/packages/arduino/tools/arm-none-eabi-gcc/4.8.3-2014q1/bin/../lib/gcc/arm-none-eabi/4.8.3/../../../../arm-none-eabi/lib/armv7-m\libc.a(lib_a-fclose.o)
                0x00086be0                _fclose_r
 .text.fclose   0x00086c60       0x10 c:/users/admin/appdata/local/arduino15/packages/arduino/tools/arm-none-eabi-gcc/4.8.3-2014q1/bin/../lib/gcc/arm-none-eabi/4.8.3/../../../../arm-none-eabi/lib/armv7-m\libc.a(lib_a-fclose.o)
                0x00086c60                fclose
 .text._fstat_r
                0x00086c70       0x28 c:/users/admin/appdata/local/arduino15/packages/arduino/tools/arm-none-eabi-gcc/4.8.3-2014q1/bin/../lib/gcc/arm-none-eabi/4.8.3/../../../../arm-none-eabi/lib/armv7-m\libc.a(lib_a-fstatr.o)
                0x00086c70                _fstat_r
 .text._isatty_r
                0x00086c98       0x24 c:/users/admin/appdata/local/arduino15/packages/arduino/tools/arm-none-eabi-gcc/4.8.3-2014q1/bin/../lib/gcc/arm-none-eabi/4.8.3/../../../../arm-none-eabi/lib/armv7-m\libc.a(lib_a-isattyr.o)
                0x00086c98                _isatty_r
 .text._lseek_r
                0x00086cbc       0x28 c:/users/admin/appdata/local/arduino15/packages/arduino/tools/arm-none-eabi-gcc/4.8.3-2014q1/bin/../lib/gcc/arm-none-eabi/4.8.3/../../../../arm-none-eabi/lib/armv7-m\libc.a(lib_a-lseekr.o)
                0x00086cbc                _lseek_r
 .text._read_r  0x00086ce4       0x28 c:/users/admin/appdata/local/arduino15/packages/arduino/tools/arm-none-eabi-gcc/4.8.3-2014q1/bin/../lib/gcc/arm-none-eabi/4.8.3/../../../../arm-none-eabi/lib/armv7-m\libc.a(lib_a-readr.o)
                0x00086ce4                _read_r
 .text          0x00086d0c       0x2c c:/users/admin/appdata/local/arduino15/packages/arduino/tools/arm-none-eabi-gcc/4.8.3-2014q1/bin/../lib/gcc/arm-none-eabi/4.8.3/armv7-m\libgcc.a(_aeabi_uldivmod.o)
                0x00086d0c                __aeabi_uldivmod
 .text          0x00086d38       0x60 c:/users/admin/appdata/local/arduino15/packages/arduino/tools/arm-none-eabi-gcc/4.8.3-2014q1/bin/../lib/gcc/arm-none-eabi/4.8.3/armv7-m\libgcc.a(bpabi.o)
                0x00086d38                __gnu_ldivmod_helper
                0x00086d68                __gnu_uldivmod_helper
 .text          0x00086d98        0x4 c:/users/admin/appdata/local/arduino15/packages/arduino/tools/arm-none-eabi-gcc/4.8.3-2014q1/bin/../lib/gcc/arm-none-eabi/4.8.3/armv7-m\libgcc.a(_dvmd_tls.o)
                0x00086d98                __aeabi_idiv0
                0x00086d98                __aeabi_ldiv0
 .text          0x00086d9c      0x2a0 c:/users/admin/appdata/local/arduino15/packages/arduino/tools/arm-none-eabi-gcc/4.8.3-2014q1/bin/../lib/gcc/arm-none-eabi/4.8.3/armv7-m\libgcc.a(_divdi3.o)
                0x00086d9c                __divdi3
 .text          0x0008703c      0x290 c:/users/admin/appdata/local/arduino15/packages/arduino/tools/arm-none-eabi-gcc/4.8.3-2014q1/bin/../lib/gcc/arm-none-eabi/4.8.3/armv7-m\libgcc.a(_udivdi3.o)
                0x0008703c                __udivdi3
 *(.glue_7t)
 .glue_7t       0x00000000        0x0 linker stubs
 *(.glue_7)
 .glue_7        0x00000000        0x0 linker stubs
 *(.rodata .rodata* .gnu.linkonce.r.*)
 .rodata._ZL10QUAD_TABLE
                0x000872cc       0x10 C:\Users\ADMIN\Documents\GitHub\linerescue\build\sketch\encoders.cpp.o
 .rodata.str1.1
                0x000872dc       0x12 C:\Users\ADMIN\Documents\GitHub\linerescue\build\sketch\linerescue.ino.cpp.o
 *fill*         0x000872ee        0x2 
 .rodata        0x000872f0       0x40 C:\Users\ADMIN\Documents\GitHub\linerescue\build\sketch\motores.cpp.o
 .rodata._ZL11SENSOR_PINS
                0x00087330        0x8 C:\Users\ADMIN\Documents\GitHub\linerescue\build\sketch\sensores.cpp.o
 .rodata.str1.1
                0x00087338       0x43 C:\Users\ADMIN\Documents\GitHub\linerescue\build\sketch\sensores.cpp.o
                                 0x45 (size before relaxing)
 *fill*         0x0008737b        0x5 
 .rodata._ZTV7TwoWire
                0x00087380       0x20 C:\Users\ADMIN\Documents\GitHub\linerescue\build\libraries\Wire\Wire.cpp.o
                0x00087380                vtable for TwoWire
 .rodata.g_APinDescription
                0x000873a0      0xa2c C:\Users\ADMIN\Documents\GitHub\linerescue\build\core\variant.cpp.o
                0x000873a0                g_APinDescription
 .rodata.__func__.7227
                0x00087dcc        0xe C:\Users\ADMIN\AppData\Local\Arduino15\packages\arduino\hardware\sam\1.6.12\variants\arduino_due_x/libsam_sam3x8e_gcc_rel.a(twi.o)
 .rodata.__func__.7157
                0x00087dda        0xd C:\Users\ADMIN\AppData\Local\Arduino15\packages\arduino\hardware\sam\1.6.12\variants\arduino_due_x/libsam_sam3x8e_gcc_rel.a(twi.o)
 .rodata.__func__.7208
                0x00087de7        0xf C:\Users\ADMIN\AppData\Local\Arduino15\packages\arduino\hardware\sam\1.6.12\variants\arduino_due_x/libsam_sam3x8e_gcc_rel.a(twi.o)
 .rodata.__func__.7176
                0x00087df6        0xc C:\Users\ADMIN\AppData\Local\Arduino15\packages\arduino\hardware\sam\1.6.12\variants\arduino_due_x/libsam_sam3x8e_gcc_rel.a(twi.o)
 .rodata.str1.1
                0x00087e02       0xb4 C:\Users\ADMIN\AppData\Local\Arduino15\packages\arduino\hardware\sam\1.6.12\variants\arduino_due_x/libsam_sam3x8e_gcc_rel.a(twi.o)
 .rodata.__func__.7184
                0x00087eb6        0x9 C:\Users\ADMIN\AppData\Local\Arduino15\packages\arduino\hardware\sam\1.6.12\variants\arduino_due_x/libsam_sam3x8e_gcc_rel.a(twi.o)
 .rodata.__func__.7240
                0x00087ebf       0x16 C:\Users\ADMIN\AppData\Local\Arduino15\packages\arduino\hardware\sam\1.6.12\variants\arduino_due_x/libsam_sam3x8e_gcc_rel.a(twi.o)
 .rodata.__func__.7191
                0x00087ed5        0xe C:\Users\ADMIN\AppData\Local\Arduino15\packages\arduino\hardware\sam\1.6.12\variants\arduino_due_x/libsam_sam3x8e_gcc_rel.a(twi.o)
 .rodata.__func__.7231
                0x00087ee3        0xe C:\Users\ADMIN\AppData\Local\Arduino15\packages\arduino\hardware\sam\1.6.12\variants\arduino_due_x/libsam_sam3x8e_gcc_rel.a(twi.o)
 .rodata.__func__.7195
                0x00087ef1        0xd C:\Users\ADMIN\AppData\Local\Arduino15\packages\arduino\hardware\sam\1.6.12\variants\arduino_due_x/libsam_sam3x8e_gcc_rel.a(twi.o)
 .rodata.__func__.7222
                0x00087efe        0xd C:\Users\ADMIN\AppData\Local\Arduino15\packages\arduino\hardware\sam\1.6.12\variants\arduino_due_x/libsam_sam3x8e_gcc_rel.a(twi.o)
 .rodata.__func__.7200
                0x00087f0b        0xe C:\Users\ADMIN\AppData\Local\Arduino15\packages\arduino\hardware\sam\1.6.12\variants\arduino_due_x/libsam_sam3x8e_gcc_rel.a(twi.o)
 .rodata.__func__.7151
                0x00087f19       0x14 C:\Users\ADMIN\AppData\Local\Arduino15\packages\arduino\hardware\sam\1.6.12\variants\arduino_due_x/libsam_sam3x8e_gcc_rel.a(twi.o)
 *fill*         0x00087f2d        0x3 
 .rodata        0x00087f30       0x40 C:\Users\ADMIN\AppData\Local\Arduino15\packages\arduino\hardware\sam\1.6.12\variants\arduino_due_x/libsam_sam3x8e_gcc_rel.a(adc.o)
 .rodata.str1.1
                0x00087f70        0xf C:\Users\ADMIN\Documents\GitHub\linerescue\build/core\core.a(Print.cpp.o)
 *fill*         0x00087f7f        0x1 
 .rodata._ZTV9UARTClass
                0x00087f80       0x30 C:\Users\ADMIN\Documents\GitHub\linerescue\build/core\core.a(UARTClass.cpp.o)
                0x00087f80                vtable for UARTClass
 .rodata._ZTV10USARTClass
                0x00087fb0       0x30 C:\Users\ADMIN\Documents\GitHub\linerescue\build/core\core.a(USARTClass.cpp.o)
                0x00087fb0                vtable for USARTClass
 .rodata.channelToId.9433
                0x00087fe0       0x48 C:\Users\ADMIN\Documents\GitHub\linerescue\build/core\core.a(wiring_analog.c.o)
 .rodata.channelToTC.9432
                0x00088028       0x48 C:\Users\ADMIN\Documents\GitHub\linerescue\build/core\core.a(wiring_analog.c.o)
 .rodata.channelToChNo.9430
                0x00088070       0x48 C:\Users\ADMIN\Documents\GitHub\linerescue\build/core\core.a(wiring_analog.c.o)
 .rodata.channelToAB.9431
                0x000880b8       0x48 C:\Users\ADMIN\Documents\GitHub\linerescue\build/core\core.a(wiring_analog.c.o)
 .rodata.STRING_PRODUCT
                0x00088100        0xc C:\Users\ADMIN\Documents\GitHub\linerescue\build/core\core.a(USBCore.cpp.o)
                0x00088100                STRING_PRODUCT
 .rodata.USB_DeviceDescriptor
                0x0008810c       0x12 C:\Users\ADMIN\Documents\GitHub\linerescue\build/core\core.a(USBCore.cpp.o)
                0x0008810c                USB_DeviceDescriptor
 .rodata.STRING_LANGUAGE
                0x0008811e        0x4 C:\Users\ADMIN\Documents\GitHub\linerescue\build/core\core.a(USBCore.cpp.o)
                0x0008811e                STRING_LANGUAGE
 .rodata._ZL18test_packet_buffer
                0x00088122       0x35 C:\Users\ADMIN\Documents\GitHub\linerescue\build/core\core.a(USBCore.cpp.o)
 .rodata.STRING_MANUFACTURER
                0x00088157        0xc C:\Users\ADMIN\Documents\GitHub\linerescue\build/core\core.a(USBCore.cpp.o)
                0x00088157                STRING_MANUFACTURER
 .rodata.USB_DeviceDescriptorA
                0x00088163       0x12 C:\Users\ADMIN\Documents\GitHub\linerescue\build/core\core.a(USBCore.cpp.o)
                0x00088163                USB_DeviceDescriptorA
 .rodata._ZL19USB_DeviceQualifier
                0x00088175        0x9 C:\Users\ADMIN\Documents\GitHub\linerescue\build/core\core.a(USBCore.cpp.o)
 *fill*         0x0008817e        0x2 
 .rodata._ZTV7Serial_
                0x00088180       0x28 C:\Users\ADMIN\Documents\GitHub\linerescue\build/core\core.a(CDC.cpp.o)
                0x00088180                vtable for Serial_
 .rodata._ZL18_cdcOtherInterface
                0x000881a8       0x42 C:\Users\ADMIN\Documents\GitHub\linerescue\build/core\core.a(CDC.cpp.o)
 .rodata._ZL13_cdcInterface
                0x000881ea       0x42 C:\Users\ADMIN\Documents\GitHub\linerescue\build/core\core.a(CDC.cpp.o)
 .rodata        0x0008822c       0x2c C:\Users\ADMIN\AppData\Local\Arduino15\packages\arduino\hardware\sam\1.6.12\variants\arduino_due_x/libsam_sam3x8e_gcc_rel.a(pwmc.o)
 .rodata.__func__.6830
                0x00088258       0x15 C:\Users\ADMIN\AppData\Local\Arduino15\packages\arduino\hardware\sam\1.6.12\variants\arduino_due_x/libsam_sam3x8e_gcc_rel.a(pwmc.o)
 .rodata.__func__.6841
                0x0008826d       0x12 C:\Users\ADMIN\AppData\Local\Arduino15\packages\arduino\hardware\sam\1.6.12\variants\arduino_due_x/libsam_sam3x8e_gcc_rel.a(pwmc.o)
 .rodata.str1.1
                0x0008827f      0x1cc C:\Users\ADMIN\AppData\Local\Arduino15\packages\arduino\hardware\sam\1.6.12\variants\arduino_due_x/libsam_sam3x8e_gcc_rel.a(pwmc.o)
 .rodata.__func__.6804
                0x0008844b       0x16 C:\Users\ADMIN\AppData\Local\Arduino15\packages\arduino\hardware\sam\1.6.12\variants\arduino_due_x/libsam_sam3x8e_gcc_rel.a(pwmc.o)
 .rodata.__func__.6793
                0x00088461       0x17 C:\Users\ADMIN\AppData\Local\Arduino15\packages\arduino\hardware\sam\1.6.12\variants\arduino_due_x/libsam_sam3x8e_gcc_rel.a(pwmc.o)
 .rodata.__func__.6792
                0x00088478        0xd C:\Users\ADMIN\AppData\Local\Arduino15\packages\arduino\hardware\sam\1.6.12\variants\arduino_due_x/libsam_sam3x8e_gcc_rel.a(tc.o)
 .rodata.str1.1
                0x00088485       0x54 C:\Users\ADMIN\AppData\Local\Arduino15\packages\arduino\hardware\sam\1.6.12\variants\arduino_due_x/libsam_sam3x8e_gcc_rel.a(tc.o)
 .rodata.__func__.6798
                0x000884d9        0x9 C:\Users\ADMIN\AppData\Local\Arduino15\packages\arduino\hardware\sam\1.6.12\variants\arduino_due_x/libsam_sam3x8e_gcc_rel.a(tc.o)
 *fill*         0x000884e2        0x2 
 .rodata.str1.4
                0x000884e4       0x3f c:/users/admin/appdata/local/arduino15/packages/arduino/tools/arm-none-eabi-gcc/4.8.3-2014q1/bin/../lib/gcc/arm-none-eabi/4.8.3/../../../../arm-none-eabi/lib/armv7-m\libc.a(lib_a-assert.o)
                                 0x44 (size before relaxing)
 *fill*         0x00088523        0x1 
 .rodata.str1.4
                0x00088524        0x2 c:/users/admin/appdata/local/arduino15/packages/arduino/tools/arm-none-eabi-gcc/4.8.3-2014q1/bin/../lib/gcc/arm-none-eabi/4.8.3/../../../../arm-none-eabi/lib/armv7-m\libc.a(lib_a-impure.o)
                                  0x4 (size before relaxing)
 *fill*         0x00088526        0x2 
 .rodata._global_impure_ptr
                0x00088528        0x4 c:/users/admin/appdata/local/arduino15/packages/arduino/tools/arm-none-eabi-gcc/4.8.3-2014q1/bin/../lib/gcc/arm-none-eabi/4.8.3/../../../../arm-none-eabi/lib/armv7-m\libc.a(lib_a-impure.o)
                0x00088528                _global_impure_ptr
 .rodata.blanks.6717
                0x0008852c       0x10 c:/users/admin/appdata/local/arduino15/packages/arduino/tools/arm-none-eabi-gcc/4.8.3-2014q1/bin/../lib/gcc/arm-none-eabi/4.8.3/../../../../arm-none-eabi/lib/armv7-m\libc.a(lib_a-vfiprintf.o)
 .rodata.str1.4
                0x0008853c       0x30 c:/users/admin/appdata/local/arduino15/packages/arduino/tools/arm-none-eabi-gcc/4.8.3-2014q1/bin/../lib/gcc/arm-none-eabi/4.8.3/../../../../arm-none-eabi/lib/armv7-m\libc.a(lib_a-vfiprintf.o)
 .rodata.zeroes.6718